[2026-04-01T07:06:28.223+0000] {local_task_job_runner.py:123} INFO - ::group::Pre task execution logs
[2026-04-01T07:06:28.297+0000] {taskinstance.py:2614} INFO - Dependencies all met for dep_context=non-requeueable deps ti=<TaskInstance: db_and_model_update.run_xgb_model_update manual__2026-03-31T20:39:38.249529+00:00 [queued]>
[2026-04-01T07:06:28.318+0000] {taskinstance.py:2614} INFO - Dependencies all met for dep_context=requeueable deps ti=<TaskInstance: db_and_model_update.run_xgb_model_update manual__2026-03-31T20:39:38.249529+00:00 [queued]>
[2026-04-01T07:06:28.320+0000] {taskinstance.py:2867} INFO - Starting attempt 1 of 1
[2026-04-01T07:06:28.349+0000] {taskinstance.py:2890} INFO - Executing <Task(PythonOperator): run_xgb_model_update> on 2026-03-31 20:39:38.249529+00:00
[2026-04-01T07:06:28.361+0000] {standard_task_runner.py:72} INFO - Started process 12497 to run task
[2026-04-01T07:06:28.365+0000] {standard_task_runner.py:104} INFO - Running: ['***', 'tasks', 'run', 'db_and_model_update', 'run_xgb_model_update', 'manual__2026-03-31T20:39:38.249529+00:00', '--job-id', '151', '--raw', '--subdir', 'DAGS_FOLDER/db_and_model_update_dag.py', '--cfg-path', '/tmp/tmpwvxur91u']
[2026-04-01T07:06:28.370+0000] {standard_task_runner.py:105} INFO - Job 151: Subtask run_xgb_model_update
[2026-04-01T07:06:28.475+0000] {task_command.py:467} INFO - Running <TaskInstance: db_and_model_update.run_xgb_model_update manual__2026-03-31T20:39:38.249529+00:00 [running]> on host 5a32e08586f8
[2026-04-01T07:06:28.644+0000] {taskinstance.py:3134} INFO - Exporting env vars: AIRFLOW_CTX_DAG_OWNER='***' AIRFLOW_CTX_DAG_ID='db_and_model_update' AIRFLOW_CTX_TASK_ID='run_xgb_model_update' AIRFLOW_CTX_EXECUTION_DATE='2026-03-31T20:39:38.249529+00:00' AIRFLOW_CTX_TRY_NUMBER='1' AIRFLOW_CTX_DAG_RUN_ID='manual__2026-03-31T20:39:38.249529+00:00'
[2026-04-01T07:06:28.646+0000] {taskinstance.py:732} INFO - ::endgroup::
[2026-04-01T07:06:31.676+0000] {logging_mixin.py:190} INFO - 🔌 Connexion à la base de données...
[2026-04-01T07:06:31.714+0000] {logging_mixin.py:190} INFO - ✅ Connexion réussie!
[2026-04-01T07:06:31.715+0000] {logging_mixin.py:190} INFO - 
==================================================
[2026-04-01T07:06:31.715+0000] {logging_mixin.py:190} INFO - 🎯 TRAITEMENT POUR LA VARIABLE CIBLE: REVENUE
[2026-04-01T07:06:31.716+0000] {logging_mixin.py:190} INFO - ==================================================
[2026-04-01T07:06:31.717+0000] {logging_mixin.py:190} INFO - 🔍 Construction de la requête SQL...
[2026-04-01T07:06:31.718+0000] {logging_mixin.py:190} INFO - 📥 Chargement des données complètes...
[2026-04-01T07:06:31.719+0000] {logging_mixin.py:190} INFO - 🔗 Test de connexion à la base de données...
[2026-04-01T07:06:31.722+0000] {logging_mixin.py:190} INFO - ✅ Connexion PostgreSQL réussie!
[2026-04-01T07:08:57.357+0000] {logging_mixin.py:190} INFO - ✅ Données chargées avec succès. Shape: (10547828, 14)
[2026-04-01T07:08:57.358+0000] {logging_mixin.py:190} INFO - 🔧 Début du préprocessing des données...
[2026-04-01T07:09:01.660+0000] {logging_mixin.py:190} INFO - ✅ Préprocessing terminé! Shape final: X(5448, 218), y(5448,)
[2026-04-01T07:09:01.667+0000] {logging_mixin.py:190} INFO - 
==================================================
[2026-04-01T07:09:01.668+0000] {logging_mixin.py:190} INFO - 🤖 ENTRAÎNEMENT DU MODÈLE XGBOOST
[2026-04-01T07:09:01.669+0000] {logging_mixin.py:190} INFO - ==================================================
[2026-04-01T07:09:01.672+0000] {logging_mixin.py:190} INFO - 
🔧 Entraînement du modèle XGBoost...
[2026-04-01T07:09:02.124+0000] {logging_mixin.py:190} INFO - XGBRegressor :
[2026-04-01T07:09:02.141+0000] {logging_mixin.py:190} INFO - train : 0.9014579057693481
[2026-04-01T07:09:02.150+0000] {logging_mixin.py:190} INFO - test  : 0.6801034808158875
[2026-04-01T07:09:02.151+0000] {logging_mixin.py:190} INFO - 💾 Sauvegarde du modèle XGBoost...
[2026-04-01T07:09:02.245+0000] {logging_mixin.py:190} INFO - ✅ Modèle XGBoost sauvegardé: /opt/project/src/ml/models/xgb_model_revenue.joblib
[2026-04-01T07:09:02.246+0000] {logging_mixin.py:190} INFO - ✅ Métadonnées sauvegardées: /opt/project/src/ml/models/xgb_metadata_revenue.joblib
[2026-04-01T07:09:02.247+0000] {logging_mixin.py:190} INFO - 📊 Scores - Train: 0.9015, Test: 0.6801
[2026-04-01T07:09:02.248+0000] {logging_mixin.py:190} INFO - 🔧 Features: 218, Échantillons: 5448
[2026-04-01T07:09:02.466+0000] {logging_mixin.py:190} INFO - 
🎉 Entrainement terminé et sauvegardés avec succès pour revenue!
[2026-04-01T07:09:05.378+0000] {logging_mixin.py:190} INFO - 
==================================================
[2026-04-01T07:09:05.379+0000] {logging_mixin.py:190} INFO - 🎯 TRAITEMENT POUR LA VARIABLE CIBLE: POPULARITY
[2026-04-01T07:09:05.380+0000] {logging_mixin.py:190} INFO - ==================================================
[2026-04-01T07:09:05.381+0000] {logging_mixin.py:190} INFO - 🔍 Construction de la requête SQL...
[2026-04-01T07:09:05.382+0000] {logging_mixin.py:190} INFO - 📥 Chargement des données complètes...
[2026-04-01T07:09:05.383+0000] {logging_mixin.py:190} INFO - 🔗 Test de connexion à la base de données...
[2026-04-01T07:09:05.386+0000] {logging_mixin.py:190} INFO - ✅ Connexion PostgreSQL réussie!
[2026-04-01T07:11:29.854+0000] {logging_mixin.py:190} INFO - ✅ Données chargées avec succès. Shape: (10547828, 14)
[2026-04-01T07:11:29.855+0000] {logging_mixin.py:190} INFO - 🔧 Début du préprocessing des données...
[2026-04-01T07:11:34.148+0000] {logging_mixin.py:190} INFO - ✅ Préprocessing terminé! Shape final: X(5448, 218), y(5448,)
[2026-04-01T07:11:34.149+0000] {logging_mixin.py:190} INFO - 
==================================================
[2026-04-01T07:11:34.150+0000] {logging_mixin.py:190} INFO - 🤖 ENTRAÎNEMENT DU MODÈLE XGBOOST
[2026-04-01T07:11:34.151+0000] {logging_mixin.py:190} INFO - ==================================================
[2026-04-01T07:11:34.155+0000] {logging_mixin.py:190} INFO - 
🔧 Entraînement du modèle XGBoost...
[2026-04-01T07:11:34.382+0000] {logging_mixin.py:190} INFO - XGBRegressor :
[2026-04-01T07:11:34.396+0000] {logging_mixin.py:190} INFO - train : 0.9071798324584961
[2026-04-01T07:11:34.409+0000] {logging_mixin.py:190} INFO - test  : 0.4224839210510254
[2026-04-01T07:11:34.410+0000] {logging_mixin.py:190} INFO - 💾 Sauvegarde du modèle XGBoost...
[2026-04-01T07:11:34.527+0000] {logging_mixin.py:190} INFO - ✅ Modèle XGBoost sauvegardé: /opt/project/src/ml/models/xgb_model_popularity.joblib
[2026-04-01T07:11:34.528+0000] {logging_mixin.py:190} INFO - ✅ Métadonnées sauvegardées: /opt/project/src/ml/models/xgb_metadata_popularity.joblib
[2026-04-01T07:11:34.529+0000] {logging_mixin.py:190} INFO - 📊 Scores - Train: 0.9072, Test: 0.4225
[2026-04-01T07:11:34.530+0000] {logging_mixin.py:190} INFO - 🔧 Features: 218, Échantillons: 5448
[2026-04-01T07:11:34.735+0000] {logging_mixin.py:190} INFO - 
🎉 Entrainement terminé et sauvegardés avec succès pour popularity!
[2026-04-01T07:11:36.500+0000] {logging_mixin.py:190} INFO - 
==================================================
[2026-04-01T07:11:36.501+0000] {logging_mixin.py:190} INFO - 🎯 TRAITEMENT POUR LA VARIABLE CIBLE: VOTE_AVERAGE
[2026-04-01T07:11:36.502+0000] {logging_mixin.py:190} INFO - ==================================================
[2026-04-01T07:11:36.502+0000] {logging_mixin.py:190} INFO - 🔍 Construction de la requête SQL...
[2026-04-01T07:11:36.503+0000] {logging_mixin.py:190} INFO - 📥 Chargement des données complètes...
[2026-04-01T07:11:36.504+0000] {logging_mixin.py:190} INFO - 🔗 Test de connexion à la base de données...
[2026-04-01T07:11:36.507+0000] {logging_mixin.py:190} INFO - ✅ Connexion PostgreSQL réussie!
[2026-04-01T07:14:01.248+0000] {logging_mixin.py:190} INFO - ✅ Données chargées avec succès. Shape: (10547828, 14)
[2026-04-01T07:14:01.249+0000] {logging_mixin.py:190} INFO - 🔧 Début du préprocessing des données...
[2026-04-01T07:14:05.724+0000] {logging_mixin.py:190} INFO - ✅ Préprocessing terminé! Shape final: X(5448, 218), y(5448,)
[2026-04-01T07:14:05.726+0000] {logging_mixin.py:190} INFO - 
==================================================
[2026-04-01T07:14:05.727+0000] {logging_mixin.py:190} INFO - 🤖 ENTRAÎNEMENT DU MODÈLE XGBOOST
[2026-04-01T07:14:05.727+0000] {logging_mixin.py:190} INFO - ==================================================
[2026-04-01T07:14:05.733+0000] {logging_mixin.py:190} INFO - 
🔧 Entraînement du modèle XGBoost...
[2026-04-01T07:14:05.978+0000] {logging_mixin.py:190} INFO - XGBRegressor :
[2026-04-01T07:14:05.991+0000] {logging_mixin.py:190} INFO - train : 0.5791076421737671
[2026-04-01T07:14:06.003+0000] {logging_mixin.py:190} INFO - test  : 0.3772914409637451
[2026-04-01T07:14:06.004+0000] {logging_mixin.py:190} INFO - 💾 Sauvegarde du modèle XGBoost...
[2026-04-01T07:14:06.123+0000] {logging_mixin.py:190} INFO - ✅ Modèle XGBoost sauvegardé: /opt/project/src/ml/models/xgb_model_vote_average.joblib
[2026-04-01T07:14:06.123+0000] {logging_mixin.py:190} INFO - ✅ Métadonnées sauvegardées: /opt/project/src/ml/models/xgb_metadata_vote_average.joblib
[2026-04-01T07:14:06.124+0000] {logging_mixin.py:190} INFO - 📊 Scores - Train: 0.5791, Test: 0.3773
[2026-04-01T07:14:06.125+0000] {logging_mixin.py:190} INFO - 🔧 Features: 218, Échantillons: 5448
[2026-04-01T07:14:06.320+0000] {logging_mixin.py:190} INFO - 
🎉 Entrainement terminé et sauvegardés avec succès pour vote_average!
[2026-04-01T07:14:09.269+0000] {logging_mixin.py:190} INFO - 
✅ Entrainement terminé pour toutes les variables cibles.
[2026-04-01T07:14:09.270+0000] {logging_mixin.py:190} INFO - 
⏱️ Temps total d'exécution du script: 457.59 secondes
[2026-04-01T07:14:09.271+0000] {python.py:240} INFO - Done. Returned value was: None
[2026-04-01T07:14:09.281+0000] {taskinstance.py:341} INFO - ::group::Post task execution logs
[2026-04-01T07:14:09.283+0000] {taskinstance.py:353} INFO - Marking task as SUCCESS. dag_id=db_and_model_update, task_id=run_xgb_model_update, run_id=manual__2026-03-31T20:39:38.249529+00:00, execution_date=20260331T203938, start_date=20260401T070628, end_date=20260401T071409
[2026-04-01T07:14:09.976+0000] {local_task_job_runner.py:266} INFO - Task exited with return code 0
[2026-04-01T07:14:09.996+0000] {taskinstance.py:3901} INFO - 0 downstream tasks scheduled from follow-on schedule check
[2026-04-01T07:14:10.000+0000] {local_task_job_runner.py:245} INFO - ::endgroup::
