[2026-03-03T09:43:50.756+0000] {local_task_job_runner.py:123} INFO - ::group::Pre task execution logs
[2026-03-03T09:43:50.775+0000] {taskinstance.py:2614} INFO - Dependencies all met for dep_context=non-requeueable deps ti=<TaskInstance: ingestion_postgres_tmdb.run_main_ingestion_postgre scheduled__2026-02-02T10:00:00+00:00 [queued]>
[2026-03-03T09:43:50.781+0000] {taskinstance.py:2614} INFO - Dependencies all met for dep_context=requeueable deps ti=<TaskInstance: ingestion_postgres_tmdb.run_main_ingestion_postgre scheduled__2026-02-02T10:00:00+00:00 [queued]>
[2026-03-03T09:43:50.782+0000] {taskinstance.py:2867} INFO - Starting attempt 1 of 1
[2026-03-03T09:43:50.793+0000] {taskinstance.py:2890} INFO - Executing <Task(BashOperator): run_main_ingestion_postgre> on 2026-02-02 10:00:00+00:00
[2026-03-03T09:43:50.802+0000] {standard_task_runner.py:72} INFO - Started process 75 to run task
[2026-03-03T09:43:50.805+0000] {standard_task_runner.py:104} INFO - Running: ['***', 'tasks', 'run', 'ingestion_postgres_tmdb', 'run_main_ingestion_postgre', 'scheduled__2026-02-02T10:00:00+00:00', '--job-id', '97', '--raw', '--subdir', 'DAGS_FOLDER/ingestion_postgres_dag.py', '--cfg-path', '/tmp/tmpevapg9mc']
[2026-03-03T09:43:50.809+0000] {standard_task_runner.py:105} INFO - Job 97: Subtask run_main_ingestion_postgre
[2026-03-03T09:43:50.876+0000] {task_command.py:467} INFO - Running <TaskInstance: ingestion_postgres_tmdb.run_main_ingestion_postgre scheduled__2026-02-02T10:00:00+00:00 [running]> on host 5a32e08586f8
[2026-03-03T09:43:50.968+0000] {taskinstance.py:3134} INFO - Exporting env vars: AIRFLOW_CTX_DAG_OWNER='***' AIRFLOW_CTX_DAG_ID='ingestion_postgres_tmdb' AIRFLOW_CTX_TASK_ID='run_main_ingestion_postgre' AIRFLOW_CTX_EXECUTION_DATE='2026-02-02T10:00:00+00:00' AIRFLOW_CTX_TRY_NUMBER='1' AIRFLOW_CTX_DAG_RUN_ID='scheduled__2026-02-02T10:00:00+00:00'
[2026-03-03T09:43:50.970+0000] {taskinstance.py:732} INFO - ::endgroup::
[2026-03-03T09:43:50.983+0000] {subprocess.py:78} INFO - Tmp dir root location: /tmp
[2026-03-03T09:43:50.985+0000] {subprocess.py:88} INFO - Running command: ['/usr/bin/bash', '-c', 'python /opt/project/src/ingestion/main_ingestion_postgre.py']
[2026-03-03T09:43:50.999+0000] {subprocess.py:99} INFO - Output:
[2026-03-03T09:43:52.210+0000] {subprocess.py:106} INFO - 🔌 Connexion à la base de données...
[2026-03-03T09:43:52.211+0000] {subprocess.py:106} INFO - ❌ Échec de la connexion à la base de données: (psycopg2.OperationalError) connection to server at "host.docker.internal" (192.168.65.254), port 5432 failed: Connection refused
[2026-03-03T09:43:52.212+0000] {subprocess.py:106} INFO - 	Is the server running on that host and accepting TCP/IP connections?
[2026-03-03T09:43:52.212+0000] {subprocess.py:106} INFO - connection to server at "host.docker.internal" (fdc4:f303:9324::254), port 5432 failed: Network is unreachable
[2026-03-03T09:43:52.213+0000] {subprocess.py:106} INFO - 	Is the server running on that host and accepting TCP/IP connections?
[2026-03-03T09:43:52.213+0000] {subprocess.py:106} INFO - 
[2026-03-03T09:43:52.214+0000] {subprocess.py:106} INFO - (Background on this error at: https://sqlalche.me/e/14/e3q8)
[2026-03-03T09:43:52.215+0000] {subprocess.py:106} INFO - Traceback (most recent call last):
[2026-03-03T09:43:52.215+0000] {subprocess.py:106} INFO -   File "/home/***/.local/lib/python3.11/site-packages/sqlalchemy/engine/base.py", line 3371, in _wrap_pool_connect
[2026-03-03T09:43:52.216+0000] {subprocess.py:106} INFO -     return fn()
[2026-03-03T09:43:52.216+0000] {subprocess.py:106} INFO -            ^^^^
[2026-03-03T09:43:52.217+0000] {subprocess.py:106} INFO -   File "/home/***/.local/lib/python3.11/site-packages/sqlalchemy/pool/base.py", line 327, in connect
[2026-03-03T09:43:52.218+0000] {subprocess.py:106} INFO -     return _ConnectionFairy._checkout(self)
[2026-03-03T09:43:52.218+0000] {subprocess.py:106} INFO -            ^^^^^^^^^^^^^^^^^^^^^^^^^^^^^^^^
[2026-03-03T09:43:52.219+0000] {subprocess.py:106} INFO -   File "/home/***/.local/lib/python3.11/site-packages/sqlalchemy/pool/base.py", line 894, in _checkout
[2026-03-03T09:43:52.219+0000] {subprocess.py:106} INFO -     fairy = _ConnectionRecord.checkout(pool)
[2026-03-03T09:43:52.220+0000] {subprocess.py:106} INFO -             ^^^^^^^^^^^^^^^^^^^^^^^^^^^^^^^^
[2026-03-03T09:43:52.221+0000] {subprocess.py:106} INFO -   File "/home/***/.local/lib/python3.11/site-packages/sqlalchemy/pool/base.py", line 493, in checkout
[2026-03-03T09:43:52.221+0000] {subprocess.py:106} INFO -     rec = pool._do_get()
[2026-03-03T09:43:52.222+0000] {subprocess.py:106} INFO -           ^^^^^^^^^^^^^^
[2026-03-03T09:43:52.222+0000] {subprocess.py:106} INFO -   File "/home/***/.local/lib/python3.11/site-packages/sqlalchemy/pool/impl.py", line 145, in _do_get
[2026-03-03T09:43:52.223+0000] {subprocess.py:106} INFO -     with util.safe_reraise():
[2026-03-03T09:43:52.223+0000] {subprocess.py:106} INFO -   File "/home/***/.local/lib/python3.11/site-packages/sqlalchemy/util/langhelpers.py", line 70, in __exit__
[2026-03-03T09:43:52.224+0000] {subprocess.py:106} INFO -     compat.raise_(
[2026-03-03T09:43:52.224+0000] {subprocess.py:106} INFO -   File "/home/***/.local/lib/python3.11/site-packages/sqlalchemy/util/compat.py", line 211, in raise_
[2026-03-03T09:43:52.225+0000] {subprocess.py:106} INFO -     raise exception
[2026-03-03T09:43:52.226+0000] {subprocess.py:106} INFO -   File "/home/***/.local/lib/python3.11/site-packages/sqlalchemy/pool/impl.py", line 143, in _do_get
[2026-03-03T09:43:52.226+0000] {subprocess.py:106} INFO -     return self._create_connection()
[2026-03-03T09:43:52.227+0000] {subprocess.py:106} INFO -            ^^^^^^^^^^^^^^^^^^^^^^^^^
[2026-03-03T09:43:52.227+0000] {subprocess.py:106} INFO -   File "/home/***/.local/lib/python3.11/site-packages/sqlalchemy/pool/base.py", line 273, in _create_connection
[2026-03-03T09:43:52.228+0000] {subprocess.py:106} INFO -     return _ConnectionRecord(self)
[2026-03-03T09:43:52.228+0000] {subprocess.py:106} INFO -            ^^^^^^^^^^^^^^^^^^^^^^^
[2026-03-03T09:43:52.229+0000] {subprocess.py:106} INFO -   File "/home/***/.local/lib/python3.11/site-packages/sqlalchemy/pool/base.py", line 388, in __init__
[2026-03-03T09:43:52.229+0000] {subprocess.py:106} INFO -     self.__connect()
[2026-03-03T09:43:52.230+0000] {subprocess.py:106} INFO -   File "/home/***/.local/lib/python3.11/site-packages/sqlalchemy/pool/base.py", line 690, in __connect
[2026-03-03T09:43:52.231+0000] {subprocess.py:106} INFO -     with util.safe_reraise():
[2026-03-03T09:43:52.231+0000] {subprocess.py:106} INFO -   File "/home/***/.local/lib/python3.11/site-packages/sqlalchemy/util/langhelpers.py", line 70, in __exit__
[2026-03-03T09:43:52.232+0000] {subprocess.py:106} INFO -     compat.raise_(
[2026-03-03T09:43:52.232+0000] {subprocess.py:106} INFO -   File "/home/***/.local/lib/python3.11/site-packages/sqlalchemy/util/compat.py", line 211, in raise_
[2026-03-03T09:43:52.233+0000] {subprocess.py:106} INFO -     raise exception
[2026-03-03T09:43:52.233+0000] {subprocess.py:106} INFO -   File "/home/***/.local/lib/python3.11/site-packages/sqlalchemy/pool/base.py", line 686, in __connect
[2026-03-03T09:43:52.234+0000] {subprocess.py:106} INFO -     self.dbapi_connection = connection = pool._invoke_creator(self)
[2026-03-03T09:43:52.234+0000] {subprocess.py:106} INFO -                                          ^^^^^^^^^^^^^^^^^^^^^^^^^^
[2026-03-03T09:43:52.235+0000] {subprocess.py:106} INFO -   File "/home/***/.local/lib/python3.11/site-packages/sqlalchemy/engine/create.py", line 574, in connect
[2026-03-03T09:43:52.236+0000] {subprocess.py:106} INFO -     return dialect.connect(*cargs, **cparams)
[2026-03-03T09:43:52.236+0000] {subprocess.py:106} INFO -            ^^^^^^^^^^^^^^^^^^^^^^^^^^^^^^^^^^
[2026-03-03T09:43:52.237+0000] {subprocess.py:106} INFO -   File "/home/***/.local/lib/python3.11/site-packages/sqlalchemy/engine/default.py", line 598, in connect
[2026-03-03T09:43:52.237+0000] {subprocess.py:106} INFO -     return self.dbapi.connect(*cargs, **cparams)
[2026-03-03T09:43:52.238+0000] {subprocess.py:106} INFO -            ^^^^^^^^^^^^^^^^^^^^^^^^^^^^^^^^^^^^^
[2026-03-03T09:43:52.238+0000] {subprocess.py:106} INFO -   File "/home/***/.local/lib/python3.11/site-packages/psycopg2/__init__.py", line 122, in connect
[2026-03-03T09:43:52.239+0000] {subprocess.py:106} INFO -     conn = _connect(dsn, connection_factory=connection_factory, **kwasync)
[2026-03-03T09:43:52.240+0000] {subprocess.py:106} INFO -            ^^^^^^^^^^^^^^^^^^^^^^^^^^^^^^^^^^^^^^^^^^^^^^^^^^^^^^^^^^^^^^^
[2026-03-03T09:43:52.240+0000] {subprocess.py:106} INFO - psycopg2.OperationalError: connection to server at "host.docker.internal" (192.168.65.254), port 5432 failed: Connection refused
[2026-03-03T09:43:52.241+0000] {subprocess.py:106} INFO - 	Is the server running on that host and accepting TCP/IP connections?
[2026-03-03T09:43:52.241+0000] {subprocess.py:106} INFO - connection to server at "host.docker.internal" (fdc4:f303:9324::254), port 5432 failed: Network is unreachable
[2026-03-03T09:43:52.242+0000] {subprocess.py:106} INFO - 	Is the server running on that host and accepting TCP/IP connections?
[2026-03-03T09:43:52.242+0000] {subprocess.py:106} INFO - 
[2026-03-03T09:43:52.243+0000] {subprocess.py:106} INFO - 
[2026-03-03T09:43:52.244+0000] {subprocess.py:106} INFO - The above exception was the direct cause of the following exception:
[2026-03-03T09:43:52.244+0000] {subprocess.py:106} INFO - 
[2026-03-03T09:43:52.245+0000] {subprocess.py:106} INFO - Traceback (most recent call last):
[2026-03-03T09:43:52.245+0000] {subprocess.py:106} INFO -   File "/opt/project/src/db_connection.py", line 20, in connect_to_db
[2026-03-03T09:43:52.246+0000] {subprocess.py:106} INFO -     with engine.connect() as connection:
[2026-03-03T09:43:52.246+0000] {subprocess.py:106} INFO -          ^^^^^^^^^^^^^^^^
[2026-03-03T09:43:52.247+0000] {subprocess.py:106} INFO -   File "/home/***/.local/lib/python3.11/site-packages/sqlalchemy/engine/base.py", line 3325, in connect
[2026-03-03T09:43:52.247+0000] {subprocess.py:106} INFO -     return self._connection_cls(self, close_with_result=close_with_result)
[2026-03-03T09:43:52.248+0000] {subprocess.py:106} INFO -            ^^^^^^^^^^^^^^^^^^^^^^^^^^^^^^^^^^^^^^^^^^^^^^^^^^^^^^^^^^^^^^^
[2026-03-03T09:43:52.248+0000] {subprocess.py:106} INFO -   File "/home/***/.local/lib/python3.11/site-packages/sqlalchemy/engine/base.py", line 96, in __init__
[2026-03-03T09:43:52.249+0000] {subprocess.py:106} INFO -     else engine.raw_connection()
[2026-03-03T09:43:52.250+0000] {subprocess.py:106} INFO -          ^^^^^^^^^^^^^^^^^^^^^^^
[2026-03-03T09:43:52.250+0000] {subprocess.py:106} INFO -   File "/home/***/.local/lib/python3.11/site-packages/sqlalchemy/engine/base.py", line 3404, in raw_connection
[2026-03-03T09:43:52.251+0000] {subprocess.py:106} INFO -     return self._wrap_pool_connect(self.pool.connect, _connection)
[2026-03-03T09:43:52.251+0000] {subprocess.py:106} INFO -            ^^^^^^^^^^^^^^^^^^^^^^^^^^^^^^^^^^^^^^^^^^^^^^^^^^^^^^^
[2026-03-03T09:43:52.252+0000] {subprocess.py:106} INFO -   File "/home/***/.local/lib/python3.11/site-packages/sqlalchemy/engine/base.py", line 3374, in _wrap_pool_connect
[2026-03-03T09:43:52.253+0000] {subprocess.py:106} INFO -     Connection._handle_dbapi_exception_noconnection(
[2026-03-03T09:43:52.253+0000] {subprocess.py:106} INFO -   File "/home/***/.local/lib/python3.11/site-packages/sqlalchemy/engine/base.py", line 2208, in _handle_dbapi_exception_noconnection
[2026-03-03T09:43:52.254+0000] {subprocess.py:106} INFO -     util.raise_(
[2026-03-03T09:43:52.254+0000] {subprocess.py:106} INFO -   File "/home/***/.local/lib/python3.11/site-packages/sqlalchemy/util/compat.py", line 211, in raise_
[2026-03-03T09:43:52.255+0000] {subprocess.py:106} INFO -     raise exception
[2026-03-03T09:43:52.256+0000] {subprocess.py:106} INFO -   File "/home/***/.local/lib/python3.11/site-packages/sqlalchemy/engine/base.py", line 3371, in _wrap_pool_connect
[2026-03-03T09:43:52.256+0000] {subprocess.py:106} INFO -     return fn()
[2026-03-03T09:43:52.257+0000] {subprocess.py:106} INFO -            ^^^^
[2026-03-03T09:43:52.257+0000] {subprocess.py:106} INFO -   File "/home/***/.local/lib/python3.11/site-packages/sqlalchemy/pool/base.py", line 327, in connect
[2026-03-03T09:43:52.258+0000] {subprocess.py:106} INFO -     return _ConnectionFairy._checkout(self)
[2026-03-03T09:43:52.258+0000] {subprocess.py:106} INFO -            ^^^^^^^^^^^^^^^^^^^^^^^^^^^^^^^^
[2026-03-03T09:43:52.259+0000] {subprocess.py:106} INFO -   File "/home/***/.local/lib/python3.11/site-packages/sqlalchemy/pool/base.py", line 894, in _checkout
[2026-03-03T09:43:52.259+0000] {subprocess.py:106} INFO -     fairy = _ConnectionRecord.checkout(pool)
[2026-03-03T09:43:52.260+0000] {subprocess.py:106} INFO -             ^^^^^^^^^^^^^^^^^^^^^^^^^^^^^^^^
[2026-03-03T09:43:52.261+0000] {subprocess.py:106} INFO -   File "/home/***/.local/lib/python3.11/site-packages/sqlalchemy/pool/base.py", line 493, in checkout
[2026-03-03T09:43:52.261+0000] {subprocess.py:106} INFO -     rec = pool._do_get()
[2026-03-03T09:43:52.262+0000] {subprocess.py:106} INFO -           ^^^^^^^^^^^^^^
[2026-03-03T09:43:52.262+0000] {subprocess.py:106} INFO -   File "/home/***/.local/lib/python3.11/site-packages/sqlalchemy/pool/impl.py", line 145, in _do_get
[2026-03-03T09:43:52.263+0000] {subprocess.py:106} INFO -     with util.safe_reraise():
[2026-03-03T09:43:52.263+0000] {subprocess.py:106} INFO -   File "/home/***/.local/lib/python3.11/site-packages/sqlalchemy/util/langhelpers.py", line 70, in __exit__
[2026-03-03T09:43:52.264+0000] {subprocess.py:106} INFO -     compat.raise_(
[2026-03-03T09:43:52.264+0000] {subprocess.py:106} INFO -   File "/home/***/.local/lib/python3.11/site-packages/sqlalchemy/util/compat.py", line 211, in raise_
[2026-03-03T09:43:52.265+0000] {subprocess.py:106} INFO -     raise exception
[2026-03-03T09:43:52.265+0000] {subprocess.py:106} INFO -   File "/home/***/.local/lib/python3.11/site-packages/sqlalchemy/pool/impl.py", line 143, in _do_get
[2026-03-03T09:43:52.266+0000] {subprocess.py:106} INFO -     return self._create_connection()
[2026-03-03T09:43:52.267+0000] {subprocess.py:106} INFO -            ^^^^^^^^^^^^^^^^^^^^^^^^^
[2026-03-03T09:43:52.267+0000] {subprocess.py:106} INFO -   File "/home/***/.local/lib/python3.11/site-packages/sqlalchemy/pool/base.py", line 273, in _create_connection
[2026-03-03T09:43:52.268+0000] {subprocess.py:106} INFO -     return _ConnectionRecord(self)
[2026-03-03T09:43:52.268+0000] {subprocess.py:106} INFO -            ^^^^^^^^^^^^^^^^^^^^^^^
[2026-03-03T09:43:52.269+0000] {subprocess.py:106} INFO -   File "/home/***/.local/lib/python3.11/site-packages/sqlalchemy/pool/base.py", line 388, in __init__
[2026-03-03T09:43:52.269+0000] {subprocess.py:106} INFO -     self.__connect()
[2026-03-03T09:43:52.270+0000] {subprocess.py:106} INFO -   File "/home/***/.local/lib/python3.11/site-packages/sqlalchemy/pool/base.py", line 690, in __connect
[2026-03-03T09:43:52.270+0000] {subprocess.py:106} INFO -     with util.safe_reraise():
[2026-03-03T09:43:52.271+0000] {subprocess.py:106} INFO -   File "/home/***/.local/lib/python3.11/site-packages/sqlalchemy/util/langhelpers.py", line 70, in __exit__
[2026-03-03T09:43:52.272+0000] {subprocess.py:106} INFO -     compat.raise_(
[2026-03-03T09:43:52.272+0000] {subprocess.py:106} INFO -   File "/home/***/.local/lib/python3.11/site-packages/sqlalchemy/util/compat.py", line 211, in raise_
[2026-03-03T09:43:52.273+0000] {subprocess.py:106} INFO -     raise exception
[2026-03-03T09:43:52.273+0000] {subprocess.py:106} INFO -   File "/home/***/.local/lib/python3.11/site-packages/sqlalchemy/pool/base.py", line 686, in __connect
[2026-03-03T09:43:52.274+0000] {subprocess.py:106} INFO -     self.dbapi_connection = connection = pool._invoke_creator(self)
[2026-03-03T09:43:52.274+0000] {subprocess.py:106} INFO -                                          ^^^^^^^^^^^^^^^^^^^^^^^^^^
[2026-03-03T09:43:52.275+0000] {subprocess.py:106} INFO -   File "/home/***/.local/lib/python3.11/site-packages/sqlalchemy/engine/create.py", line 574, in connect
[2026-03-03T09:43:52.275+0000] {subprocess.py:106} INFO -     return dialect.connect(*cargs, **cparams)
[2026-03-03T09:43:52.276+0000] {subprocess.py:106} INFO -            ^^^^^^^^^^^^^^^^^^^^^^^^^^^^^^^^^^
[2026-03-03T09:43:52.276+0000] {subprocess.py:106} INFO -   File "/home/***/.local/lib/python3.11/site-packages/sqlalchemy/engine/default.py", line 598, in connect
[2026-03-03T09:43:52.277+0000] {subprocess.py:106} INFO -     return self.dbapi.connect(*cargs, **cparams)
[2026-03-03T09:43:52.278+0000] {subprocess.py:106} INFO -            ^^^^^^^^^^^^^^^^^^^^^^^^^^^^^^^^^^^^^
[2026-03-03T09:43:52.278+0000] {subprocess.py:106} INFO -   File "/home/***/.local/lib/python3.11/site-packages/psycopg2/__init__.py", line 122, in connect
[2026-03-03T09:43:52.279+0000] {subprocess.py:106} INFO -     conn = _connect(dsn, connection_factory=connection_factory, **kwasync)
[2026-03-03T09:43:52.279+0000] {subprocess.py:106} INFO -            ^^^^^^^^^^^^^^^^^^^^^^^^^^^^^^^^^^^^^^^^^^^^^^^^^^^^^^^^^^^^^^^
[2026-03-03T09:43:52.280+0000] {subprocess.py:106} INFO - sqlalchemy.exc.OperationalError: (psycopg2.OperationalError) connection to server at "host.docker.internal" (192.168.65.254), port 5432 failed: Connection refused
[2026-03-03T09:43:52.280+0000] {subprocess.py:106} INFO - 	Is the server running on that host and accepting TCP/IP connections?
[2026-03-03T09:43:52.281+0000] {subprocess.py:106} INFO - connection to server at "host.docker.internal" (fdc4:f303:9324::254), port 5432 failed: Network is unreachable
[2026-03-03T09:43:52.281+0000] {subprocess.py:106} INFO - 	Is the server running on that host and accepting TCP/IP connections?
[2026-03-03T09:43:52.282+0000] {subprocess.py:106} INFO - 
[2026-03-03T09:43:52.282+0000] {subprocess.py:106} INFO - (Background on this error at: https://sqlalche.me/e/14/e3q8)
[2026-03-03T09:43:52.283+0000] {subprocess.py:106} INFO - 
[2026-03-03T09:43:52.284+0000] {subprocess.py:106} INFO - The above exception was the direct cause of the following exception:
[2026-03-03T09:43:52.284+0000] {subprocess.py:106} INFO - 
[2026-03-03T09:43:52.285+0000] {subprocess.py:106} INFO - Traceback (most recent call last):
[2026-03-03T09:43:52.285+0000] {subprocess.py:106} INFO -   File "/opt/project/src/ingestion/main_ingestion_postgre.py", line 34, in <module>
[2026-03-03T09:43:52.286+0000] {subprocess.py:106} INFO -     engine = connect_to_db()
[2026-03-03T09:43:52.286+0000] {subprocess.py:106} INFO -              ^^^^^^^^^^^^^^^
[2026-03-03T09:43:52.287+0000] {subprocess.py:106} INFO -   File "/opt/project/src/db_connection.py", line 26, in connect_to_db
[2026-03-03T09:43:52.288+0000] {subprocess.py:106} INFO -     raise RuntimeError("Échec de la connexion à la base de données") from e
[2026-03-03T09:43:52.288+0000] {subprocess.py:106} INFO - RuntimeError: Échec de la connexion à la base de données
[2026-03-03T09:43:52.332+0000] {subprocess.py:110} INFO - Command exited with return code 1
[2026-03-03T09:43:52.345+0000] {taskinstance.py:3313} ERROR - Task failed with exception
Traceback (most recent call last):
  File "/home/airflow/.local/lib/python3.11/site-packages/airflow/models/taskinstance.py", line 768, in _execute_task
    result = _execute_callable(context=context, **execute_callable_kwargs)
             ^^^^^^^^^^^^^^^^^^^^^^^^^^^^^^^^^^^^^^^^^^^^^^^^^^^^^^^^^^^^^
  File "/home/airflow/.local/lib/python3.11/site-packages/airflow/models/taskinstance.py", line 734, in _execute_callable
    return ExecutionCallableRunner(
           ^^^^^^^^^^^^^^^^^^^^^^^^
  File "/home/airflow/.local/lib/python3.11/site-packages/airflow/utils/operator_helpers.py", line 252, in run
    return self.func(*args, **kwargs)
           ^^^^^^^^^^^^^^^^^^^^^^^^^^
  File "/home/airflow/.local/lib/python3.11/site-packages/airflow/models/baseoperator.py", line 424, in wrapper
    return func(self, *args, **kwargs)
           ^^^^^^^^^^^^^^^^^^^^^^^^^^^
  File "/home/airflow/.local/lib/python3.11/site-packages/airflow/operators/bash.py", line 276, in execute
    raise AirflowException(
airflow.exceptions.AirflowException: Bash command failed. The command returned a non-zero exit code 1.
[2026-03-03T09:43:52.349+0000] {taskinstance.py:1226} INFO - Marking task as FAILED. dag_id=ingestion_postgres_tmdb, task_id=run_main_ingestion_postgre, run_id=scheduled__2026-02-02T10:00:00+00:00, execution_date=20260202T100000, start_date=20260303T094350, end_date=20260303T094352
[2026-03-03T09:43:52.376+0000] {taskinstance.py:341} INFO - ::group::Post task execution logs
[2026-03-03T09:43:52.377+0000] {standard_task_runner.py:124} ERROR - Failed to execute job 97 for task run_main_ingestion_postgre (Bash command failed. The command returned a non-zero exit code 1.; 75)
Traceback (most recent call last):
  File "/home/airflow/.local/lib/python3.11/site-packages/airflow/task/task_runner/standard_task_runner.py", line 117, in _start_by_fork
    ret = args.func(args, dag=self.dag)
          ^^^^^^^^^^^^^^^^^^^^^^^^^^^^^
  File "/home/airflow/.local/lib/python3.11/site-packages/airflow/cli/cli_config.py", line 49, in command
    return func(*args, **kwargs)
           ^^^^^^^^^^^^^^^^^^^^^
  File "/home/airflow/.local/lib/python3.11/site-packages/airflow/utils/cli.py", line 116, in wrapper
    return f(*args, **kwargs)
           ^^^^^^^^^^^^^^^^^^
  File "/home/airflow/.local/lib/python3.11/site-packages/airflow/cli/commands/task_command.py", line 483, in task_run
    task_return_code = _run_task_by_selected_method(args, _dag, ti)
                       ^^^^^^^^^^^^^^^^^^^^^^^^^^^^^^^^^^^^^^^^^^^^
  File "/home/airflow/.local/lib/python3.11/site-packages/airflow/cli/commands/task_command.py", line 256, in _run_task_by_selected_method
    return _run_raw_task(args, ti)
           ^^^^^^^^^^^^^^^^^^^^^^^
  File "/home/airflow/.local/lib/python3.11/site-packages/airflow/cli/commands/task_command.py", line 341, in _run_raw_task
    return ti._run_raw_task(
           ^^^^^^^^^^^^^^^^^
  File "/home/airflow/.local/lib/python3.11/site-packages/airflow/utils/session.py", line 97, in wrapper
    return func(*args, session=session, **kwargs)
           ^^^^^^^^^^^^^^^^^^^^^^^^^^^^^^^^^^^^^^
  File "/home/airflow/.local/lib/python3.11/site-packages/airflow/models/taskinstance.py", line 3006, in _run_raw_task
    return _run_raw_task(
           ^^^^^^^^^^^^^^
  File "/home/airflow/.local/lib/python3.11/site-packages/airflow/models/taskinstance.py", line 274, in _run_raw_task
    TaskInstance._execute_task_with_callbacks(
  File "/home/airflow/.local/lib/python3.11/site-packages/airflow/models/taskinstance.py", line 3161, in _execute_task_with_callbacks
    result = self._execute_task(context, task_orig)
             ^^^^^^^^^^^^^^^^^^^^^^^^^^^^^^^^^^^^^^
  File "/home/airflow/.local/lib/python3.11/site-packages/airflow/models/taskinstance.py", line 3185, in _execute_task
    return _execute_task(self, context, task_orig)
           ^^^^^^^^^^^^^^^^^^^^^^^^^^^^^^^^^^^^^^^
  File "/home/airflow/.local/lib/python3.11/site-packages/airflow/models/taskinstance.py", line 768, in _execute_task
    result = _execute_callable(context=context, **execute_callable_kwargs)
             ^^^^^^^^^^^^^^^^^^^^^^^^^^^^^^^^^^^^^^^^^^^^^^^^^^^^^^^^^^^^^
  File "/home/airflow/.local/lib/python3.11/site-packages/airflow/models/taskinstance.py", line 734, in _execute_callable
    return ExecutionCallableRunner(
           ^^^^^^^^^^^^^^^^^^^^^^^^
  File "/home/airflow/.local/lib/python3.11/site-packages/airflow/utils/operator_helpers.py", line 252, in run
    return self.func(*args, **kwargs)
           ^^^^^^^^^^^^^^^^^^^^^^^^^^
  File "/home/airflow/.local/lib/python3.11/site-packages/airflow/models/baseoperator.py", line 424, in wrapper
    return func(self, *args, **kwargs)
           ^^^^^^^^^^^^^^^^^^^^^^^^^^^
  File "/home/airflow/.local/lib/python3.11/site-packages/airflow/operators/bash.py", line 276, in execute
    raise AirflowException(
airflow.exceptions.AirflowException: Bash command failed. The command returned a non-zero exit code 1.
[2026-03-03T09:43:52.429+0000] {local_task_job_runner.py:266} INFO - Task exited with return code 1
[2026-03-03T09:43:52.445+0000] {taskinstance.py:3901} INFO - 0 downstream tasks scheduled from follow-on schedule check
[2026-03-03T09:43:52.449+0000] {local_task_job_runner.py:245} INFO - ::endgroup::
