[2026-03-31T19:02:25.642+0000] {local_task_job_runner.py:123} INFO - ::group::Pre task execution logs
[2026-03-31T19:02:25.669+0000] {taskinstance.py:2614} INFO - Dependencies all met for dep_context=non-requeueable deps ti=<TaskInstance: db_and_model_update.run_lr_model_update manual__2026-03-23T14:59:50.051644+00:00 [queued]>
[2026-03-31T19:02:25.678+0000] {taskinstance.py:2614} INFO - Dependencies all met for dep_context=requeueable deps ti=<TaskInstance: db_and_model_update.run_lr_model_update manual__2026-03-23T14:59:50.051644+00:00 [queued]>
[2026-03-31T19:02:25.680+0000] {taskinstance.py:2867} INFO - Starting attempt 1 of 1
[2026-03-31T19:02:25.696+0000] {taskinstance.py:2890} INFO - Executing <Task(PythonOperator): run_lr_model_update> on 2026-03-23 14:59:50.051644+00:00
[2026-03-31T19:02:25.705+0000] {standard_task_runner.py:72} INFO - Started process 1032 to run task
[2026-03-31T19:02:25.709+0000] {standard_task_runner.py:104} INFO - Running: ['***', 'tasks', 'run', 'db_and_model_update', 'run_lr_model_update', 'manual__2026-03-23T14:59:50.051644+00:00', '--job-id', '142', '--raw', '--subdir', 'DAGS_FOLDER/db_and_model_update_dag.py', '--cfg-path', '/tmp/tmpa7bsc2mj']
[2026-03-31T19:02:25.712+0000] {standard_task_runner.py:105} INFO - Job 142: Subtask run_lr_model_update
[2026-03-31T19:02:25.791+0000] {task_command.py:467} INFO - Running <TaskInstance: db_and_model_update.run_lr_model_update manual__2026-03-23T14:59:50.051644+00:00 [running]> on host 5a32e08586f8
[2026-03-31T19:02:25.901+0000] {taskinstance.py:3134} INFO - Exporting env vars: AIRFLOW_CTX_DAG_OWNER='***' AIRFLOW_CTX_DAG_ID='db_and_model_update' AIRFLOW_CTX_TASK_ID='run_lr_model_update' AIRFLOW_CTX_EXECUTION_DATE='2026-03-23T14:59:50.051644+00:00' AIRFLOW_CTX_TRY_NUMBER='1' AIRFLOW_CTX_DAG_RUN_ID='manual__2026-03-23T14:59:50.051644+00:00'
[2026-03-31T19:02:25.907+0000] {taskinstance.py:732} INFO - ::endgroup::
[2026-03-31T19:02:27.476+0000] {logging_mixin.py:190} INFO - 🔌 Connexion à la base de données...
[2026-03-31T19:02:27.532+0000] {logging_mixin.py:190} INFO - ✅ Connexion réussie!
[2026-03-31T19:02:27.533+0000] {logging_mixin.py:190} INFO - 
==================================================
[2026-03-31T19:02:27.534+0000] {logging_mixin.py:190} INFO - 🎯 TRAITEMENT POUR LA VARIABLE CIBLE: REVENUE
[2026-03-31T19:02:27.534+0000] {logging_mixin.py:190} INFO - ==================================================
[2026-03-31T19:02:27.535+0000] {logging_mixin.py:190} INFO - 🔍 Construction de la requête SQL...
[2026-03-31T19:02:27.536+0000] {logging_mixin.py:190} INFO - 📥 Chargement des données complètes...
[2026-03-31T19:02:27.537+0000] {logging_mixin.py:190} INFO - 🔗 Test de connexion à la base de données...
[2026-03-31T19:02:27.540+0000] {logging_mixin.py:190} INFO - ✅ Connexion PostgreSQL réussie!
[2026-03-31T19:04:51.763+0000] {logging_mixin.py:190} INFO - ✅ Données chargées avec succès. Shape: (10544552, 14)
[2026-03-31T19:04:51.765+0000] {logging_mixin.py:190} INFO - 🔧 Début du préprocessing des données...
[2026-03-31T19:04:55.793+0000] {logging_mixin.py:190} INFO - ✅ Préprocessing terminé! Shape final: X(5445, 218), y(5445,)
[2026-03-31T19:04:55.794+0000] {logging_mixin.py:190} INFO - 
==================================================
[2026-03-31T19:04:55.795+0000] {logging_mixin.py:190} INFO - 🤖 ENTRAÎNEMENT DU MODÈLE LINEARREGRESSION
[2026-03-31T19:04:55.796+0000] {logging_mixin.py:190} INFO - ==================================================
[2026-03-31T19:04:55.805+0000] {logging_mixin.py:190} INFO - 
🔧 Entraînement du modèle LinearRegression...
[2026-03-31T19:04:56.038+0000] {logging_mixin.py:190} INFO - LinearRegression :
[2026-03-31T19:04:56.052+0000] {logging_mixin.py:190} INFO - train : 0.6187806129455566
[2026-03-31T19:04:56.059+0000] {logging_mixin.py:190} INFO - test  : 0.6007484197616577
[2026-03-31T19:04:56.061+0000] {logging_mixin.py:190} INFO - 💾 Sauvegarde du modèle LinearRegression...
[2026-03-31T19:04:56.153+0000] {logging_mixin.py:190} INFO - ✅ Modèle LinearRegression sauvegardé: /opt/project/src/ml/models/lr_model_revenue.joblib
[2026-03-31T19:04:56.155+0000] {logging_mixin.py:190} INFO - ✅ Métadonnées sauvegardées: /opt/project/src/ml/models/lr_metadata_revenue.joblib
[2026-03-31T19:04:56.157+0000] {logging_mixin.py:190} INFO - 📊 Scores - Train: 0.6188, Test: 0.6007
[2026-03-31T19:04:56.160+0000] {logging_mixin.py:190} INFO - 🔧 Features: 218, Échantillons: 5445
[2026-03-31T19:04:56.415+0000] {logging_mixin.py:190} INFO - 
🎉 Entrainement terminé et sauvegardés avec succès pour revenue!
[2026-03-31T19:04:58.899+0000] {logging_mixin.py:190} INFO - 
==================================================
[2026-03-31T19:04:58.900+0000] {logging_mixin.py:190} INFO - 🎯 TRAITEMENT POUR LA VARIABLE CIBLE: POPULARITY
[2026-03-31T19:04:58.901+0000] {logging_mixin.py:190} INFO - ==================================================
[2026-03-31T19:04:58.902+0000] {logging_mixin.py:190} INFO - 🔍 Construction de la requête SQL...
[2026-03-31T19:04:58.902+0000] {logging_mixin.py:190} INFO - 📥 Chargement des données complètes...
[2026-03-31T19:04:58.903+0000] {logging_mixin.py:190} INFO - 🔗 Test de connexion à la base de données...
[2026-03-31T19:04:58.906+0000] {logging_mixin.py:190} INFO - ✅ Connexion PostgreSQL réussie!
[2026-03-31T19:07:23.645+0000] {logging_mixin.py:190} INFO - ✅ Données chargées avec succès. Shape: (10544552, 14)
[2026-03-31T19:07:23.646+0000] {logging_mixin.py:190} INFO - 🔧 Début du préprocessing des données...
[2026-03-31T19:07:27.900+0000] {logging_mixin.py:190} INFO - ✅ Préprocessing terminé! Shape final: X(5445, 218), y(5445,)
[2026-03-31T19:07:27.903+0000] {logging_mixin.py:190} INFO - 
==================================================
[2026-03-31T19:07:27.904+0000] {logging_mixin.py:190} INFO - 🤖 ENTRAÎNEMENT DU MODÈLE LINEARREGRESSION
[2026-03-31T19:07:27.905+0000] {logging_mixin.py:190} INFO - ==================================================
[2026-03-31T19:07:27.909+0000] {logging_mixin.py:190} INFO - 
🔧 Entraînement du modèle LinearRegression...
[2026-03-31T19:07:28.353+0000] {logging_mixin.py:190} INFO - LinearRegression :
[2026-03-31T19:07:28.375+0000] {logging_mixin.py:190} INFO - train : 0.1956850290298462
[2026-03-31T19:07:28.388+0000] {logging_mixin.py:190} INFO - test  : 0.08636516332626343
[2026-03-31T19:07:28.394+0000] {logging_mixin.py:190} INFO - 💾 Sauvegarde du modèle LinearRegression...
[2026-03-31T19:07:28.472+0000] {logging_mixin.py:190} INFO - ✅ Modèle LinearRegression sauvegardé: /opt/project/src/ml/models/lr_model_popularity.joblib
[2026-03-31T19:07:28.475+0000] {logging_mixin.py:190} INFO - ✅ Métadonnées sauvegardées: /opt/project/src/ml/models/lr_metadata_popularity.joblib
[2026-03-31T19:07:28.476+0000] {logging_mixin.py:190} INFO - 📊 Scores - Train: 0.1957, Test: 0.0864
[2026-03-31T19:07:28.477+0000] {logging_mixin.py:190} INFO - 🔧 Features: 218, Échantillons: 5445
[2026-03-31T19:07:28.726+0000] {logging_mixin.py:190} INFO - 
🎉 Entrainement terminé et sauvegardés avec succès pour popularity!
[2026-03-31T19:07:31.803+0000] {logging_mixin.py:190} INFO - 
==================================================
[2026-03-31T19:07:31.805+0000] {logging_mixin.py:190} INFO - 🎯 TRAITEMENT POUR LA VARIABLE CIBLE: VOTE_AVERAGE
[2026-03-31T19:07:31.806+0000] {logging_mixin.py:190} INFO - ==================================================
[2026-03-31T19:07:31.807+0000] {logging_mixin.py:190} INFO - 🔍 Construction de la requête SQL...
[2026-03-31T19:07:31.807+0000] {logging_mixin.py:190} INFO - 📥 Chargement des données complètes...
[2026-03-31T19:07:31.808+0000] {logging_mixin.py:190} INFO - 🔗 Test de connexion à la base de données...
[2026-03-31T19:07:31.813+0000] {logging_mixin.py:190} INFO - ✅ Connexion PostgreSQL réussie!
[2026-03-31T19:09:56.221+0000] {logging_mixin.py:190} INFO - ✅ Données chargées avec succès. Shape: (10544552, 14)
[2026-03-31T19:09:56.222+0000] {logging_mixin.py:190} INFO - 🔧 Début du préprocessing des données...
[2026-03-31T19:10:00.243+0000] {logging_mixin.py:190} INFO - ✅ Préprocessing terminé! Shape final: X(5445, 218), y(5445,)
[2026-03-31T19:10:00.247+0000] {logging_mixin.py:190} INFO - 
==================================================
[2026-03-31T19:10:00.248+0000] {logging_mixin.py:190} INFO - 🤖 ENTRAÎNEMENT DU MODÈLE LINEARREGRESSION
[2026-03-31T19:10:00.249+0000] {logging_mixin.py:190} INFO - ==================================================
[2026-03-31T19:10:00.252+0000] {logging_mixin.py:190} INFO - 
🔧 Entraînement du modèle LinearRegression...
[2026-03-31T19:10:00.301+0000] {logging_mixin.py:190} INFO - LinearRegression :
[2026-03-31T19:10:00.319+0000] {logging_mixin.py:190} INFO - train : 0.37645483016967773
[2026-03-31T19:10:00.329+0000] {logging_mixin.py:190} INFO - test  : 0.3068951368331909
[2026-03-31T19:10:00.330+0000] {logging_mixin.py:190} INFO - 💾 Sauvegarde du modèle LinearRegression...
[2026-03-31T19:10:00.411+0000] {logging_mixin.py:190} INFO - ✅ Modèle LinearRegression sauvegardé: /opt/project/src/ml/models/lr_model_vote_average.joblib
[2026-03-31T19:10:00.412+0000] {logging_mixin.py:190} INFO - ✅ Métadonnées sauvegardées: /opt/project/src/ml/models/lr_metadata_vote_average.joblib
[2026-03-31T19:10:00.413+0000] {logging_mixin.py:190} INFO - 📊 Scores - Train: 0.3765, Test: 0.3069
[2026-03-31T19:10:00.413+0000] {logging_mixin.py:190} INFO - 🔧 Features: 218, Échantillons: 5445
[2026-03-31T19:10:00.667+0000] {logging_mixin.py:190} INFO - 
🎉 Entrainement terminé et sauvegardés avec succès pour vote_average!
[2026-03-31T19:10:03.197+0000] {logging_mixin.py:190} INFO - 
✅ Entrainement terminé pour toutes les variables cibles.
[2026-03-31T19:10:03.198+0000] {logging_mixin.py:190} INFO - 
⏱️ Temps total d'exécution du script: 455.72 secondes
[2026-03-31T19:10:03.199+0000] {python.py:240} INFO - Done. Returned value was: None
[2026-03-31T19:10:03.213+0000] {taskinstance.py:341} INFO - ::group::Post task execution logs
[2026-03-31T19:10:03.214+0000] {taskinstance.py:353} INFO - Marking task as SUCCESS. dag_id=db_and_model_update, task_id=run_lr_model_update, run_id=manual__2026-03-23T14:59:50.051644+00:00, execution_date=20260323T145950, start_date=20260331T190225, end_date=20260331T191003
[2026-03-31T19:10:04.002+0000] {local_task_job_runner.py:266} INFO - Task exited with return code 0
[2026-03-31T19:10:04.072+0000] {taskinstance.py:3901} INFO - 0 downstream tasks scheduled from follow-on schedule check
[2026-03-31T19:10:04.084+0000] {local_task_job_runner.py:245} INFO - ::endgroup::
