[2026-04-01T06:50:28.231+0000] {local_task_job_runner.py:123} INFO - ::group::Pre task execution logs
[2026-04-01T06:50:28.256+0000] {taskinstance.py:2614} INFO - Dependencies all met for dep_context=non-requeueable deps ti=<TaskInstance: db_and_model_update.run_lr_model_update manual__2026-03-31T20:39:38.249529+00:00 [queued]>
[2026-04-01T06:50:28.265+0000] {taskinstance.py:2614} INFO - Dependencies all met for dep_context=requeueable deps ti=<TaskInstance: db_and_model_update.run_lr_model_update manual__2026-03-31T20:39:38.249529+00:00 [queued]>
[2026-04-01T06:50:28.266+0000] {taskinstance.py:2867} INFO - Starting attempt 2 of 2
[2026-04-01T06:50:28.281+0000] {taskinstance.py:2890} INFO - Executing <Task(PythonOperator): run_lr_model_update> on 2026-03-31 20:39:38.249529+00:00
[2026-04-01T06:50:28.293+0000] {standard_task_runner.py:72} INFO - Started process 12158 to run task
[2026-04-01T06:50:28.297+0000] {standard_task_runner.py:104} INFO - Running: ['***', 'tasks', 'run', 'db_and_model_update', 'run_lr_model_update', 'manual__2026-03-31T20:39:38.249529+00:00', '--job-id', '149', '--raw', '--subdir', 'DAGS_FOLDER/db_and_model_update_dag.py', '--cfg-path', '/tmp/tmpytd7_o1x']
[2026-04-01T06:50:28.302+0000] {standard_task_runner.py:105} INFO - Job 149: Subtask run_lr_model_update
[2026-04-01T06:50:28.381+0000] {task_command.py:467} INFO - Running <TaskInstance: db_and_model_update.run_lr_model_update manual__2026-03-31T20:39:38.249529+00:00 [running]> on host 5a32e08586f8
[2026-04-01T06:50:28.491+0000] {taskinstance.py:3134} INFO - Exporting env vars: AIRFLOW_CTX_DAG_OWNER='***' AIRFLOW_CTX_DAG_ID='db_and_model_update' AIRFLOW_CTX_TASK_ID='run_lr_model_update' AIRFLOW_CTX_EXECUTION_DATE='2026-03-31T20:39:38.249529+00:00' AIRFLOW_CTX_TRY_NUMBER='2' AIRFLOW_CTX_DAG_RUN_ID='manual__2026-03-31T20:39:38.249529+00:00'
[2026-04-01T06:50:28.495+0000] {taskinstance.py:732} INFO - ::endgroup::
[2026-04-01T06:50:29.498+0000] {logging_mixin.py:190} INFO - 🔌 Connexion à la base de données...
[2026-04-01T06:50:29.551+0000] {logging_mixin.py:190} INFO - ✅ Connexion réussie!
[2026-04-01T06:50:29.552+0000] {logging_mixin.py:190} INFO - 
==================================================
[2026-04-01T06:50:29.553+0000] {logging_mixin.py:190} INFO - 🎯 TRAITEMENT POUR LA VARIABLE CIBLE: REVENUE
[2026-04-01T06:50:29.554+0000] {logging_mixin.py:190} INFO - ==================================================
[2026-04-01T06:50:29.555+0000] {logging_mixin.py:190} INFO - 🔍 Construction de la requête SQL...
[2026-04-01T06:50:29.556+0000] {logging_mixin.py:190} INFO - 📥 Chargement des données complètes...
[2026-04-01T06:50:29.556+0000] {logging_mixin.py:190} INFO - 🔗 Test de connexion à la base de données...
[2026-04-01T06:50:29.560+0000] {logging_mixin.py:190} INFO - ✅ Connexion PostgreSQL réussie!
[2026-04-01T06:53:14.295+0000] {logging_mixin.py:190} INFO - ✅ Données chargées avec succès. Shape: (10547828, 14)
[2026-04-01T06:53:14.296+0000] {logging_mixin.py:190} INFO - 🔧 Début du préprocessing des données...
[2026-04-01T06:53:18.268+0000] {logging_mixin.py:190} INFO - ✅ Préprocessing terminé! Shape final: X(5448, 218), y(5448,)
[2026-04-01T06:53:18.270+0000] {logging_mixin.py:190} INFO - 
==================================================
[2026-04-01T06:53:18.271+0000] {logging_mixin.py:190} INFO - 🤖 ENTRAÎNEMENT DU MODÈLE LINEARREGRESSION
[2026-04-01T06:53:18.271+0000] {logging_mixin.py:190} INFO - ==================================================
[2026-04-01T06:53:18.275+0000] {logging_mixin.py:190} INFO - 
🔧 Entraînement du modèle LinearRegression...
[2026-04-01T06:53:18.383+0000] {logging_mixin.py:190} INFO - LinearRegression :
[2026-04-01T06:53:18.396+0000] {logging_mixin.py:190} INFO - train : 0.6177419424057007
[2026-04-01T06:53:18.405+0000] {logging_mixin.py:190} INFO - test  : 0.6117731928825378
[2026-04-01T06:53:18.407+0000] {logging_mixin.py:190} INFO - 💾 Sauvegarde du modèle LinearRegression...
[2026-04-01T06:53:18.515+0000] {logging_mixin.py:190} INFO - ✅ Modèle LinearRegression sauvegardé: /opt/project/src/ml/models/lr_model_revenue.joblib
[2026-04-01T06:53:18.516+0000] {logging_mixin.py:190} INFO - ✅ Métadonnées sauvegardées: /opt/project/src/ml/models/lr_metadata_revenue.joblib
[2026-04-01T06:53:18.517+0000] {logging_mixin.py:190} INFO - 📊 Scores - Train: 0.6177, Test: 0.6118
[2026-04-01T06:53:18.518+0000] {logging_mixin.py:190} INFO - 🔧 Features: 218, Échantillons: 5448
[2026-04-01T06:53:18.742+0000] {logging_mixin.py:190} INFO - 
🎉 Entrainement terminé et sauvegardés avec succès pour revenue!
[2026-04-01T06:53:21.534+0000] {logging_mixin.py:190} INFO - 
==================================================
[2026-04-01T06:53:21.535+0000] {logging_mixin.py:190} INFO - 🎯 TRAITEMENT POUR LA VARIABLE CIBLE: POPULARITY
[2026-04-01T06:53:21.536+0000] {logging_mixin.py:190} INFO - ==================================================
[2026-04-01T06:53:21.537+0000] {logging_mixin.py:190} INFO - 🔍 Construction de la requête SQL...
[2026-04-01T06:53:21.538+0000] {logging_mixin.py:190} INFO - 📥 Chargement des données complètes...
[2026-04-01T06:53:21.539+0000] {logging_mixin.py:190} INFO - 🔗 Test de connexion à la base de données...
[2026-04-01T06:53:21.543+0000] {logging_mixin.py:190} INFO - ✅ Connexion PostgreSQL réussie!
[2026-04-01T06:55:55.517+0000] {logging_mixin.py:190} INFO - ✅ Données chargées avec succès. Shape: (10547828, 14)
[2026-04-01T06:55:55.518+0000] {logging_mixin.py:190} INFO - 🔧 Début du préprocessing des données...
[2026-04-01T06:55:59.603+0000] {logging_mixin.py:190} INFO - ✅ Préprocessing terminé! Shape final: X(5448, 218), y(5448,)
[2026-04-01T06:55:59.605+0000] {logging_mixin.py:190} INFO - 
==================================================
[2026-04-01T06:55:59.606+0000] {logging_mixin.py:190} INFO - 🤖 ENTRAÎNEMENT DU MODÈLE LINEARREGRESSION
[2026-04-01T06:55:59.607+0000] {logging_mixin.py:190} INFO - ==================================================
[2026-04-01T06:55:59.614+0000] {logging_mixin.py:190} INFO - 
🔧 Entraînement du modèle LinearRegression...
[2026-04-01T06:55:59.952+0000] {logging_mixin.py:190} INFO - LinearRegression :
[2026-04-01T06:55:59.975+0000] {logging_mixin.py:190} INFO - train : 0.20108669996261597
[2026-04-01T06:55:59.993+0000] {logging_mixin.py:190} INFO - test  : 0.1066509485244751
[2026-04-01T06:55:59.997+0000] {logging_mixin.py:190} INFO - 💾 Sauvegarde du modèle LinearRegression...
[2026-04-01T06:56:00.131+0000] {logging_mixin.py:190} INFO - ✅ Modèle LinearRegression sauvegardé: /opt/project/src/ml/models/lr_model_popularity.joblib
[2026-04-01T06:56:00.133+0000] {logging_mixin.py:190} INFO - ✅ Métadonnées sauvegardées: /opt/project/src/ml/models/lr_metadata_popularity.joblib
[2026-04-01T06:56:00.134+0000] {logging_mixin.py:190} INFO - 📊 Scores - Train: 0.2011, Test: 0.1067
[2026-04-01T06:56:00.135+0000] {logging_mixin.py:190} INFO - 🔧 Features: 218, Échantillons: 5448
[2026-04-01T06:56:00.366+0000] {logging_mixin.py:190} INFO - 
🎉 Entrainement terminé et sauvegardés avec succès pour popularity!
[2026-04-01T06:56:03.281+0000] {logging_mixin.py:190} INFO - 
==================================================
[2026-04-01T06:56:03.282+0000] {logging_mixin.py:190} INFO - 🎯 TRAITEMENT POUR LA VARIABLE CIBLE: VOTE_AVERAGE
[2026-04-01T06:56:03.283+0000] {logging_mixin.py:190} INFO - ==================================================
[2026-04-01T06:56:03.283+0000] {logging_mixin.py:190} INFO - 🔍 Construction de la requête SQL...
[2026-04-01T06:56:03.284+0000] {logging_mixin.py:190} INFO - 📥 Chargement des données complètes...
[2026-04-01T06:56:03.284+0000] {logging_mixin.py:190} INFO - 🔗 Test de connexion à la base de données...
[2026-04-01T06:56:03.288+0000] {logging_mixin.py:190} INFO - ✅ Connexion PostgreSQL réussie!
[2026-04-01T06:58:26.712+0000] {logging_mixin.py:190} INFO - ✅ Données chargées avec succès. Shape: (10547828, 14)
[2026-04-01T06:58:26.714+0000] {logging_mixin.py:190} INFO - 🔧 Début du préprocessing des données...
[2026-04-01T06:58:30.905+0000] {logging_mixin.py:190} INFO - ✅ Préprocessing terminé! Shape final: X(5448, 218), y(5448,)
[2026-04-01T06:58:30.906+0000] {logging_mixin.py:190} INFO - 
==================================================
[2026-04-01T06:58:30.907+0000] {logging_mixin.py:190} INFO - 🤖 ENTRAÎNEMENT DU MODÈLE LINEARREGRESSION
[2026-04-01T06:58:30.908+0000] {logging_mixin.py:190} INFO - ==================================================
[2026-04-01T06:58:30.911+0000] {logging_mixin.py:190} INFO - 
🔧 Entraînement du modèle LinearRegression...
[2026-04-01T06:58:30.962+0000] {logging_mixin.py:190} INFO - LinearRegression :
[2026-04-01T06:58:30.977+0000] {logging_mixin.py:190} INFO - train : 0.37665897607803345
[2026-04-01T06:58:30.982+0000] {logging_mixin.py:190} INFO - test  : 0.3025249242782593
[2026-04-01T06:58:30.984+0000] {logging_mixin.py:190} INFO - 💾 Sauvegarde du modèle LinearRegression...
[2026-04-01T06:58:31.083+0000] {logging_mixin.py:190} INFO - ✅ Modèle LinearRegression sauvegardé: /opt/project/src/ml/models/lr_model_vote_average.joblib
[2026-04-01T06:58:31.085+0000] {logging_mixin.py:190} INFO - ✅ Métadonnées sauvegardées: /opt/project/src/ml/models/lr_metadata_vote_average.joblib
[2026-04-01T06:58:31.086+0000] {logging_mixin.py:190} INFO - 📊 Scores - Train: 0.3767, Test: 0.3025
[2026-04-01T06:58:31.087+0000] {logging_mixin.py:190} INFO - 🔧 Features: 218, Échantillons: 5448
[2026-04-01T06:58:31.333+0000] {logging_mixin.py:190} INFO - 
🎉 Entrainement terminé et sauvegardés avec succès pour vote_average!
[2026-04-01T06:58:34.284+0000] {logging_mixin.py:190} INFO - 
✅ Entrainement terminé pour toutes les variables cibles.
[2026-04-01T06:58:34.286+0000] {logging_mixin.py:190} INFO - 
⏱️ Temps total d'exécution du script: 484.79 secondes
[2026-04-01T06:58:34.287+0000] {python.py:240} INFO - Done. Returned value was: None
[2026-04-01T06:58:34.300+0000] {taskinstance.py:341} INFO - ::group::Post task execution logs
[2026-04-01T06:58:34.301+0000] {taskinstance.py:353} INFO - Marking task as SUCCESS. dag_id=db_and_model_update, task_id=run_lr_model_update, run_id=manual__2026-03-31T20:39:38.249529+00:00, execution_date=20260331T203938, start_date=20260401T065028, end_date=20260401T065834
[2026-04-01T06:58:34.894+0000] {local_task_job_runner.py:266} INFO - Task exited with return code 0
[2026-04-01T06:58:35.167+0000] {taskinstance.py:3901} INFO - 0 downstream tasks scheduled from follow-on schedule check
[2026-04-01T06:58:35.174+0000] {local_task_job_runner.py:245} INFO - ::endgroup::
