[2026-03-03T09:52:53.162+0000] {local_task_job_runner.py:123} INFO - ::group::Pre task execution logs
[2026-03-03T09:52:53.185+0000] {taskinstance.py:2614} INFO - Dependencies all met for dep_context=non-requeueable deps ti=<TaskInstance: db_and_model_update.run_rf_model_update scheduled__2026-02-23T14:00:00+00:00 [queued]>
[2026-03-03T09:52:53.193+0000] {taskinstance.py:2614} INFO - Dependencies all met for dep_context=requeueable deps ti=<TaskInstance: db_and_model_update.run_rf_model_update scheduled__2026-02-23T14:00:00+00:00 [queued]>
[2026-03-03T09:52:53.194+0000] {taskinstance.py:2867} INFO - Starting attempt 1 of 1
[2026-03-03T09:52:53.209+0000] {taskinstance.py:2890} INFO - Executing <Task(PythonOperator): run_rf_model_update> on 2026-02-23 14:00:00+00:00
[2026-03-03T09:52:53.217+0000] {standard_task_runner.py:72} INFO - Started process 282 to run task
[2026-03-03T09:52:53.221+0000] {standard_task_runner.py:104} INFO - Running: ['***', 'tasks', 'run', 'db_and_model_update', 'run_rf_model_update', 'scheduled__2026-02-23T14:00:00+00:00', '--job-id', '100', '--raw', '--subdir', 'DAGS_FOLDER/db_and_model_update_dag.py', '--cfg-path', '/tmp/tmpmi27yj21']
[2026-03-03T09:52:53.224+0000] {standard_task_runner.py:105} INFO - Job 100: Subtask run_rf_model_update
[2026-03-03T09:52:53.295+0000] {task_command.py:467} INFO - Running <TaskInstance: db_and_model_update.run_rf_model_update scheduled__2026-02-23T14:00:00+00:00 [running]> on host 5a32e08586f8
[2026-03-03T09:52:53.416+0000] {taskinstance.py:3134} INFO - Exporting env vars: AIRFLOW_CTX_DAG_OWNER='***' AIRFLOW_CTX_DAG_ID='db_and_model_update' AIRFLOW_CTX_TASK_ID='run_rf_model_update' AIRFLOW_CTX_EXECUTION_DATE='2026-02-23T14:00:00+00:00' AIRFLOW_CTX_TRY_NUMBER='1' AIRFLOW_CTX_DAG_RUN_ID='scheduled__2026-02-23T14:00:00+00:00'
[2026-03-03T09:52:53.419+0000] {taskinstance.py:732} INFO - ::endgroup::
[2026-03-03T09:52:54.899+0000] {logging_mixin.py:190} INFO - 🔌 Connexion à la base de données...
[2026-03-03T09:52:54.941+0000] {logging_mixin.py:190} INFO - ✅ Connexion réussie!
[2026-03-03T09:52:54.942+0000] {logging_mixin.py:190} INFO - 
==================================================
[2026-03-03T09:52:54.943+0000] {logging_mixin.py:190} INFO - 🎯 TRAITEMENT POUR LA VARIABLE CIBLE: REVENUE
[2026-03-03T09:52:54.943+0000] {logging_mixin.py:190} INFO - ==================================================
[2026-03-03T09:52:54.944+0000] {logging_mixin.py:190} INFO - 🔍 Construction de la requête SQL...
[2026-03-03T09:52:54.945+0000] {logging_mixin.py:190} INFO - 📥 Chargement des données complètes...
[2026-03-03T09:52:54.946+0000] {logging_mixin.py:190} INFO - 🔗 Test de connexion à la base de données...
[2026-03-03T09:52:54.950+0000] {logging_mixin.py:190} INFO - ✅ Connexion PostgreSQL réussie!
[2026-03-03T09:53:18.080+0000] {job.py:229} INFO - Heartbeat recovered after 14.98 seconds
[2026-03-03T09:53:32.706+0000] {job.py:229} INFO - Heartbeat recovered after 14.64 seconds
[2026-03-03T09:54:08.403+0000] {job.py:229} INFO - Heartbeat recovered after 15.54 seconds
[2026-03-03T09:54:28.935+0000] {job.py:229} INFO - Heartbeat recovered after 15.48 seconds
[2026-03-03T09:55:06.505+0000] {logging_mixin.py:190} INFO - ✅ Données chargées avec succès. Shape: (10453616, 14)
[2026-03-03T09:55:06.506+0000] {logging_mixin.py:190} INFO - 🔧 Début du préprocessing des données...
[2026-03-03T09:55:10.190+0000] {logging_mixin.py:190} INFO - ✅ Préprocessing terminé! Shape final: X(5392, 218), y(5392,)
[2026-03-03T09:55:10.191+0000] {logging_mixin.py:190} INFO - 
==================================================
[2026-03-03T09:55:10.192+0000] {logging_mixin.py:190} INFO - 🤖 ENTRAÎNEMENT DU MODÈLE RANDOMFOREST
[2026-03-03T09:55:10.193+0000] {logging_mixin.py:190} INFO - ==================================================
[2026-03-03T09:55:10.197+0000] {logging_mixin.py:190} INFO - 
🔧 Entraînement du modèle RandomForest...
[2026-03-03T09:55:23.006+0000] {logging_mixin.py:190} INFO - RandomForest :
[2026-03-03T09:55:23.007+0000] {logging_mixin.py:190} INFO - Meilleurs paramètres RandomForest : {'n_estimators': 180, 'min_samples_split': 10, 'min_samples_leaf': 2, 'max_features': None, 'max_depth': 20}
[2026-03-03T09:55:23.073+0000] {logging_mixin.py:190} INFO - train : 0.845265953567683
[2026-03-03T09:55:23.103+0000] {logging_mixin.py:190} INFO - test  : 0.5552933536848565
[2026-03-03T09:55:23.118+0000] {logging_mixin.py:190} INFO - 
Top 50 features RandomForest :
[2026-03-03T09:55:23.129+0000] {logging_mixin.py:190} INFO -                  feature  importance_pct
0                 budget       68.581987
1                runtime        5.697476
4              month_cos        3.371968
2                   year        3.055235
91     keyword_id_9663.0        1.806491
84     keyword_id_3289.0        1.207369
3              month_sin        1.112782
177   production_id_33.0        0.830622
83     keyword_id_2343.0        0.787201
192  production_id_420.0        0.720783
110  keyword_id_179431.0        0.615055
48               lang_zh        0.552946
111  keyword_id_187056.0        0.482494
52         genre_id_18.0        0.446684
169    production_id_3.0        0.400800
49         genre_id_12.0        0.343809
179   production_id_56.0        0.342001
109  keyword_id_179430.0        0.338877
61        genre_id_878.0        0.323666
176   production_id_25.0        0.320631
147     person_id_5293.0        0.302647
106   keyword_id_18035.0        0.292385
85     keyword_id_4344.0        0.279267
168    production_id_2.0        0.274698
51         genre_id_16.0        0.259911
95     keyword_id_9715.0        0.241159
50         genre_id_14.0        0.235996
76      keyword_id_818.0        0.233715
65      genre_id_10751.0        0.223476
117  keyword_id_325765.0        0.216808
55         genre_id_35.0        0.203776
159    person_id_18918.0        0.192455
185  production_id_174.0        0.191152
64      genre_id_10749.0        0.177532
148     person_id_5469.0        0.160417
54         genre_id_28.0        0.159811
101   keyword_id_10349.0        0.159438
116  keyword_id_325761.0        0.154722
171    production_id_5.0        0.149189
89     keyword_id_6054.0        0.148400
70      keyword_id_242.0        0.141718
194  production_id_491.0        0.135409
127      person_id_500.0        0.135196
193  production_id_444.0        0.130598
164    person_id_51329.0        0.129743
173   production_id_12.0        0.129637
96     keyword_id_9717.0        0.125761
58         genre_id_53.0        0.125305
77      keyword_id_970.0        0.116535
59         genre_id_80.0        0.113093
[2026-03-03T09:55:23.130+0000] {logging_mixin.py:190} INFO - 💾 Sauvegarde du modèle RandomForest...
[2026-03-03T09:55:23.819+0000] {logging_mixin.py:190} INFO - ✅ Modèle RandomForest sauvegardé: /opt/project/src/ml/models/rf_model_revenue.joblib
[2026-03-03T09:55:23.820+0000] {logging_mixin.py:190} INFO - ✅ Métadonnées sauvegardées: /opt/project/src/ml/models/rf_metadata_revenue.joblib
[2026-03-03T09:55:23.820+0000] {logging_mixin.py:190} INFO - 📊 Scores - Train: 0.8453, Test: 0.5553
[2026-03-03T09:55:23.821+0000] {logging_mixin.py:190} INFO - 🔧 Features: 218, Échantillons: 5392
[2026-03-03T09:55:23.998+0000] {logging_mixin.py:190} INFO - 
🎉 Entrainement terminé et sauvegardés avec succès pour revenue!
[2026-03-03T09:55:26.359+0000] {logging_mixin.py:190} INFO - 
==================================================
[2026-03-03T09:55:26.360+0000] {logging_mixin.py:190} INFO - 🎯 TRAITEMENT POUR LA VARIABLE CIBLE: POPULARITY
[2026-03-03T09:55:26.361+0000] {logging_mixin.py:190} INFO - ==================================================
[2026-03-03T09:55:26.362+0000] {logging_mixin.py:190} INFO - 🔍 Construction de la requête SQL...
[2026-03-03T09:55:26.362+0000] {logging_mixin.py:190} INFO - 📥 Chargement des données complètes...
[2026-03-03T09:55:26.363+0000] {logging_mixin.py:190} INFO - 🔗 Test de connexion à la base de données...
[2026-03-03T09:55:26.366+0000] {logging_mixin.py:190} INFO - ✅ Connexion PostgreSQL réussie!
[2026-03-03T09:56:00.328+0000] {job.py:229} INFO - Heartbeat recovered after 15.51 seconds
[2026-03-03T09:57:26.634+0000] {job.py:229} INFO - Heartbeat recovered after 15.56 seconds
[2026-03-03T09:57:45.346+0000] {logging_mixin.py:190} INFO - ✅ Données chargées avec succès. Shape: (10453616, 14)
[2026-03-03T09:57:45.347+0000] {logging_mixin.py:190} INFO - 🔧 Début du préprocessing des données...
[2026-03-03T09:57:39.203+0000] {logging_mixin.py:190} INFO - ✅ Préprocessing terminé! Shape final: X(5392, 218), y(5392,)
[2026-03-03T09:57:39.204+0000] {logging_mixin.py:190} INFO - 
==================================================
[2026-03-03T09:57:39.205+0000] {logging_mixin.py:190} INFO - 🤖 ENTRAÎNEMENT DU MODÈLE RANDOMFOREST
[2026-03-03T09:57:39.206+0000] {logging_mixin.py:190} INFO - ==================================================
[2026-03-03T09:57:39.211+0000] {logging_mixin.py:190} INFO - 
🔧 Entraînement du modèle RandomForest...
[2026-03-03T09:57:52.276+0000] {logging_mixin.py:190} INFO - RandomForest :
[2026-03-03T09:57:52.278+0000] {logging_mixin.py:190} INFO - Meilleurs paramètres RandomForest : {'n_estimators': 120, 'min_samples_split': 10, 'min_samples_leaf': 2, 'max_features': None, 'max_depth': None}
[2026-03-03T09:57:52.343+0000] {logging_mixin.py:190} INFO - train : 0.6867321756688041
[2026-03-03T09:57:52.369+0000] {logging_mixin.py:190} INFO - test  : 0.34918536754854457
[2026-03-03T09:57:52.380+0000] {logging_mixin.py:190} INFO - 
Top 50 features RandomForest :
[2026-03-03T09:57:52.385+0000] {logging_mixin.py:190} INFO -                  feature  importance_pct
2                   year       35.810870
0                 budget       25.389963
3              month_sin        8.542767
1                runtime        5.761768
62       genre_id_9648.0        3.392867
4              month_cos        2.790073
177   production_id_33.0        0.971039
137     person_id_2231.0        0.725944
83     keyword_id_2343.0        0.712388
53         genre_id_27.0        0.636309
128      person_id_525.0        0.601159
154    person_id_11874.0        0.599395
106   keyword_id_18035.0        0.582442
49         genre_id_12.0        0.500988
91     keyword_id_9663.0        0.500814
55         genre_id_35.0        0.499613
102   keyword_id_10714.0        0.482379
59         genre_id_80.0        0.456783
58         genre_id_53.0        0.454968
98     keyword_id_9826.0        0.395279
51         genre_id_16.0        0.336718
52         genre_id_18.0        0.329633
61        genre_id_878.0        0.328157
50         genre_id_14.0        0.292832
14               lang_en        0.290265
171    production_id_5.0        0.267080
54         genre_id_28.0        0.258632
94     keyword_id_9714.0        0.257767
109  keyword_id_179430.0        0.245384
70      keyword_id_242.0        0.244526
110  keyword_id_179431.0        0.243954
84     keyword_id_3289.0        0.222251
192  production_id_420.0        0.215774
101   keyword_id_10349.0        0.209983
71      keyword_id_380.0        0.209169
117  keyword_id_325765.0        0.197103
76      keyword_id_818.0        0.195136
64      genre_id_10749.0        0.185316
173   production_id_12.0        0.155142
115  keyword_id_321464.0        0.146534
200  production_id_923.0        0.144703
103   keyword_id_12670.0        0.142660
112  keyword_id_202371.0        0.140385
100   keyword_id_10123.0        0.130458
26               lang_ja        0.127116
120       person_id_85.0        0.125322
95     keyword_id_9715.0        0.125218
168    production_id_2.0        0.120742
169    production_id_3.0        0.120465
170    production_id_4.0        0.113345
[2026-03-03T09:57:52.386+0000] {logging_mixin.py:190} INFO - 💾 Sauvegarde du modèle RandomForest...
[2026-03-03T09:57:53.000+0000] {logging_mixin.py:190} INFO - ✅ Modèle RandomForest sauvegardé: /opt/project/src/ml/models/rf_model_popularity.joblib
[2026-03-03T09:57:53.001+0000] {logging_mixin.py:190} INFO - ✅ Métadonnées sauvegardées: /opt/project/src/ml/models/rf_metadata_popularity.joblib
[2026-03-03T09:57:53.001+0000] {logging_mixin.py:190} INFO - 📊 Scores - Train: 0.6867, Test: 0.3492
[2026-03-03T09:57:53.002+0000] {logging_mixin.py:190} INFO - 🔧 Features: 218, Échantillons: 5392
[2026-03-03T09:57:53.239+0000] {logging_mixin.py:190} INFO - 
🎉 Entrainement terminé et sauvegardés avec succès pour popularity!
[2026-03-03T09:57:55.803+0000] {logging_mixin.py:190} INFO - 
==================================================
[2026-03-03T09:57:55.805+0000] {logging_mixin.py:190} INFO - 🎯 TRAITEMENT POUR LA VARIABLE CIBLE: VOTE_AVERAGE
[2026-03-03T09:57:55.805+0000] {logging_mixin.py:190} INFO - ==================================================
[2026-03-03T09:57:55.806+0000] {logging_mixin.py:190} INFO - 🔍 Construction de la requête SQL...
[2026-03-03T09:57:55.806+0000] {logging_mixin.py:190} INFO - 📥 Chargement des données complètes...
[2026-03-03T09:57:55.807+0000] {logging_mixin.py:190} INFO - 🔗 Test de connexion à la base de données...
[2026-03-03T09:57:55.810+0000] {logging_mixin.py:190} INFO - ✅ Connexion PostgreSQL réussie!
[2026-03-03T09:59:42.953+0000] {job.py:229} INFO - Heartbeat recovered after 15.40 seconds
[2026-03-03T10:00:07.238+0000] {job.py:229} INFO - Heartbeat recovered after 15.16 seconds
[2026-03-03T10:00:03.058+0000] {logging_mixin.py:190} INFO - ✅ Données chargées avec succès. Shape: (10453616, 14)
[2026-03-03T10:00:03.059+0000] {logging_mixin.py:190} INFO - 🔧 Début du préprocessing des données...
[2026-03-03T10:00:06.962+0000] {logging_mixin.py:190} INFO - ✅ Préprocessing terminé! Shape final: X(5392, 218), y(5392,)
[2026-03-03T10:00:06.963+0000] {logging_mixin.py:190} INFO - 
==================================================
[2026-03-03T10:00:06.965+0000] {logging_mixin.py:190} INFO - 🤖 ENTRAÎNEMENT DU MODÈLE RANDOMFOREST
[2026-03-03T10:00:06.965+0000] {logging_mixin.py:190} INFO - ==================================================
[2026-03-03T10:00:06.970+0000] {logging_mixin.py:190} INFO - 
🔧 Entraînement du modèle RandomForest...
[2026-03-03T10:00:18.251+0000] {logging_mixin.py:190} INFO - RandomForest :
[2026-03-03T10:00:18.253+0000] {logging_mixin.py:190} INFO - Meilleurs paramètres RandomForest : {'n_estimators': 180, 'min_samples_split': 10, 'min_samples_leaf': 2, 'max_features': None, 'max_depth': 20}
[2026-03-03T10:00:18.323+0000] {logging_mixin.py:190} INFO - train : 0.7202448080132039
[2026-03-03T10:00:18.354+0000] {logging_mixin.py:190} INFO - test  : 0.320587883247906
[2026-03-03T10:00:18.371+0000] {logging_mixin.py:190} INFO - 
Top 50 features RandomForest :
[2026-03-03T10:00:18.376+0000] {logging_mixin.py:190} INFO -                   feature  importance_pct
1                 runtime       30.043810
0                  budget       10.099632
2                    year        8.503986
52          genre_id_18.0        5.911465
51          genre_id_16.0        5.648499
4               month_cos        3.153498
3               month_sin        2.777362
60          genre_id_99.0        1.935253
14                lang_en        1.747820
58          genre_id_53.0        1.144683
55          genre_id_35.0        0.951524
65       genre_id_10751.0        0.909947
92      keyword_id_9672.0        0.850403
76       keyword_id_818.0        0.839315
49          genre_id_12.0        0.772241
53          genre_id_27.0        0.733548
54          genre_id_28.0        0.724954
50          genre_id_14.0        0.640498
64       genre_id_10749.0        0.595162
109   keyword_id_179430.0        0.510217
59          genre_id_80.0        0.504330
95      keyword_id_9715.0        0.503047
62        genre_id_9648.0        0.502210
19                lang_fr        0.484540
111   keyword_id_187056.0        0.466288
89      keyword_id_6054.0        0.450248
61         genre_id_878.0        0.428009
97      keyword_id_9748.0        0.426292
96      keyword_id_9717.0        0.367923
202  production_id_1632.0        0.357478
156     person_id_17211.0        0.346685
21                lang_hi        0.333386
28                lang_ko        0.333208
110   keyword_id_179431.0        0.330143
83      keyword_id_2343.0        0.325292
94      keyword_id_9714.0        0.324361
98      keyword_id_9826.0        0.323528
171     production_id_5.0        0.304116
170     production_id_4.0        0.300459
77       keyword_id_970.0        0.286443
71       keyword_id_380.0        0.281455
108   keyword_id_158718.0        0.281108
70       keyword_id_242.0        0.277922
68        keyword_id_90.0        0.267023
26                lang_ja        0.264540
25                lang_it        0.264529
177    production_id_33.0        0.260368
66       genre_id_10752.0        0.257555
115   keyword_id_321464.0        0.247594
91      keyword_id_9663.0        0.241727
[2026-03-03T10:00:18.377+0000] {logging_mixin.py:190} INFO - 💾 Sauvegarde du modèle RandomForest...
[2026-03-03T10:00:19.045+0000] {logging_mixin.py:190} INFO - ✅ Modèle RandomForest sauvegardé: /opt/project/src/ml/models/rf_model_vote_average.joblib
[2026-03-03T10:00:19.046+0000] {logging_mixin.py:190} INFO - ✅ Métadonnées sauvegardées: /opt/project/src/ml/models/rf_metadata_vote_average.joblib
[2026-03-03T10:00:19.047+0000] {logging_mixin.py:190} INFO - 📊 Scores - Train: 0.7202, Test: 0.3206
[2026-03-03T10:00:19.047+0000] {logging_mixin.py:190} INFO - 🔧 Features: 218, Échantillons: 5392
[2026-03-03T10:00:19.211+0000] {logging_mixin.py:190} INFO - 
🎉 Entrainement terminé et sauvegardés avec succès pour vote_average!
[2026-03-03T10:00:21.650+0000] {logging_mixin.py:190} INFO - 
✅ Entrainement terminé pour toutes les variables cibles.
[2026-03-03T10:00:21.652+0000] {logging_mixin.py:190} INFO - 
⏱️ Temps total d'exécution du script: 446.75 secondes
[2026-03-03T10:00:21.652+0000] {python.py:240} INFO - Done. Returned value was: None
[2026-03-03T10:00:21.665+0000] {taskinstance.py:341} INFO - ::group::Post task execution logs
[2026-03-03T10:00:21.666+0000] {taskinstance.py:353} INFO - Marking task as SUCCESS. dag_id=db_and_model_update, task_id=run_rf_model_update, run_id=scheduled__2026-02-23T14:00:00+00:00, execution_date=20260223T140000, start_date=20260303T095253, end_date=20260303T100021
[2026-03-03T10:00:22.230+0000] {local_task_job_runner.py:266} INFO - Task exited with return code 0
[2026-03-03T10:00:22.246+0000] {taskinstance.py:3901} INFO - 0 downstream tasks scheduled from follow-on schedule check
[2026-03-03T10:00:22.250+0000] {local_task_job_runner.py:245} INFO - ::endgroup::
