[2026-04-01T06:58:38.026+0000] {local_task_job_runner.py:123} INFO - ::group::Pre task execution logs
[2026-04-01T06:58:38.079+0000] {taskinstance.py:2614} INFO - Dependencies all met for dep_context=non-requeueable deps ti=<TaskInstance: db_and_model_update.run_rf_model_update manual__2026-03-31T20:39:38.249529+00:00 [queued]>
[2026-04-01T06:58:38.094+0000] {taskinstance.py:2614} INFO - Dependencies all met for dep_context=requeueable deps ti=<TaskInstance: db_and_model_update.run_rf_model_update manual__2026-03-31T20:39:38.249529+00:00 [queued]>
[2026-04-01T06:58:38.095+0000] {taskinstance.py:2867} INFO - Starting attempt 1 of 1
[2026-04-01T06:58:38.115+0000] {taskinstance.py:2890} INFO - Executing <Task(PythonOperator): run_rf_model_update> on 2026-03-31 20:39:38.249529+00:00
[2026-04-01T06:58:38.124+0000] {standard_task_runner.py:72} INFO - Started process 12339 to run task
[2026-04-01T06:58:38.129+0000] {standard_task_runner.py:104} INFO - Running: ['***', 'tasks', 'run', 'db_and_model_update', 'run_rf_model_update', 'manual__2026-03-31T20:39:38.249529+00:00', '--job-id', '150', '--raw', '--subdir', 'DAGS_FOLDER/db_and_model_update_dag.py', '--cfg-path', '/tmp/tmp6splwa8q']
[2026-04-01T06:58:38.133+0000] {standard_task_runner.py:105} INFO - Job 150: Subtask run_rf_model_update
[2026-04-01T06:58:38.215+0000] {task_command.py:467} INFO - Running <TaskInstance: db_and_model_update.run_rf_model_update manual__2026-03-31T20:39:38.249529+00:00 [running]> on host 5a32e08586f8
[2026-04-01T06:58:38.377+0000] {taskinstance.py:3134} INFO - Exporting env vars: AIRFLOW_CTX_DAG_OWNER='***' AIRFLOW_CTX_DAG_ID='db_and_model_update' AIRFLOW_CTX_TASK_ID='run_rf_model_update' AIRFLOW_CTX_EXECUTION_DATE='2026-03-31T20:39:38.249529+00:00' AIRFLOW_CTX_TRY_NUMBER='1' AIRFLOW_CTX_DAG_RUN_ID='manual__2026-03-31T20:39:38.249529+00:00'
[2026-04-01T06:58:38.381+0000] {taskinstance.py:732} INFO - ::endgroup::
[2026-04-01T06:58:40.446+0000] {logging_mixin.py:190} INFO - 🔌 Connexion à la base de données...
[2026-04-01T06:58:40.485+0000] {logging_mixin.py:190} INFO - ✅ Connexion réussie!
[2026-04-01T06:58:40.489+0000] {logging_mixin.py:190} INFO - 
==================================================
[2026-04-01T06:58:40.490+0000] {logging_mixin.py:190} INFO - 🎯 TRAITEMENT POUR LA VARIABLE CIBLE: REVENUE
[2026-04-01T06:58:40.491+0000] {logging_mixin.py:190} INFO - ==================================================
[2026-04-01T06:58:40.492+0000] {logging_mixin.py:190} INFO - 🔍 Construction de la requête SQL...
[2026-04-01T06:58:40.492+0000] {logging_mixin.py:190} INFO - 📥 Chargement des données complètes...
[2026-04-01T06:58:40.493+0000] {logging_mixin.py:190} INFO - 🔗 Test de connexion à la base de données...
[2026-04-01T06:58:40.497+0000] {logging_mixin.py:190} INFO - ✅ Connexion PostgreSQL réussie!
[2026-04-01T07:01:08.414+0000] {logging_mixin.py:190} INFO - ✅ Données chargées avec succès. Shape: (10547828, 14)
[2026-04-01T07:01:08.416+0000] {logging_mixin.py:190} INFO - 🔧 Début du préprocessing des données...
[2026-04-01T07:01:12.927+0000] {logging_mixin.py:190} INFO - ✅ Préprocessing terminé! Shape final: X(5448, 218), y(5448,)
[2026-04-01T07:01:12.928+0000] {logging_mixin.py:190} INFO - 
==================================================
[2026-04-01T07:01:12.929+0000] {logging_mixin.py:190} INFO - 🤖 ENTRAÎNEMENT DU MODÈLE RANDOMFOREST
[2026-04-01T07:01:12.930+0000] {logging_mixin.py:190} INFO - ==================================================
[2026-04-01T07:01:12.933+0000] {logging_mixin.py:190} INFO - 
🔧 Entraînement du modèle RandomForest...
[2026-04-01T07:01:13.403+0000] {logging_mixin.py:190} INFO - RandomForest :
[2026-04-01T07:01:13.439+0000] {logging_mixin.py:190} INFO - train : 0.7030260569600981
[2026-04-01T07:01:13.457+0000] {logging_mixin.py:190} INFO - test  : 0.5894153970783047
[2026-04-01T07:01:13.458+0000] {logging_mixin.py:190} INFO - 💾 Sauvegarde du modèle RandomForest...
[2026-04-01T07:01:13.843+0000] {logging_mixin.py:190} INFO - ✅ Modèle RandomForest sauvegardé: /opt/project/src/ml/models/rf_model_revenue.joblib
[2026-04-01T07:01:13.844+0000] {logging_mixin.py:190} INFO - ✅ Métadonnées sauvegardées: /opt/project/src/ml/models/rf_metadata_revenue.joblib
[2026-04-01T07:01:13.845+0000] {logging_mixin.py:190} INFO - 📊 Scores - Train: 0.7030, Test: 0.5894
[2026-04-01T07:01:13.846+0000] {logging_mixin.py:190} INFO - 🔧 Features: 218, Échantillons: 5448
[2026-04-01T07:01:14.068+0000] {logging_mixin.py:190} INFO - 
🎉 Entrainement terminé et sauvegardés avec succès pour revenue!
[2026-04-01T07:01:17.027+0000] {logging_mixin.py:190} INFO - 
==================================================
[2026-04-01T07:01:17.028+0000] {logging_mixin.py:190} INFO - 🎯 TRAITEMENT POUR LA VARIABLE CIBLE: POPULARITY
[2026-04-01T07:01:17.029+0000] {logging_mixin.py:190} INFO - ==================================================
[2026-04-01T07:01:17.030+0000] {logging_mixin.py:190} INFO - 🔍 Construction de la requête SQL...
[2026-04-01T07:01:17.030+0000] {logging_mixin.py:190} INFO - 📥 Chargement des données complètes...
[2026-04-01T07:01:17.034+0000] {logging_mixin.py:190} INFO - 🔗 Test de connexion à la base de données...
[2026-04-01T07:01:17.038+0000] {logging_mixin.py:190} INFO - ✅ Connexion PostgreSQL réussie!
[2026-04-01T07:03:45.044+0000] {logging_mixin.py:190} INFO - ✅ Données chargées avec succès. Shape: (10547828, 14)
[2026-04-01T07:03:45.045+0000] {logging_mixin.py:190} INFO - 🔧 Début du préprocessing des données...
[2026-04-01T07:03:49.438+0000] {logging_mixin.py:190} INFO - ✅ Préprocessing terminé! Shape final: X(5448, 218), y(5448,)
[2026-04-01T07:03:49.439+0000] {logging_mixin.py:190} INFO - 
==================================================
[2026-04-01T07:03:49.440+0000] {logging_mixin.py:190} INFO - 🤖 ENTRAÎNEMENT DU MODÈLE RANDOMFOREST
[2026-04-01T07:03:49.440+0000] {logging_mixin.py:190} INFO - ==================================================
[2026-04-01T07:03:49.443+0000] {logging_mixin.py:190} INFO - 
🔧 Entraînement du modèle RandomForest...
[2026-04-01T07:03:49.740+0000] {logging_mixin.py:190} INFO - RandomForest :
[2026-04-01T07:03:49.777+0000] {logging_mixin.py:190} INFO - train : 0.47839373691007003
[2026-04-01T07:03:49.794+0000] {logging_mixin.py:190} INFO - test  : 0.2527301368735503
[2026-04-01T07:03:49.795+0000] {logging_mixin.py:190} INFO - 💾 Sauvegarde du modèle RandomForest...
[2026-04-01T07:03:50.133+0000] {logging_mixin.py:190} INFO - ✅ Modèle RandomForest sauvegardé: /opt/project/src/ml/models/rf_model_popularity.joblib
[2026-04-01T07:03:50.135+0000] {logging_mixin.py:190} INFO - ✅ Métadonnées sauvegardées: /opt/project/src/ml/models/rf_metadata_popularity.joblib
[2026-04-01T07:03:50.137+0000] {logging_mixin.py:190} INFO - 📊 Scores - Train: 0.4784, Test: 0.2527
[2026-04-01T07:03:50.138+0000] {logging_mixin.py:190} INFO - 🔧 Features: 218, Échantillons: 5448
[2026-04-01T07:03:50.394+0000] {logging_mixin.py:190} INFO - 
🎉 Entrainement terminé et sauvegardés avec succès pour popularity!
[2026-04-01T07:03:53.458+0000] {logging_mixin.py:190} INFO - 
==================================================
[2026-04-01T07:03:53.459+0000] {logging_mixin.py:190} INFO - 🎯 TRAITEMENT POUR LA VARIABLE CIBLE: VOTE_AVERAGE
[2026-04-01T07:03:53.460+0000] {logging_mixin.py:190} INFO - ==================================================
[2026-04-01T07:03:53.461+0000] {logging_mixin.py:190} INFO - 🔍 Construction de la requête SQL...
[2026-04-01T07:03:53.461+0000] {logging_mixin.py:190} INFO - 📥 Chargement des données complètes...
[2026-04-01T07:03:53.462+0000] {logging_mixin.py:190} INFO - 🔗 Test de connexion à la base de données...
[2026-04-01T07:03:53.466+0000] {logging_mixin.py:190} INFO - ✅ Connexion PostgreSQL réussie!
[2026-04-01T07:06:17.536+0000] {logging_mixin.py:190} INFO - ✅ Données chargées avec succès. Shape: (10547828, 14)
[2026-04-01T07:06:17.537+0000] {logging_mixin.py:190} INFO - 🔧 Début du préprocessing des données...
[2026-04-01T07:06:20.516+0000] {logging_mixin.py:190} INFO - ✅ Préprocessing terminé! Shape final: X(5448, 218), y(5448,)
[2026-04-01T07:06:20.518+0000] {logging_mixin.py:190} INFO - 
==================================================
[2026-04-01T07:06:20.518+0000] {logging_mixin.py:190} INFO - 🤖 ENTRAÎNEMENT DU MODÈLE RANDOMFOREST
[2026-04-01T07:06:20.519+0000] {logging_mixin.py:190} INFO - ==================================================
[2026-04-01T07:06:20.523+0000] {logging_mixin.py:190} INFO - 
🔧 Entraînement du modèle RandomForest...
[2026-04-01T07:06:20.909+0000] {logging_mixin.py:190} INFO - RandomForest :
[2026-04-01T07:06:20.951+0000] {logging_mixin.py:190} INFO - train : 0.4288853153964819
[2026-04-01T07:06:20.969+0000] {logging_mixin.py:190} INFO - test  : 0.3239875429443797
[2026-04-01T07:06:20.970+0000] {logging_mixin.py:190} INFO - 💾 Sauvegarde du modèle RandomForest...
[2026-04-01T07:06:21.372+0000] {logging_mixin.py:190} INFO - ✅ Modèle RandomForest sauvegardé: /opt/project/src/ml/models/rf_model_vote_average.joblib
[2026-04-01T07:06:21.373+0000] {logging_mixin.py:190} INFO - ✅ Métadonnées sauvegardées: /opt/project/src/ml/models/rf_metadata_vote_average.joblib
[2026-04-01T07:06:21.374+0000] {logging_mixin.py:190} INFO - 📊 Scores - Train: 0.4289, Test: 0.3240
[2026-04-01T07:06:21.375+0000] {logging_mixin.py:190} INFO - 🔧 Features: 218, Échantillons: 5448
[2026-04-01T07:06:21.575+0000] {logging_mixin.py:190} INFO - 
🎉 Entrainement terminé et sauvegardés avec succès pour vote_average!
[2026-04-01T07:06:24.475+0000] {logging_mixin.py:190} INFO - 
✅ Entrainement terminé pour toutes les variables cibles.
[2026-04-01T07:06:24.476+0000] {logging_mixin.py:190} INFO - 
⏱️ Temps total d'exécution du script: 464.03 secondes
[2026-04-01T07:06:24.477+0000] {python.py:240} INFO - Done. Returned value was: None
[2026-04-01T07:06:24.491+0000] {taskinstance.py:341} INFO - ::group::Post task execution logs
[2026-04-01T07:06:24.492+0000] {taskinstance.py:353} INFO - Marking task as SUCCESS. dag_id=db_and_model_update, task_id=run_rf_model_update, run_id=manual__2026-03-31T20:39:38.249529+00:00, execution_date=20260331T203938, start_date=20260401T065838, end_date=20260401T070624
[2026-04-01T07:06:25.262+0000] {local_task_job_runner.py:266} INFO - Task exited with return code 0
[2026-04-01T07:06:25.328+0000] {taskinstance.py:3901} INFO - 0 downstream tasks scheduled from follow-on schedule check
[2026-04-01T07:06:25.334+0000] {local_task_job_runner.py:245} INFO - ::endgroup::
