[2026-03-03T09:45:53.351+0000] {local_task_job_runner.py:123} INFO - ::group::Pre task execution logs
[2026-03-03T09:45:53.371+0000] {taskinstance.py:2614} INFO - Dependencies all met for dep_context=non-requeueable deps ti=<TaskInstance: db_and_model_update.run_lr_model_update scheduled__2026-02-23T14:00:00+00:00 [queued]>
[2026-03-03T09:45:53.377+0000] {taskinstance.py:2614} INFO - Dependencies all met for dep_context=requeueable deps ti=<TaskInstance: db_and_model_update.run_lr_model_update scheduled__2026-02-23T14:00:00+00:00 [queued]>
[2026-03-03T09:45:53.378+0000] {taskinstance.py:2867} INFO - Starting attempt 1 of 1
[2026-03-03T09:45:53.392+0000] {taskinstance.py:2890} INFO - Executing <Task(PythonOperator): run_lr_model_update> on 2026-02-23 14:00:00+00:00
[2026-03-03T09:45:53.399+0000] {standard_task_runner.py:72} INFO - Started process 131 to run task
[2026-03-03T09:45:53.402+0000] {standard_task_runner.py:104} INFO - Running: ['***', 'tasks', 'run', 'db_and_model_update', 'run_lr_model_update', 'scheduled__2026-02-23T14:00:00+00:00', '--job-id', '99', '--raw', '--subdir', 'DAGS_FOLDER/db_and_model_update_dag.py', '--cfg-path', '/tmp/tmpbgmim3jk']
[2026-03-03T09:45:53.406+0000] {standard_task_runner.py:105} INFO - Job 99: Subtask run_lr_model_update
[2026-03-03T09:45:53.468+0000] {task_command.py:467} INFO - Running <TaskInstance: db_and_model_update.run_lr_model_update scheduled__2026-02-23T14:00:00+00:00 [running]> on host 5a32e08586f8
[2026-03-03T09:45:53.553+0000] {taskinstance.py:3134} INFO - Exporting env vars: AIRFLOW_CTX_DAG_OWNER='***' AIRFLOW_CTX_DAG_ID='db_and_model_update' AIRFLOW_CTX_TASK_ID='run_lr_model_update' AIRFLOW_CTX_EXECUTION_DATE='2026-02-23T14:00:00+00:00' AIRFLOW_CTX_TRY_NUMBER='1' AIRFLOW_CTX_DAG_RUN_ID='scheduled__2026-02-23T14:00:00+00:00'
[2026-03-03T09:45:53.555+0000] {taskinstance.py:732} INFO - ::endgroup::
[2026-03-03T09:45:54.948+0000] {logging_mixin.py:190} INFO - 🔌 Connexion à la base de données...
[2026-03-03T09:45:54.981+0000] {logging_mixin.py:190} INFO - ✅ Connexion réussie!
[2026-03-03T09:45:54.982+0000] {logging_mixin.py:190} INFO - 
==================================================
[2026-03-03T09:45:54.982+0000] {logging_mixin.py:190} INFO - 🎯 TRAITEMENT POUR LA VARIABLE CIBLE: REVENUE
[2026-03-03T09:45:54.983+0000] {logging_mixin.py:190} INFO - ==================================================
[2026-03-03T09:45:54.984+0000] {logging_mixin.py:190} INFO - 🔍 Construction de la requête SQL...
[2026-03-03T09:45:54.984+0000] {logging_mixin.py:190} INFO - 📥 Chargement des données complètes...
[2026-03-03T09:45:54.985+0000] {logging_mixin.py:190} INFO - 🔗 Test de connexion à la base de données...
[2026-03-03T09:45:54.988+0000] {logging_mixin.py:190} INFO - ✅ Connexion PostgreSQL réussie!
[2026-03-03T09:46:28.714+0000] {job.py:229} INFO - Heartbeat recovered after 15.14 seconds
[2026-03-03T09:48:07.996+0000] {job.py:229} INFO - Heartbeat recovered after 15.09 seconds
[2026-03-03T09:48:10.312+0000] {logging_mixin.py:190} INFO - ✅ Données chargées avec succès. Shape: (10453616, 14)
[2026-03-03T09:48:10.313+0000] {logging_mixin.py:190} INFO - 🔧 Début du préprocessing des données...
[2026-03-03T09:48:13.973+0000] {logging_mixin.py:190} INFO - ✅ Préprocessing terminé! Shape final: X(5392, 218), y(5392,)
[2026-03-03T09:48:13.974+0000] {logging_mixin.py:190} INFO - 
==================================================
[2026-03-03T09:48:13.975+0000] {logging_mixin.py:190} INFO - 🤖 ENTRAÎNEMENT DU MODÈLE LINEARREGRESSION
[2026-03-03T09:48:13.976+0000] {logging_mixin.py:190} INFO - ==================================================
[2026-03-03T09:48:13.980+0000] {logging_mixin.py:190} INFO - 
🔧 Entraînement du modèle LinearRegression...
[2026-03-03T09:48:14.059+0000] {logging_mixin.py:190} INFO - LinearRegression :
[2026-03-03T09:48:14.070+0000] {logging_mixin.py:190} INFO - train : 0.6334270238876343
[2026-03-03T09:48:14.078+0000] {logging_mixin.py:190} INFO - test  : 0.5234984159469604
[2026-03-03T09:48:14.080+0000] {logging_mixin.py:190} INFO - 💾 Sauvegarde du modèle LinearRegression...
[2026-03-03T09:48:14.185+0000] {logging_mixin.py:190} INFO - ✅ Modèle LinearRegression sauvegardé: /opt/project/src/ml/models/lr_model_revenue.joblib
[2026-03-03T09:48:14.186+0000] {logging_mixin.py:190} INFO - ✅ Métadonnées sauvegardées: /opt/project/src/ml/models/lr_metadata_revenue.joblib
[2026-03-03T09:48:14.186+0000] {logging_mixin.py:190} INFO - 📊 Scores - Train: 0.6334, Test: 0.5235
[2026-03-03T09:48:14.187+0000] {logging_mixin.py:190} INFO - 🔧 Features: 218, Échantillons: 5392
[2026-03-03T09:48:14.369+0000] {logging_mixin.py:190} INFO - 
🎉 Entrainement terminé et sauvegardés avec succès pour revenue!
[2026-03-03T09:48:16.750+0000] {logging_mixin.py:190} INFO - 
==================================================
[2026-03-03T09:48:16.751+0000] {logging_mixin.py:190} INFO - 🎯 TRAITEMENT POUR LA VARIABLE CIBLE: POPULARITY
[2026-03-03T09:48:16.752+0000] {logging_mixin.py:190} INFO - ==================================================
[2026-03-03T09:48:16.753+0000] {logging_mixin.py:190} INFO - 🔍 Construction de la requête SQL...
[2026-03-03T09:48:16.753+0000] {logging_mixin.py:190} INFO - 📥 Chargement des données complètes...
[2026-03-03T09:48:16.754+0000] {logging_mixin.py:190} INFO - 🔗 Test de connexion à la base de données...
[2026-03-03T09:48:16.757+0000] {logging_mixin.py:190} INFO - ✅ Connexion PostgreSQL réussie!
[2026-03-03T09:50:09.407+0000] {job.py:229} INFO - Heartbeat recovered after 15.53 seconds
[2026-03-03T09:50:22.826+0000] {logging_mixin.py:190} INFO - ✅ Données chargées avec succès. Shape: (10453616, 14)
[2026-03-03T09:50:22.827+0000] {logging_mixin.py:190} INFO - 🔧 Début du préprocessing des données...
[2026-03-03T09:50:26.663+0000] {logging_mixin.py:190} INFO - ✅ Préprocessing terminé! Shape final: X(5392, 218), y(5392,)
[2026-03-03T09:50:26.665+0000] {logging_mixin.py:190} INFO - 
==================================================
[2026-03-03T09:50:26.665+0000] {logging_mixin.py:190} INFO - 🤖 ENTRAÎNEMENT DU MODÈLE LINEARREGRESSION
[2026-03-03T09:50:26.666+0000] {logging_mixin.py:190} INFO - ==================================================
[2026-03-03T09:50:26.672+0000] {logging_mixin.py:190} INFO - 
🔧 Entraînement du modèle LinearRegression...
[2026-03-03T09:50:26.698+0000] {logging_mixin.py:190} INFO - LinearRegression :
[2026-03-03T09:50:26.714+0000] {logging_mixin.py:190} INFO - train : 0.2729491591453552
[2026-03-03T09:50:26.725+0000] {logging_mixin.py:190} INFO - test  : 0.09296387434005737
[2026-03-03T09:50:26.726+0000] {logging_mixin.py:190} INFO - 💾 Sauvegarde du modèle LinearRegression...
[2026-03-03T09:50:26.811+0000] {logging_mixin.py:190} INFO - ✅ Modèle LinearRegression sauvegardé: /opt/project/src/ml/models/lr_model_popularity.joblib
[2026-03-03T09:50:26.812+0000] {logging_mixin.py:190} INFO - ✅ Métadonnées sauvegardées: /opt/project/src/ml/models/lr_metadata_popularity.joblib
[2026-03-03T09:50:26.813+0000] {logging_mixin.py:190} INFO - 📊 Scores - Train: 0.2729, Test: 0.0930
[2026-03-03T09:50:26.814+0000] {logging_mixin.py:190} INFO - 🔧 Features: 218, Échantillons: 5392
[2026-03-03T09:50:26.987+0000] {logging_mixin.py:190} INFO - 
🎉 Entrainement terminé et sauvegardés avec succès pour popularity!
[2026-03-03T09:50:29.442+0000] {logging_mixin.py:190} INFO - 
==================================================
[2026-03-03T09:50:29.444+0000] {logging_mixin.py:190} INFO - 🎯 TRAITEMENT POUR LA VARIABLE CIBLE: VOTE_AVERAGE
[2026-03-03T09:50:29.444+0000] {logging_mixin.py:190} INFO - ==================================================
[2026-03-03T09:50:29.445+0000] {logging_mixin.py:190} INFO - 🔍 Construction de la requête SQL...
[2026-03-03T09:50:29.446+0000] {logging_mixin.py:190} INFO - 📥 Chargement des données complètes...
[2026-03-03T09:50:29.446+0000] {logging_mixin.py:190} INFO - 🔗 Test de connexion à la base de données...
[2026-03-03T09:50:29.450+0000] {logging_mixin.py:190} INFO - ✅ Connexion PostgreSQL réussie!
[2026-03-03T09:52:41.256+0000] {job.py:229} INFO - Heartbeat recovered after 15.53 seconds
[2026-03-03T09:52:34.556+0000] {logging_mixin.py:190} INFO - ✅ Données chargées avec succès. Shape: (10453616, 14)
[2026-03-03T09:52:34.557+0000] {logging_mixin.py:190} INFO - 🔧 Début du préprocessing des données...
[2026-03-03T09:52:38.583+0000] {logging_mixin.py:190} INFO - ✅ Préprocessing terminé! Shape final: X(5392, 218), y(5392,)
[2026-03-03T09:52:38.584+0000] {logging_mixin.py:190} INFO - 
==================================================
[2026-03-03T09:52:38.584+0000] {logging_mixin.py:190} INFO - 🤖 ENTRAÎNEMENT DU MODÈLE LINEARREGRESSION
[2026-03-03T09:52:38.585+0000] {logging_mixin.py:190} INFO - ==================================================
[2026-03-03T09:52:38.589+0000] {logging_mixin.py:190} INFO - 
🔧 Entraînement du modèle LinearRegression...
[2026-03-03T09:52:38.613+0000] {logging_mixin.py:190} INFO - LinearRegression :
[2026-03-03T09:52:38.622+0000] {logging_mixin.py:190} INFO - train : 0.3819313049316406
[2026-03-03T09:52:38.626+0000] {logging_mixin.py:190} INFO - test  : 0.27620017528533936
[2026-03-03T09:52:38.628+0000] {logging_mixin.py:190} INFO - 💾 Sauvegarde du modèle LinearRegression...
[2026-03-03T09:52:38.689+0000] {logging_mixin.py:190} INFO - ✅ Modèle LinearRegression sauvegardé: /opt/project/src/ml/models/lr_model_vote_average.joblib
[2026-03-03T09:52:38.691+0000] {logging_mixin.py:190} INFO - ✅ Métadonnées sauvegardées: /opt/project/src/ml/models/lr_metadata_vote_average.joblib
[2026-03-03T09:52:38.692+0000] {logging_mixin.py:190} INFO - 📊 Scores - Train: 0.3819, Test: 0.2762
[2026-03-03T09:52:38.695+0000] {logging_mixin.py:190} INFO - 🔧 Features: 218, Échantillons: 5392
[2026-03-03T09:52:49.339+0000] {logging_mixin.py:190} INFO - 
🎉 Entrainement terminé et sauvegardés avec succès pour vote_average!
[2026-03-03T09:52:41.524+0000] {logging_mixin.py:190} INFO - 
✅ Entrainement terminé pour toutes les variables cibles.
[2026-03-03T09:52:41.525+0000] {logging_mixin.py:190} INFO - 
⏱️ Temps total d'exécution du script: 406.58 secondes
[2026-03-03T09:52:41.526+0000] {python.py:240} INFO - Done. Returned value was: None
[2026-03-03T09:52:41.537+0000] {taskinstance.py:341} INFO - ::group::Post task execution logs
[2026-03-03T09:52:41.538+0000] {taskinstance.py:353} INFO - Marking task as SUCCESS. dag_id=db_and_model_update, task_id=run_lr_model_update, run_id=scheduled__2026-02-23T14:00:00+00:00, execution_date=20260223T140000, start_date=20260303T094553, end_date=20260303T095241
[2026-03-03T09:52:51.334+0000] {local_task_job_runner.py:266} INFO - Task exited with return code 0
[2026-03-03T09:52:51.355+0000] {taskinstance.py:3901} INFO - 0 downstream tasks scheduled from follow-on schedule check
[2026-03-03T09:52:51.359+0000] {local_task_job_runner.py:245} INFO - ::endgroup::
