[2026-03-23T13:31:23.707+0000] {local_task_job_runner.py:123} INFO - ::group::Pre task execution logs
[2026-03-23T13:31:23.722+0000] {taskinstance.py:2614} INFO - Dependencies all met for dep_context=non-requeueable deps ti=<TaskInstance: ingestion_postgres_tmdb.run_main_ingestion_postgre manual__2026-03-23T13:31:22.660496+00:00 [queued]>
[2026-03-23T13:31:23.730+0000] {taskinstance.py:2614} INFO - Dependencies all met for dep_context=requeueable deps ti=<TaskInstance: ingestion_postgres_tmdb.run_main_ingestion_postgre manual__2026-03-23T13:31:22.660496+00:00 [queued]>
[2026-03-23T13:31:23.731+0000] {taskinstance.py:2867} INFO - Starting attempt 1 of 1
[2026-03-23T13:31:23.743+0000] {taskinstance.py:2890} INFO - Executing <Task(BashOperator): run_main_ingestion_postgre> on 2026-03-23 13:31:22.660496+00:00
[2026-03-23T13:31:23.750+0000] {standard_task_runner.py:72} INFO - Started process 392 to run task
[2026-03-23T13:31:23.754+0000] {standard_task_runner.py:104} INFO - Running: ['***', 'tasks', 'run', 'ingestion_postgres_tmdb', 'run_main_ingestion_postgre', 'manual__2026-03-23T13:31:22.660496+00:00', '--job-id', '116', '--raw', '--subdir', 'DAGS_FOLDER/ingestion_postgres_dag.py', '--cfg-path', '/tmp/tmp6h35diuw']
[2026-03-23T13:31:23.756+0000] {standard_task_runner.py:105} INFO - Job 116: Subtask run_main_ingestion_postgre
[2026-03-23T13:31:23.827+0000] {task_command.py:467} INFO - Running <TaskInstance: ingestion_postgres_tmdb.run_main_ingestion_postgre manual__2026-03-23T13:31:22.660496+00:00 [running]> on host 5a32e08586f8
[2026-03-23T13:31:24.018+0000] {taskinstance.py:3134} INFO - Exporting env vars: AIRFLOW_CTX_DAG_OWNER='***' AIRFLOW_CTX_DAG_ID='ingestion_postgres_tmdb' AIRFLOW_CTX_TASK_ID='run_main_ingestion_postgre' AIRFLOW_CTX_EXECUTION_DATE='2026-03-23T13:31:22.660496+00:00' AIRFLOW_CTX_TRY_NUMBER='1' AIRFLOW_CTX_DAG_RUN_ID='manual__2026-03-23T13:31:22.660496+00:00'
[2026-03-23T13:31:24.021+0000] {taskinstance.py:732} INFO - ::endgroup::
[2026-03-23T13:31:24.034+0000] {subprocess.py:78} INFO - Tmp dir root location: /tmp
[2026-03-23T13:31:24.036+0000] {subprocess.py:88} INFO - Running command: ['/usr/bin/bash', '-c', 'python /opt/project/src/ingestion/main_ingestion_postgre.py']
[2026-03-23T13:31:24.049+0000] {subprocess.py:99} INFO - Output:
[2026-03-23T13:31:25.153+0000] {subprocess.py:106} INFO - 🔌 Connexion à la base de données...
[2026-03-23T13:31:25.155+0000] {subprocess.py:106} INFO - ❌ Échec de la connexion à la base de données: (psycopg2.OperationalError) connection to server at "host.docker.internal" (192.168.65.254), port 5432 failed: Connection refused
[2026-03-23T13:31:25.156+0000] {subprocess.py:106} INFO - 	Is the server running on that host and accepting TCP/IP connections?
[2026-03-23T13:31:25.156+0000] {subprocess.py:106} INFO - connection to server at "host.docker.internal" (fdc4:f303:9324::254), port 5432 failed: Network is unreachable
[2026-03-23T13:31:25.157+0000] {subprocess.py:106} INFO - 	Is the server running on that host and accepting TCP/IP connections?
[2026-03-23T13:31:25.157+0000] {subprocess.py:106} INFO - 
[2026-03-23T13:31:25.158+0000] {subprocess.py:106} INFO - (Background on this error at: https://sqlalche.me/e/14/e3q8)
[2026-03-23T13:31:25.158+0000] {subprocess.py:106} INFO - Traceback (most recent call last):
[2026-03-23T13:31:25.159+0000] {subprocess.py:106} INFO -   File "/home/***/.local/lib/python3.11/site-packages/sqlalchemy/engine/base.py", line 3371, in _wrap_pool_connect
[2026-03-23T13:31:25.160+0000] {subprocess.py:106} INFO -     return fn()
[2026-03-23T13:31:25.160+0000] {subprocess.py:106} INFO -            ^^^^
[2026-03-23T13:31:25.161+0000] {subprocess.py:106} INFO -   File "/home/***/.local/lib/python3.11/site-packages/sqlalchemy/pool/base.py", line 327, in connect
[2026-03-23T13:31:25.162+0000] {subprocess.py:106} INFO -     return _ConnectionFairy._checkout(self)
[2026-03-23T13:31:25.163+0000] {subprocess.py:106} INFO -            ^^^^^^^^^^^^^^^^^^^^^^^^^^^^^^^^
[2026-03-23T13:31:25.163+0000] {subprocess.py:106} INFO -   File "/home/***/.local/lib/python3.11/site-packages/sqlalchemy/pool/base.py", line 894, in _checkout
[2026-03-23T13:31:25.164+0000] {subprocess.py:106} INFO -     fairy = _ConnectionRecord.checkout(pool)
[2026-03-23T13:31:25.164+0000] {subprocess.py:106} INFO -             ^^^^^^^^^^^^^^^^^^^^^^^^^^^^^^^^
[2026-03-23T13:31:25.165+0000] {subprocess.py:106} INFO -   File "/home/***/.local/lib/python3.11/site-packages/sqlalchemy/pool/base.py", line 493, in checkout
[2026-03-23T13:31:25.168+0000] {subprocess.py:106} INFO -     rec = pool._do_get()
[2026-03-23T13:31:25.169+0000] {subprocess.py:106} INFO -           ^^^^^^^^^^^^^^
[2026-03-23T13:31:25.169+0000] {subprocess.py:106} INFO -   File "/home/***/.local/lib/python3.11/site-packages/sqlalchemy/pool/impl.py", line 145, in _do_get
[2026-03-23T13:31:25.170+0000] {subprocess.py:106} INFO -     with util.safe_reraise():
[2026-03-23T13:31:25.170+0000] {subprocess.py:106} INFO -   File "/home/***/.local/lib/python3.11/site-packages/sqlalchemy/util/langhelpers.py", line 70, in __exit__
[2026-03-23T13:31:25.171+0000] {subprocess.py:106} INFO -     compat.raise_(
[2026-03-23T13:31:25.171+0000] {subprocess.py:106} INFO -   File "/home/***/.local/lib/python3.11/site-packages/sqlalchemy/util/compat.py", line 211, in raise_
[2026-03-23T13:31:25.172+0000] {subprocess.py:106} INFO -     raise exception
[2026-03-23T13:31:25.172+0000] {subprocess.py:106} INFO -   File "/home/***/.local/lib/python3.11/site-packages/sqlalchemy/pool/impl.py", line 143, in _do_get
[2026-03-23T13:31:25.173+0000] {subprocess.py:106} INFO -     return self._create_connection()
[2026-03-23T13:31:25.174+0000] {subprocess.py:106} INFO -            ^^^^^^^^^^^^^^^^^^^^^^^^^
[2026-03-23T13:31:25.174+0000] {subprocess.py:106} INFO -   File "/home/***/.local/lib/python3.11/site-packages/sqlalchemy/pool/base.py", line 273, in _create_connection
[2026-03-23T13:31:25.175+0000] {subprocess.py:106} INFO -     return _ConnectionRecord(self)
[2026-03-23T13:31:25.175+0000] {subprocess.py:106} INFO -            ^^^^^^^^^^^^^^^^^^^^^^^
[2026-03-23T13:31:25.176+0000] {subprocess.py:106} INFO -   File "/home/***/.local/lib/python3.11/site-packages/sqlalchemy/pool/base.py", line 388, in __init__
[2026-03-23T13:31:25.176+0000] {subprocess.py:106} INFO -     self.__connect()
[2026-03-23T13:31:25.177+0000] {subprocess.py:106} INFO -   File "/home/***/.local/lib/python3.11/site-packages/sqlalchemy/pool/base.py", line 690, in __connect
[2026-03-23T13:31:25.178+0000] {subprocess.py:106} INFO -     with util.safe_reraise():
[2026-03-23T13:31:25.178+0000] {subprocess.py:106} INFO -   File "/home/***/.local/lib/python3.11/site-packages/sqlalchemy/util/langhelpers.py", line 70, in __exit__
[2026-03-23T13:31:25.179+0000] {subprocess.py:106} INFO -     compat.raise_(
[2026-03-23T13:31:25.179+0000] {subprocess.py:106} INFO -   File "/home/***/.local/lib/python3.11/site-packages/sqlalchemy/util/compat.py", line 211, in raise_
[2026-03-23T13:31:25.180+0000] {subprocess.py:106} INFO -     raise exception
[2026-03-23T13:31:25.180+0000] {subprocess.py:106} INFO -   File "/home/***/.local/lib/python3.11/site-packages/sqlalchemy/pool/base.py", line 686, in __connect
[2026-03-23T13:31:25.181+0000] {subprocess.py:106} INFO -     self.dbapi_connection = connection = pool._invoke_creator(self)
[2026-03-23T13:31:25.181+0000] {subprocess.py:106} INFO -                                          ^^^^^^^^^^^^^^^^^^^^^^^^^^
[2026-03-23T13:31:25.182+0000] {subprocess.py:106} INFO -   File "/home/***/.local/lib/python3.11/site-packages/sqlalchemy/engine/create.py", line 574, in connect
[2026-03-23T13:31:25.182+0000] {subprocess.py:106} INFO -     return dialect.connect(*cargs, **cparams)
[2026-03-23T13:31:25.183+0000] {subprocess.py:106} INFO -            ^^^^^^^^^^^^^^^^^^^^^^^^^^^^^^^^^^
[2026-03-23T13:31:25.184+0000] {subprocess.py:106} INFO -   File "/home/***/.local/lib/python3.11/site-packages/sqlalchemy/engine/default.py", line 598, in connect
[2026-03-23T13:31:25.184+0000] {subprocess.py:106} INFO -     return self.dbapi.connect(*cargs, **cparams)
[2026-03-23T13:31:25.185+0000] {subprocess.py:106} INFO -            ^^^^^^^^^^^^^^^^^^^^^^^^^^^^^^^^^^^^^
[2026-03-23T13:31:25.185+0000] {subprocess.py:106} INFO -   File "/home/***/.local/lib/python3.11/site-packages/psycopg2/__init__.py", line 122, in connect
[2026-03-23T13:31:25.186+0000] {subprocess.py:106} INFO -     conn = _connect(dsn, connection_factory=connection_factory, **kwasync)
[2026-03-23T13:31:25.187+0000] {subprocess.py:106} INFO -            ^^^^^^^^^^^^^^^^^^^^^^^^^^^^^^^^^^^^^^^^^^^^^^^^^^^^^^^^^^^^^^^
[2026-03-23T13:31:25.187+0000] {subprocess.py:106} INFO - psycopg2.OperationalError: connection to server at "host.docker.internal" (192.168.65.254), port 5432 failed: Connection refused
[2026-03-23T13:31:25.188+0000] {subprocess.py:106} INFO - 	Is the server running on that host and accepting TCP/IP connections?
[2026-03-23T13:31:25.188+0000] {subprocess.py:106} INFO - connection to server at "host.docker.internal" (fdc4:f303:9324::254), port 5432 failed: Network is unreachable
[2026-03-23T13:31:25.189+0000] {subprocess.py:106} INFO - 	Is the server running on that host and accepting TCP/IP connections?
[2026-03-23T13:31:25.189+0000] {subprocess.py:106} INFO - 
[2026-03-23T13:31:25.190+0000] {subprocess.py:106} INFO - 
[2026-03-23T13:31:25.190+0000] {subprocess.py:106} INFO - The above exception was the direct cause of the following exception:
[2026-03-23T13:31:25.191+0000] {subprocess.py:106} INFO - 
[2026-03-23T13:31:25.192+0000] {subprocess.py:106} INFO - Traceback (most recent call last):
[2026-03-23T13:31:25.192+0000] {subprocess.py:106} INFO -   File "/opt/project/src/db_connection.py", line 20, in connect_to_db
[2026-03-23T13:31:25.193+0000] {subprocess.py:106} INFO -     with engine.connect() as connection:
[2026-03-23T13:31:25.194+0000] {subprocess.py:106} INFO -          ^^^^^^^^^^^^^^^^
[2026-03-23T13:31:25.195+0000] {subprocess.py:106} INFO -   File "/home/***/.local/lib/python3.11/site-packages/sqlalchemy/engine/base.py", line 3325, in connect
[2026-03-23T13:31:25.195+0000] {subprocess.py:106} INFO -     return self._connection_cls(self, close_with_result=close_with_result)
[2026-03-23T13:31:25.196+0000] {subprocess.py:106} INFO -            ^^^^^^^^^^^^^^^^^^^^^^^^^^^^^^^^^^^^^^^^^^^^^^^^^^^^^^^^^^^^^^^
[2026-03-23T13:31:25.196+0000] {subprocess.py:106} INFO -   File "/home/***/.local/lib/python3.11/site-packages/sqlalchemy/engine/base.py", line 96, in __init__
[2026-03-23T13:31:25.197+0000] {subprocess.py:106} INFO -     else engine.raw_connection()
[2026-03-23T13:31:25.197+0000] {subprocess.py:106} INFO -          ^^^^^^^^^^^^^^^^^^^^^^^
[2026-03-23T13:31:25.198+0000] {subprocess.py:106} INFO -   File "/home/***/.local/lib/python3.11/site-packages/sqlalchemy/engine/base.py", line 3404, in raw_connection
[2026-03-23T13:31:25.198+0000] {subprocess.py:106} INFO -     return self._wrap_pool_connect(self.pool.connect, _connection)
[2026-03-23T13:31:25.199+0000] {subprocess.py:106} INFO -            ^^^^^^^^^^^^^^^^^^^^^^^^^^^^^^^^^^^^^^^^^^^^^^^^^^^^^^^
[2026-03-23T13:31:25.199+0000] {subprocess.py:106} INFO -   File "/home/***/.local/lib/python3.11/site-packages/sqlalchemy/engine/base.py", line 3374, in _wrap_pool_connect
[2026-03-23T13:31:25.200+0000] {subprocess.py:106} INFO -     Connection._handle_dbapi_exception_noconnection(
[2026-03-23T13:31:25.201+0000] {subprocess.py:106} INFO -   File "/home/***/.local/lib/python3.11/site-packages/sqlalchemy/engine/base.py", line 2208, in _handle_dbapi_exception_noconnection
[2026-03-23T13:31:25.202+0000] {subprocess.py:106} INFO -     util.raise_(
[2026-03-23T13:31:25.202+0000] {subprocess.py:106} INFO -   File "/home/***/.local/lib/python3.11/site-packages/sqlalchemy/util/compat.py", line 211, in raise_
[2026-03-23T13:31:25.203+0000] {subprocess.py:106} INFO -     raise exception
[2026-03-23T13:31:25.203+0000] {subprocess.py:106} INFO -   File "/home/***/.local/lib/python3.11/site-packages/sqlalchemy/engine/base.py", line 3371, in _wrap_pool_connect
[2026-03-23T13:31:25.204+0000] {subprocess.py:106} INFO -     return fn()
[2026-03-23T13:31:25.204+0000] {subprocess.py:106} INFO -            ^^^^
[2026-03-23T13:31:25.205+0000] {subprocess.py:106} INFO -   File "/home/***/.local/lib/python3.11/site-packages/sqlalchemy/pool/base.py", line 327, in connect
[2026-03-23T13:31:25.206+0000] {subprocess.py:106} INFO -     return _ConnectionFairy._checkout(self)
[2026-03-23T13:31:25.207+0000] {subprocess.py:106} INFO -            ^^^^^^^^^^^^^^^^^^^^^^^^^^^^^^^^
[2026-03-23T13:31:25.211+0000] {subprocess.py:106} INFO -   File "/home/***/.local/lib/python3.11/site-packages/sqlalchemy/pool/base.py", line 894, in _checkout
[2026-03-23T13:31:25.213+0000] {subprocess.py:106} INFO -     fairy = _ConnectionRecord.checkout(pool)
[2026-03-23T13:31:25.213+0000] {subprocess.py:106} INFO -             ^^^^^^^^^^^^^^^^^^^^^^^^^^^^^^^^
[2026-03-23T13:31:25.214+0000] {subprocess.py:106} INFO -   File "/home/***/.local/lib/python3.11/site-packages/sqlalchemy/pool/base.py", line 493, in checkout
[2026-03-23T13:31:25.214+0000] {subprocess.py:106} INFO -     rec = pool._do_get()
[2026-03-23T13:31:25.215+0000] {subprocess.py:106} INFO -           ^^^^^^^^^^^^^^
[2026-03-23T13:31:25.215+0000] {subprocess.py:106} INFO -   File "/home/***/.local/lib/python3.11/site-packages/sqlalchemy/pool/impl.py", line 145, in _do_get
[2026-03-23T13:31:25.216+0000] {subprocess.py:106} INFO -     with util.safe_reraise():
[2026-03-23T13:31:25.217+0000] {subprocess.py:106} INFO -   File "/home/***/.local/lib/python3.11/site-packages/sqlalchemy/util/langhelpers.py", line 70, in __exit__
[2026-03-23T13:31:25.217+0000] {subprocess.py:106} INFO -     compat.raise_(
[2026-03-23T13:31:25.218+0000] {subprocess.py:106} INFO -   File "/home/***/.local/lib/python3.11/site-packages/sqlalchemy/util/compat.py", line 211, in raise_
[2026-03-23T13:31:25.218+0000] {subprocess.py:106} INFO -     raise exception
[2026-03-23T13:31:25.219+0000] {subprocess.py:106} INFO -   File "/home/***/.local/lib/python3.11/site-packages/sqlalchemy/pool/impl.py", line 143, in _do_get
[2026-03-23T13:31:25.219+0000] {subprocess.py:106} INFO -     return self._create_connection()
[2026-03-23T13:31:25.220+0000] {subprocess.py:106} INFO -            ^^^^^^^^^^^^^^^^^^^^^^^^^
[2026-03-23T13:31:25.220+0000] {subprocess.py:106} INFO -   File "/home/***/.local/lib/python3.11/site-packages/sqlalchemy/pool/base.py", line 273, in _create_connection
[2026-03-23T13:31:25.221+0000] {subprocess.py:106} INFO -     return _ConnectionRecord(self)
[2026-03-23T13:31:25.221+0000] {subprocess.py:106} INFO -            ^^^^^^^^^^^^^^^^^^^^^^^
[2026-03-23T13:31:25.222+0000] {subprocess.py:106} INFO -   File "/home/***/.local/lib/python3.11/site-packages/sqlalchemy/pool/base.py", line 388, in __init__
[2026-03-23T13:31:25.223+0000] {subprocess.py:106} INFO -     self.__connect()
[2026-03-23T13:31:25.224+0000] {subprocess.py:106} INFO -   File "/home/***/.local/lib/python3.11/site-packages/sqlalchemy/pool/base.py", line 690, in __connect
[2026-03-23T13:31:25.224+0000] {subprocess.py:106} INFO -     with util.safe_reraise():
[2026-03-23T13:31:25.225+0000] {subprocess.py:106} INFO -   File "/home/***/.local/lib/python3.11/site-packages/sqlalchemy/util/langhelpers.py", line 70, in __exit__
[2026-03-23T13:31:25.225+0000] {subprocess.py:106} INFO -     compat.raise_(
[2026-03-23T13:31:25.226+0000] {subprocess.py:106} INFO -   File "/home/***/.local/lib/python3.11/site-packages/sqlalchemy/util/compat.py", line 211, in raise_
[2026-03-23T13:31:25.227+0000] {subprocess.py:106} INFO -     raise exception
[2026-03-23T13:31:25.227+0000] {subprocess.py:106} INFO -   File "/home/***/.local/lib/python3.11/site-packages/sqlalchemy/pool/base.py", line 686, in __connect
[2026-03-23T13:31:25.228+0000] {subprocess.py:106} INFO -     self.dbapi_connection = connection = pool._invoke_creator(self)
[2026-03-23T13:31:25.229+0000] {subprocess.py:106} INFO -                                          ^^^^^^^^^^^^^^^^^^^^^^^^^^
[2026-03-23T13:31:25.229+0000] {subprocess.py:106} INFO -   File "/home/***/.local/lib/python3.11/site-packages/sqlalchemy/engine/create.py", line 574, in connect
[2026-03-23T13:31:25.230+0000] {subprocess.py:106} INFO -     return dialect.connect(*cargs, **cparams)
[2026-03-23T13:31:25.230+0000] {subprocess.py:106} INFO -            ^^^^^^^^^^^^^^^^^^^^^^^^^^^^^^^^^^
[2026-03-23T13:31:25.231+0000] {subprocess.py:106} INFO -   File "/home/***/.local/lib/python3.11/site-packages/sqlalchemy/engine/default.py", line 598, in connect
[2026-03-23T13:31:25.232+0000] {subprocess.py:106} INFO -     return self.dbapi.connect(*cargs, **cparams)
[2026-03-23T13:31:25.232+0000] {subprocess.py:106} INFO -            ^^^^^^^^^^^^^^^^^^^^^^^^^^^^^^^^^^^^^
[2026-03-23T13:31:25.233+0000] {subprocess.py:106} INFO -   File "/home/***/.local/lib/python3.11/site-packages/psycopg2/__init__.py", line 122, in connect
[2026-03-23T13:31:25.233+0000] {subprocess.py:106} INFO -     conn = _connect(dsn, connection_factory=connection_factory, **kwasync)
[2026-03-23T13:31:25.234+0000] {subprocess.py:106} INFO -            ^^^^^^^^^^^^^^^^^^^^^^^^^^^^^^^^^^^^^^^^^^^^^^^^^^^^^^^^^^^^^^^
[2026-03-23T13:31:25.235+0000] {subprocess.py:106} INFO - sqlalchemy.exc.OperationalError: (psycopg2.OperationalError) connection to server at "host.docker.internal" (192.168.65.254), port 5432 failed: Connection refused
[2026-03-23T13:31:25.235+0000] {subprocess.py:106} INFO - 	Is the server running on that host and accepting TCP/IP connections?
[2026-03-23T13:31:25.236+0000] {subprocess.py:106} INFO - connection to server at "host.docker.internal" (fdc4:f303:9324::254), port 5432 failed: Network is unreachable
[2026-03-23T13:31:25.236+0000] {subprocess.py:106} INFO - 	Is the server running on that host and accepting TCP/IP connections?
[2026-03-23T13:31:25.237+0000] {subprocess.py:106} INFO - 
[2026-03-23T13:31:25.237+0000] {subprocess.py:106} INFO - (Background on this error at: https://sqlalche.me/e/14/e3q8)
[2026-03-23T13:31:25.238+0000] {subprocess.py:106} INFO - 
[2026-03-23T13:31:25.238+0000] {subprocess.py:106} INFO - The above exception was the direct cause of the following exception:
[2026-03-23T13:31:25.239+0000] {subprocess.py:106} INFO - 
[2026-03-23T13:31:25.240+0000] {subprocess.py:106} INFO - Traceback (most recent call last):
[2026-03-23T13:31:25.240+0000] {subprocess.py:106} INFO -   File "/opt/project/src/ingestion/main_ingestion_postgre.py", line 34, in <module>
[2026-03-23T13:31:25.241+0000] {subprocess.py:106} INFO -     engine = connect_to_db()
[2026-03-23T13:31:25.241+0000] {subprocess.py:106} INFO -              ^^^^^^^^^^^^^^^
[2026-03-23T13:31:25.242+0000] {subprocess.py:106} INFO -   File "/opt/project/src/db_connection.py", line 26, in connect_to_db
[2026-03-23T13:31:25.242+0000] {subprocess.py:106} INFO -     raise RuntimeError("Échec de la connexion à la base de données") from e
[2026-03-23T13:31:25.243+0000] {subprocess.py:106} INFO - RuntimeError: Échec de la connexion à la base de données
[2026-03-23T13:31:25.287+0000] {subprocess.py:110} INFO - Command exited with return code 1
[2026-03-23T13:31:25.300+0000] {taskinstance.py:3313} ERROR - Task failed with exception
Traceback (most recent call last):
  File "/home/airflow/.local/lib/python3.11/site-packages/airflow/models/taskinstance.py", line 768, in _execute_task
    result = _execute_callable(context=context, **execute_callable_kwargs)
             ^^^^^^^^^^^^^^^^^^^^^^^^^^^^^^^^^^^^^^^^^^^^^^^^^^^^^^^^^^^^^
  File "/home/airflow/.local/lib/python3.11/site-packages/airflow/models/taskinstance.py", line 734, in _execute_callable
    return ExecutionCallableRunner(
           ^^^^^^^^^^^^^^^^^^^^^^^^
  File "/home/airflow/.local/lib/python3.11/site-packages/airflow/utils/operator_helpers.py", line 252, in run
    return self.func(*args, **kwargs)
           ^^^^^^^^^^^^^^^^^^^^^^^^^^
  File "/home/airflow/.local/lib/python3.11/site-packages/airflow/models/baseoperator.py", line 424, in wrapper
    return func(self, *args, **kwargs)
           ^^^^^^^^^^^^^^^^^^^^^^^^^^^
  File "/home/airflow/.local/lib/python3.11/site-packages/airflow/operators/bash.py", line 276, in execute
    raise AirflowException(
airflow.exceptions.AirflowException: Bash command failed. The command returned a non-zero exit code 1.
[2026-03-23T13:31:25.304+0000] {taskinstance.py:1226} INFO - Marking task as FAILED. dag_id=ingestion_postgres_tmdb, task_id=run_main_ingestion_postgre, run_id=manual__2026-03-23T13:31:22.660496+00:00, execution_date=20260323T133122, start_date=20260323T133123, end_date=20260323T133125
[2026-03-23T13:31:25.341+0000] {taskinstance.py:341} INFO - ::group::Post task execution logs
[2026-03-23T13:31:25.343+0000] {standard_task_runner.py:124} ERROR - Failed to execute job 116 for task run_main_ingestion_postgre (Bash command failed. The command returned a non-zero exit code 1.; 392)
Traceback (most recent call last):
  File "/home/airflow/.local/lib/python3.11/site-packages/airflow/task/task_runner/standard_task_runner.py", line 117, in _start_by_fork
    ret = args.func(args, dag=self.dag)
          ^^^^^^^^^^^^^^^^^^^^^^^^^^^^^
  File "/home/airflow/.local/lib/python3.11/site-packages/airflow/cli/cli_config.py", line 49, in command
    return func(*args, **kwargs)
           ^^^^^^^^^^^^^^^^^^^^^
  File "/home/airflow/.local/lib/python3.11/site-packages/airflow/utils/cli.py", line 116, in wrapper
    return f(*args, **kwargs)
           ^^^^^^^^^^^^^^^^^^
  File "/home/airflow/.local/lib/python3.11/site-packages/airflow/cli/commands/task_command.py", line 483, in task_run
    task_return_code = _run_task_by_selected_method(args, _dag, ti)
                       ^^^^^^^^^^^^^^^^^^^^^^^^^^^^^^^^^^^^^^^^^^^^
  File "/home/airflow/.local/lib/python3.11/site-packages/airflow/cli/commands/task_command.py", line 256, in _run_task_by_selected_method
    return _run_raw_task(args, ti)
           ^^^^^^^^^^^^^^^^^^^^^^^
  File "/home/airflow/.local/lib/python3.11/site-packages/airflow/cli/commands/task_command.py", line 341, in _run_raw_task
    return ti._run_raw_task(
           ^^^^^^^^^^^^^^^^^
  File "/home/airflow/.local/lib/python3.11/site-packages/airflow/utils/session.py", line 97, in wrapper
    return func(*args, session=session, **kwargs)
           ^^^^^^^^^^^^^^^^^^^^^^^^^^^^^^^^^^^^^^
  File "/home/airflow/.local/lib/python3.11/site-packages/airflow/models/taskinstance.py", line 3006, in _run_raw_task
    return _run_raw_task(
           ^^^^^^^^^^^^^^
  File "/home/airflow/.local/lib/python3.11/site-packages/airflow/models/taskinstance.py", line 274, in _run_raw_task
    TaskInstance._execute_task_with_callbacks(
  File "/home/airflow/.local/lib/python3.11/site-packages/airflow/models/taskinstance.py", line 3161, in _execute_task_with_callbacks
    result = self._execute_task(context, task_orig)
             ^^^^^^^^^^^^^^^^^^^^^^^^^^^^^^^^^^^^^^
  File "/home/airflow/.local/lib/python3.11/site-packages/airflow/models/taskinstance.py", line 3185, in _execute_task
    return _execute_task(self, context, task_orig)
           ^^^^^^^^^^^^^^^^^^^^^^^^^^^^^^^^^^^^^^^
  File "/home/airflow/.local/lib/python3.11/site-packages/airflow/models/taskinstance.py", line 768, in _execute_task
    result = _execute_callable(context=context, **execute_callable_kwargs)
             ^^^^^^^^^^^^^^^^^^^^^^^^^^^^^^^^^^^^^^^^^^^^^^^^^^^^^^^^^^^^^
  File "/home/airflow/.local/lib/python3.11/site-packages/airflow/models/taskinstance.py", line 734, in _execute_callable
    return ExecutionCallableRunner(
           ^^^^^^^^^^^^^^^^^^^^^^^^
  File "/home/airflow/.local/lib/python3.11/site-packages/airflow/utils/operator_helpers.py", line 252, in run
    return self.func(*args, **kwargs)
           ^^^^^^^^^^^^^^^^^^^^^^^^^^
  File "/home/airflow/.local/lib/python3.11/site-packages/airflow/models/baseoperator.py", line 424, in wrapper
    return func(self, *args, **kwargs)
           ^^^^^^^^^^^^^^^^^^^^^^^^^^^
  File "/home/airflow/.local/lib/python3.11/site-packages/airflow/operators/bash.py", line 276, in execute
    raise AirflowException(
airflow.exceptions.AirflowException: Bash command failed. The command returned a non-zero exit code 1.
[2026-03-23T13:31:25.373+0000] {local_task_job_runner.py:266} INFO - Task exited with return code 1
[2026-03-23T13:31:25.389+0000] {taskinstance.py:3901} INFO - 0 downstream tasks scheduled from follow-on schedule check
[2026-03-23T13:31:25.393+0000] {local_task_job_runner.py:245} INFO - ::endgroup::
