[2026-03-31T19:10:06.623+0000] {local_task_job_runner.py:123} INFO - ::group::Pre task execution logs
[2026-03-31T19:10:06.663+0000] {taskinstance.py:2614} INFO - Dependencies all met for dep_context=non-requeueable deps ti=<TaskInstance: db_and_model_update.run_rf_model_update manual__2026-03-23T14:59:50.051644+00:00 [queued]>
[2026-03-31T19:10:06.677+0000] {taskinstance.py:2614} INFO - Dependencies all met for dep_context=requeueable deps ti=<TaskInstance: db_and_model_update.run_rf_model_update manual__2026-03-23T14:59:50.051644+00:00 [queued]>
[2026-03-31T19:10:06.679+0000] {taskinstance.py:2867} INFO - Starting attempt 1 of 1
[2026-03-31T19:10:06.697+0000] {taskinstance.py:2890} INFO - Executing <Task(PythonOperator): run_rf_model_update> on 2026-03-23 14:59:50.051644+00:00
[2026-03-31T19:10:06.706+0000] {standard_task_runner.py:72} INFO - Started process 1193 to run task
[2026-03-31T19:10:06.711+0000] {standard_task_runner.py:104} INFO - Running: ['***', 'tasks', 'run', 'db_and_model_update', 'run_rf_model_update', 'manual__2026-03-23T14:59:50.051644+00:00', '--job-id', '143', '--raw', '--subdir', 'DAGS_FOLDER/db_and_model_update_dag.py', '--cfg-path', '/tmp/tmp64i7o9bv']
[2026-03-31T19:10:06.716+0000] {standard_task_runner.py:105} INFO - Job 143: Subtask run_rf_model_update
[2026-03-31T19:10:06.797+0000] {task_command.py:467} INFO - Running <TaskInstance: db_and_model_update.run_rf_model_update manual__2026-03-23T14:59:50.051644+00:00 [running]> on host 5a32e08586f8
[2026-03-31T19:10:07.055+0000] {taskinstance.py:3134} INFO - Exporting env vars: AIRFLOW_CTX_DAG_OWNER='***' AIRFLOW_CTX_DAG_ID='db_and_model_update' AIRFLOW_CTX_TASK_ID='run_rf_model_update' AIRFLOW_CTX_EXECUTION_DATE='2026-03-23T14:59:50.051644+00:00' AIRFLOW_CTX_TRY_NUMBER='1' AIRFLOW_CTX_DAG_RUN_ID='manual__2026-03-23T14:59:50.051644+00:00'
[2026-03-31T19:10:07.057+0000] {taskinstance.py:732} INFO - ::endgroup::
[2026-03-31T19:10:09.412+0000] {logging_mixin.py:190} INFO - 🔌 Connexion à la base de données...
[2026-03-31T19:10:09.446+0000] {logging_mixin.py:190} INFO - ✅ Connexion réussie!
[2026-03-31T19:10:09.447+0000] {logging_mixin.py:190} INFO - 
==================================================
[2026-03-31T19:10:09.448+0000] {logging_mixin.py:190} INFO - 🎯 TRAITEMENT POUR LA VARIABLE CIBLE: REVENUE
[2026-03-31T19:10:09.449+0000] {logging_mixin.py:190} INFO - ==================================================
[2026-03-31T19:10:09.449+0000] {logging_mixin.py:190} INFO - 🔍 Construction de la requête SQL...
[2026-03-31T19:10:09.450+0000] {logging_mixin.py:190} INFO - 📥 Chargement des données complètes...
[2026-03-31T19:10:09.451+0000] {logging_mixin.py:190} INFO - 🔗 Test de connexion à la base de données...
[2026-03-31T19:10:09.454+0000] {logging_mixin.py:190} INFO - ✅ Connexion PostgreSQL réussie!
[2026-03-31T19:12:33.487+0000] {logging_mixin.py:190} INFO - ✅ Données chargées avec succès. Shape: (10544552, 14)
[2026-03-31T19:12:33.488+0000] {logging_mixin.py:190} INFO - 🔧 Début du préprocessing des données...
[2026-03-31T19:12:37.850+0000] {logging_mixin.py:190} INFO - ✅ Préprocessing terminé! Shape final: X(5445, 218), y(5445,)
[2026-03-31T19:12:37.851+0000] {logging_mixin.py:190} INFO - 
==================================================
[2026-03-31T19:12:37.852+0000] {logging_mixin.py:190} INFO - 🤖 ENTRAÎNEMENT DU MODÈLE RANDOMFOREST
[2026-03-31T19:12:37.853+0000] {logging_mixin.py:190} INFO - ==================================================
[2026-03-31T19:12:37.857+0000] {logging_mixin.py:190} INFO - 
🔧 Entraînement du modèle RandomForest...
[2026-03-31T19:12:38.268+0000] {logging_mixin.py:190} INFO - RandomForest :
[2026-03-31T19:12:38.301+0000] {logging_mixin.py:190} INFO - train : 0.7035383424554896
[2026-03-31T19:12:38.318+0000] {logging_mixin.py:190} INFO - test  : 0.6276840417113094
[2026-03-31T19:12:38.319+0000] {logging_mixin.py:190} INFO - 💾 Sauvegarde du modèle RandomForest...
[2026-03-31T19:12:38.231+0000] {logging_mixin.py:190} INFO - ✅ Modèle RandomForest sauvegardé: /opt/project/src/ml/models/rf_model_revenue.joblib
[2026-03-31T19:12:38.233+0000] {logging_mixin.py:190} INFO - ✅ Métadonnées sauvegardées: /opt/project/src/ml/models/rf_metadata_revenue.joblib
[2026-03-31T19:12:38.234+0000] {logging_mixin.py:190} INFO - 📊 Scores - Train: 0.7035, Test: 0.6277
[2026-03-31T19:12:38.235+0000] {logging_mixin.py:190} INFO - 🔧 Features: 218, Échantillons: 5445
[2026-03-31T19:12:38.463+0000] {logging_mixin.py:190} INFO - 
🎉 Entrainement terminé et sauvegardés avec succès pour revenue!
[2026-03-31T19:12:41.484+0000] {logging_mixin.py:190} INFO - 
==================================================
[2026-03-31T19:12:41.486+0000] {logging_mixin.py:190} INFO - 🎯 TRAITEMENT POUR LA VARIABLE CIBLE: POPULARITY
[2026-03-31T19:12:41.487+0000] {logging_mixin.py:190} INFO - ==================================================
[2026-03-31T19:12:41.491+0000] {logging_mixin.py:190} INFO - 🔍 Construction de la requête SQL...
[2026-03-31T19:12:41.492+0000] {logging_mixin.py:190} INFO - 📥 Chargement des données complètes...
[2026-03-31T19:12:41.492+0000] {logging_mixin.py:190} INFO - 🔗 Test de connexion à la base de données...
[2026-03-31T19:12:41.496+0000] {logging_mixin.py:190} INFO - ✅ Connexion PostgreSQL réussie!
[2026-03-31T19:15:05.677+0000] {logging_mixin.py:190} INFO - ✅ Données chargées avec succès. Shape: (10544552, 14)
[2026-03-31T19:15:05.678+0000] {logging_mixin.py:190} INFO - 🔧 Début du préprocessing des données...
[2026-03-31T19:15:10.037+0000] {logging_mixin.py:190} INFO - ✅ Préprocessing terminé! Shape final: X(5445, 218), y(5445,)
[2026-03-31T19:15:10.039+0000] {logging_mixin.py:190} INFO - 
==================================================
[2026-03-31T19:15:10.040+0000] {logging_mixin.py:190} INFO - 🤖 ENTRAÎNEMENT DU MODÈLE RANDOMFOREST
[2026-03-31T19:15:10.040+0000] {logging_mixin.py:190} INFO - ==================================================
[2026-03-31T19:15:10.045+0000] {logging_mixin.py:190} INFO - 
🔧 Entraînement du modèle RandomForest...
[2026-03-31T19:15:10.468+0000] {logging_mixin.py:190} INFO - RandomForest :
[2026-03-31T19:15:10.503+0000] {logging_mixin.py:190} INFO - train : 0.5026355381190671
[2026-03-31T19:15:10.521+0000] {logging_mixin.py:190} INFO - test  : 0.3919447591395421
[2026-03-31T19:15:10.523+0000] {logging_mixin.py:190} INFO - 💾 Sauvegarde du modèle RandomForest...
[2026-03-31T19:15:10.864+0000] {logging_mixin.py:190} INFO - ✅ Modèle RandomForest sauvegardé: /opt/project/src/ml/models/rf_model_popularity.joblib
[2026-03-31T19:15:10.865+0000] {logging_mixin.py:190} INFO - ✅ Métadonnées sauvegardées: /opt/project/src/ml/models/rf_metadata_popularity.joblib
[2026-03-31T19:15:10.866+0000] {logging_mixin.py:190} INFO - 📊 Scores - Train: 0.5026, Test: 0.3919
[2026-03-31T19:15:10.866+0000] {logging_mixin.py:190} INFO - 🔧 Features: 218, Échantillons: 5445
[2026-03-31T19:15:11.069+0000] {logging_mixin.py:190} INFO - 
🎉 Entrainement terminé et sauvegardés avec succès pour popularity!
[2026-03-31T19:15:13.580+0000] {logging_mixin.py:190} INFO - 
==================================================
[2026-03-31T19:15:13.581+0000] {logging_mixin.py:190} INFO - 🎯 TRAITEMENT POUR LA VARIABLE CIBLE: VOTE_AVERAGE
[2026-03-31T19:15:13.582+0000] {logging_mixin.py:190} INFO - ==================================================
[2026-03-31T19:15:13.582+0000] {logging_mixin.py:190} INFO - 🔍 Construction de la requête SQL...
[2026-03-31T19:15:13.583+0000] {logging_mixin.py:190} INFO - 📥 Chargement des données complètes...
[2026-03-31T19:15:13.584+0000] {logging_mixin.py:190} INFO - 🔗 Test de connexion à la base de données...
[2026-03-31T19:15:13.587+0000] {logging_mixin.py:190} INFO - ✅ Connexion PostgreSQL réussie!
[2026-03-31T19:17:38.220+0000] {logging_mixin.py:190} INFO - ✅ Données chargées avec succès. Shape: (10544552, 14)
[2026-03-31T19:17:38.222+0000] {logging_mixin.py:190} INFO - 🔧 Début du préprocessing des données...
[2026-03-31T19:17:42.123+0000] {logging_mixin.py:190} INFO - ✅ Préprocessing terminé! Shape final: X(5445, 218), y(5445,)
[2026-03-31T19:17:42.126+0000] {logging_mixin.py:190} INFO - 
==================================================
[2026-03-31T19:17:42.127+0000] {logging_mixin.py:190} INFO - 🤖 ENTRAÎNEMENT DU MODÈLE RANDOMFOREST
[2026-03-31T19:17:42.128+0000] {logging_mixin.py:190} INFO - ==================================================
[2026-03-31T19:17:42.131+0000] {logging_mixin.py:190} INFO - 
🔧 Entraînement du modèle RandomForest...
[2026-03-31T19:17:42.530+0000] {logging_mixin.py:190} INFO - RandomForest :
[2026-03-31T19:17:42.582+0000] {logging_mixin.py:190} INFO - train : 0.43442483415007616
[2026-03-31T19:17:42.601+0000] {logging_mixin.py:190} INFO - test  : 0.3135349171885896
[2026-03-31T19:17:42.613+0000] {logging_mixin.py:190} INFO - 💾 Sauvegarde du modèle RandomForest...
[2026-03-31T19:17:43.042+0000] {logging_mixin.py:190} INFO - ✅ Modèle RandomForest sauvegardé: /opt/project/src/ml/models/rf_model_vote_average.joblib
[2026-03-31T19:17:43.043+0000] {logging_mixin.py:190} INFO - ✅ Métadonnées sauvegardées: /opt/project/src/ml/models/rf_metadata_vote_average.joblib
[2026-03-31T19:17:43.044+0000] {logging_mixin.py:190} INFO - 📊 Scores - Train: 0.4344, Test: 0.3135
[2026-03-31T19:17:43.046+0000] {logging_mixin.py:190} INFO - 🔧 Features: 218, Échantillons: 5445
[2026-03-31T19:17:43.251+0000] {logging_mixin.py:190} INFO - 
🎉 Entrainement terminé et sauvegardés avec succès pour vote_average!
[2026-03-31T19:17:45.767+0000] {logging_mixin.py:190} INFO - 
✅ Entrainement terminé pour toutes les variables cibles.
[2026-03-31T19:17:45.768+0000] {logging_mixin.py:190} INFO - 
⏱️ Temps total d'exécution du script: 456.35 secondes
[2026-03-31T19:17:45.769+0000] {python.py:240} INFO - Done. Returned value was: None
[2026-03-31T19:17:45.783+0000] {taskinstance.py:341} INFO - ::group::Post task execution logs
[2026-03-31T19:17:45.785+0000] {taskinstance.py:353} INFO - Marking task as SUCCESS. dag_id=db_and_model_update, task_id=run_rf_model_update, run_id=manual__2026-03-23T14:59:50.051644+00:00, execution_date=20260323T145950, start_date=20260331T191006, end_date=20260331T191745
[2026-03-31T19:17:46.569+0000] {local_task_job_runner.py:266} INFO - Task exited with return code 0
[2026-03-31T19:17:46.588+0000] {taskinstance.py:3901} INFO - 0 downstream tasks scheduled from follow-on schedule check
[2026-03-31T19:17:46.593+0000] {local_task_job_runner.py:245} INFO - ::endgroup::
