[2026-03-31T18:35:15.590+0000] {local_task_job_runner.py:123} INFO - ::group::Pre task execution logs
[2026-03-31T18:35:15.206+0000] {taskinstance.py:2614} INFO - Dependencies all met for dep_context=non-requeueable deps ti=<TaskInstance: db_and_model_update.run_db_update scheduled__2026-03-23T14:00:00+00:00 [queued]>
[2026-03-31T18:35:15.225+0000] {taskinstance.py:2614} INFO - Dependencies all met for dep_context=requeueable deps ti=<TaskInstance: db_and_model_update.run_db_update scheduled__2026-03-23T14:00:00+00:00 [queued]>
[2026-03-31T18:35:15.230+0000] {taskinstance.py:2867} INFO - Starting attempt 7 of 9
[2026-03-31T18:35:15.259+0000] {taskinstance.py:2890} INFO - Executing <Task(BashOperator): run_db_update> on 2026-03-23 14:00:00+00:00
[2026-03-31T18:35:15.278+0000] {standard_task_runner.py:72} INFO - Started process 451 to run task
[2026-03-31T18:35:15.284+0000] {standard_task_runner.py:104} INFO - Running: ['***', 'tasks', 'run', 'db_and_model_update', 'run_db_update', 'scheduled__2026-03-23T14:00:00+00:00', '--job-id', '136', '--raw', '--subdir', 'DAGS_FOLDER/db_and_model_update_dag.py', '--cfg-path', '/tmp/tmp1aaxsce2']
[2026-03-31T18:35:15.294+0000] {standard_task_runner.py:105} INFO - Job 136: Subtask run_db_update
[2026-03-31T18:35:15.435+0000] {task_command.py:467} INFO - Running <TaskInstance: db_and_model_update.run_db_update scheduled__2026-03-23T14:00:00+00:00 [running]> on host 5a32e08586f8
[2026-03-31T18:35:15.671+0000] {taskinstance.py:3134} INFO - Exporting env vars: AIRFLOW_CTX_DAG_OWNER='***' AIRFLOW_CTX_DAG_ID='db_and_model_update' AIRFLOW_CTX_TASK_ID='run_db_update' AIRFLOW_CTX_EXECUTION_DATE='2026-03-23T14:00:00+00:00' AIRFLOW_CTX_TRY_NUMBER='7' AIRFLOW_CTX_DAG_RUN_ID='scheduled__2026-03-23T14:00:00+00:00'
[2026-03-31T18:35:15.680+0000] {taskinstance.py:732} INFO - ::endgroup::
[2026-03-31T18:35:15.702+0000] {subprocess.py:78} INFO - Tmp dir root location: /tmp
[2026-03-31T18:35:15.712+0000] {subprocess.py:88} INFO - Running command: ['/usr/bin/bash', '-c', 'python /opt/project/src/ingestion/main_update_postgres.py']
[2026-03-31T18:35:15.738+0000] {subprocess.py:99} INFO - Output:
[2026-03-31T18:35:43.108+0000] {subprocess.py:106} INFO - 🔌 Connexion à la base de données...
[2026-03-31T18:35:43.110+0000] {subprocess.py:106} INFO - ✅ Connexion réussie!
[2026-03-31T18:35:43.112+0000] {subprocess.py:106} INFO - Démarrage de l'ingestion des données depuis l'API TMDB avec les paramètres suivants :
[2026-03-31T18:35:43.113+0000] {subprocess.py:106} INFO -   - Mise à jour des films : True
[2026-03-31T18:35:43.113+0000] {subprocess.py:106} INFO -   - Mise à jour des personnes : True
[2026-03-31T18:35:43.114+0000] {subprocess.py:106} INFO -   - Mise à jour des genres : True
[2026-03-31T18:35:43.114+0000] {subprocess.py:106} INFO - ✅ Mise à jour des genres terminée. 19 genres insérés ou mis à jour dans la base de données.
[2026-03-31T18:35:43.115+0000] {subprocess.py:106} INFO - Nombre de films dans la base de données à mettre à jour : 5445
[2026-03-31T18:35:43.116+0000] {subprocess.py:106} INFO - ✅ Les données à mettre à jour du film 1284120 ont bien été récupérées.
[2026-03-31T18:35:43.116+0000] {subprocess.py:106} INFO - Mise à jour terminée pour le film ID : 1284120
[2026-03-31T18:35:43.117+0000] {subprocess.py:106} INFO - Progression : 1/5445 films.
[2026-03-31T18:35:43.118+0000] {subprocess.py:106} INFO - ✅ Les données à mettre à jour du film 505026 ont bien été récupérées.
[2026-03-31T18:35:43.118+0000] {subprocess.py:106} INFO - Mise à jour terminée pour le film ID : 505026
[2026-03-31T18:35:43.119+0000] {subprocess.py:106} INFO - Progression : 2/5445 films.
[2026-03-31T18:35:43.119+0000] {subprocess.py:106} INFO - ✅ Les données à mettre à jour du film 393457 ont bien été récupérées.
[2026-03-31T18:35:43.120+0000] {subprocess.py:106} INFO - Mise à jour terminée pour le film ID : 393457
[2026-03-31T18:35:43.121+0000] {subprocess.py:106} INFO - Progression : 3/5445 films.
[2026-03-31T18:35:43.121+0000] {subprocess.py:106} INFO - ✅ Les données à mettre à jour du film 1205515 ont bien été récupérées.
[2026-03-31T18:35:43.122+0000] {subprocess.py:106} INFO - Mise à jour terminée pour le film ID : 1205515
[2026-03-31T18:35:43.122+0000] {subprocess.py:106} INFO - Progression : 4/5445 films.
[2026-03-31T18:35:43.123+0000] {subprocess.py:106} INFO - ✅ Les données à mettre à jour du film 1078605 ont bien été récupérées.
[2026-03-31T18:35:43.124+0000] {subprocess.py:106} INFO - Mise à jour terminée pour le film ID : 1078605
[2026-03-31T18:35:43.124+0000] {subprocess.py:106} INFO - Progression : 5/5445 films.
[2026-03-31T18:35:43.125+0000] {subprocess.py:106} INFO - ✅ Les données à mettre à jour du film 77174 ont bien été récupérées.
[2026-03-31T18:35:43.126+0000] {subprocess.py:106} INFO - Mise à jour terminée pour le film ID : 77174
[2026-03-31T18:35:43.126+0000] {subprocess.py:106} INFO - Progression : 6/5445 films.
[2026-03-31T18:35:43.127+0000] {subprocess.py:106} INFO - ✅ Les données à mettre à jour du film 533 ont bien été récupérées.
[2026-03-31T18:35:43.128+0000] {subprocess.py:106} INFO - Mise à jour terminée pour le film ID : 533
[2026-03-31T18:35:43.128+0000] {subprocess.py:106} INFO - Progression : 7/5445 films.
[2026-03-31T18:35:43.129+0000] {subprocess.py:106} INFO - ✅ Les données à mettre à jour du film 651881 ont bien été récupérées.
[2026-03-31T18:35:43.129+0000] {subprocess.py:106} INFO - Mise à jour terminée pour le film ID : 651881
[2026-03-31T18:35:43.130+0000] {subprocess.py:106} INFO - Progression : 8/5445 films.
[2026-03-31T18:35:43.131+0000] {subprocess.py:106} INFO - ✅ Les données à mettre à jour du film 660120 ont bien été récupérées.
[2026-03-31T18:35:43.131+0000] {subprocess.py:106} INFO - Mise à jour terminée pour le film ID : 660120
[2026-03-31T18:35:43.132+0000] {subprocess.py:106} INFO - Progression : 9/5445 films.
[2026-03-31T18:35:43.133+0000] {subprocess.py:106} INFO - ✅ Les données à mettre à jour du film 1244944 ont bien été récupérées.
[2026-03-31T18:35:43.133+0000] {subprocess.py:106} INFO - Mise à jour terminée pour le film ID : 1244944
[2026-03-31T18:35:43.134+0000] {subprocess.py:106} INFO - Progression : 10/5445 films.
[2026-03-31T18:35:43.134+0000] {subprocess.py:106} INFO - ✅ Les données à mettre à jour du film 481084 ont bien été récupérées.
[2026-03-31T18:35:43.135+0000] {subprocess.py:106} INFO - Mise à jour terminée pour le film ID : 481084
[2026-03-31T18:35:43.136+0000] {subprocess.py:106} INFO - Progression : 11/5445 films.
[2026-03-31T18:35:43.137+0000] {subprocess.py:106} INFO - ✅ Les données à mettre à jour du film 700391 ont bien été récupérées.
[2026-03-31T18:35:43.138+0000] {subprocess.py:106} INFO - Mise à jour terminée pour le film ID : 700391
[2026-03-31T18:35:43.139+0000] {subprocess.py:106} INFO - Progression : 12/5445 films.
[2026-03-31T18:35:43.139+0000] {subprocess.py:106} INFO - ✅ Les données à mettre à jour du film 61791 ont bien été récupérées.
[2026-03-31T18:35:43.140+0000] {subprocess.py:106} INFO - Mise à jour terminée pour le film ID : 61791
[2026-03-31T18:35:43.141+0000] {subprocess.py:106} INFO - Progression : 13/5445 films.
[2026-03-31T18:35:43.141+0000] {subprocess.py:106} INFO - ✅ Les données à mettre à jour du film 55 ont bien été récupérées.
[2026-03-31T18:35:43.142+0000] {subprocess.py:106} INFO - Mise à jour terminée pour le film ID : 55
[2026-03-31T18:35:43.143+0000] {subprocess.py:106} INFO - Progression : 14/5445 films.
[2026-03-31T18:35:43.143+0000] {subprocess.py:106} INFO - ✅ Les données à mettre à jour du film 1007734 ont bien été récupérées.
[2026-03-31T18:35:43.144+0000] {subprocess.py:106} INFO - Mise à jour terminée pour le film ID : 1007734
[2026-03-31T18:35:43.144+0000] {subprocess.py:106} INFO - Progression : 15/5445 films.
[2026-03-31T18:35:43.145+0000] {subprocess.py:106} INFO - ✅ Les données à mettre à jour du film 1267905 ont bien été récupérées.
[2026-03-31T18:35:43.145+0000] {subprocess.py:106} INFO - Mise à jour terminée pour le film ID : 1267905
[2026-03-31T18:35:43.146+0000] {subprocess.py:106} INFO - Progression : 16/5445 films.
[2026-03-31T18:35:43.147+0000] {subprocess.py:106} INFO - ✅ Les données à mettre à jour du film 1042834 ont bien été récupérées.
[2026-03-31T18:35:43.147+0000] {subprocess.py:106} INFO - Mise à jour terminée pour le film ID : 1042834
[2026-03-31T18:35:43.148+0000] {subprocess.py:106} INFO - Progression : 17/5445 films.
[2026-03-31T18:35:43.149+0000] {subprocess.py:106} INFO - ✅ Les données à mettre à jour du film 20943 ont bien été récupérées.
[2026-03-31T18:35:43.150+0000] {subprocess.py:106} INFO - Mise à jour terminée pour le film ID : 20943
[2026-03-31T18:35:43.152+0000] {subprocess.py:106} INFO - Progression : 18/5445 films.
[2026-03-31T18:35:43.153+0000] {subprocess.py:106} INFO - ✅ Les données à mettre à jour du film 1422096 ont bien été récupérées.
[2026-03-31T18:35:43.154+0000] {subprocess.py:106} INFO - Mise à jour terminée pour le film ID : 1422096
[2026-03-31T18:35:43.154+0000] {subprocess.py:106} INFO - Progression : 19/5445 films.
[2026-03-31T18:35:43.155+0000] {subprocess.py:106} INFO - ✅ Les données à mettre à jour du film 1245993 ont bien été récupérées.
[2026-03-31T18:35:43.156+0000] {subprocess.py:106} INFO - Mise à jour terminée pour le film ID : 1245993
[2026-03-31T18:35:43.156+0000] {subprocess.py:106} INFO - Progression : 20/5445 films.
[2026-03-31T18:35:43.157+0000] {subprocess.py:106} INFO - ✅ Les données à mettre à jour du film 424783 ont bien été récupérées.
[2026-03-31T18:35:43.157+0000] {subprocess.py:106} INFO - Mise à jour terminée pour le film ID : 424783
[2026-03-31T18:35:43.158+0000] {subprocess.py:106} INFO - Progression : 21/5445 films.
[2026-03-31T18:35:43.162+0000] {subprocess.py:106} INFO - ✅ Les données à mettre à jour du film 1246049 ont bien été récupérées.
[2026-03-31T18:35:43.163+0000] {subprocess.py:106} INFO - Mise à jour terminée pour le film ID : 1246049
[2026-03-31T18:35:43.164+0000] {subprocess.py:106} INFO - Progression : 22/5445 films.
[2026-03-31T18:35:43.165+0000] {subprocess.py:106} INFO - ✅ Les données à mettre à jour du film 1197137 ont bien été récupérées.
[2026-03-31T18:35:43.166+0000] {subprocess.py:106} INFO - Mise à jour terminée pour le film ID : 1197137
[2026-03-31T18:35:43.167+0000] {subprocess.py:106} INFO - Progression : 23/5445 films.
[2026-03-31T18:35:43.168+0000] {subprocess.py:106} INFO - ✅ Les données à mettre à jour du film 9392 ont bien été récupérées.
[2026-03-31T18:35:43.169+0000] {subprocess.py:106} INFO - Mise à jour terminée pour le film ID : 9392
[2026-03-31T18:35:43.169+0000] {subprocess.py:106} INFO - Progression : 24/5445 films.
[2026-03-31T18:35:43.170+0000] {subprocess.py:106} INFO - ✅ Les données à mettre à jour du film 82525 ont bien été récupérées.
[2026-03-31T18:35:43.171+0000] {subprocess.py:106} INFO - Mise à jour terminée pour le film ID : 82525
[2026-03-31T18:35:43.172+0000] {subprocess.py:106} INFO - Progression : 25/5445 films.
[2026-03-31T18:35:43.172+0000] {subprocess.py:106} INFO - ✅ Les données à mettre à jour du film 118 ont bien été récupérées.
[2026-03-31T18:35:43.173+0000] {subprocess.py:106} INFO - Mise à jour terminée pour le film ID : 118
[2026-03-31T18:35:43.174+0000] {subprocess.py:106} INFO - Progression : 26/5445 films.
[2026-03-31T18:35:43.174+0000] {subprocess.py:106} INFO - ✅ Les données à mettre à jour du film 141 ont bien été récupérées.
[2026-03-31T18:35:43.175+0000] {subprocess.py:106} INFO - Mise à jour terminée pour le film ID : 141
[2026-03-31T18:35:43.176+0000] {subprocess.py:106} INFO - Progression : 27/5445 films.
[2026-03-31T18:35:43.176+0000] {subprocess.py:106} INFO - ✅ Les données à mettre à jour du film 393519 ont bien été récupérées.
[2026-03-31T18:35:43.177+0000] {subprocess.py:106} INFO - Mise à jour terminée pour le film ID : 393519
[2026-03-31T18:35:43.178+0000] {subprocess.py:106} INFO - Progression : 28/5445 films.
[2026-03-31T18:35:43.178+0000] {subprocess.py:106} INFO - ✅ Les données à mettre à jour du film 262500 ont bien été récupérées.
[2026-03-31T18:35:43.179+0000] {subprocess.py:106} INFO - Mise à jour terminée pour le film ID : 262500
[2026-03-31T18:35:43.180+0000] {subprocess.py:106} INFO - Progression : 29/5445 films.
[2026-03-31T18:35:43.180+0000] {subprocess.py:106} INFO - ✅ Les données à mettre à jour du film 504 ont bien été récupérées.
[2026-03-31T18:35:43.181+0000] {subprocess.py:106} INFO - Mise à jour terminée pour le film ID : 504
[2026-03-31T18:35:43.182+0000] {subprocess.py:106} INFO - Progression : 30/5445 films.
[2026-03-31T18:35:43.183+0000] {subprocess.py:106} INFO - ✅ Les données à mettre à jour du film 115210 ont bien été récupérées.
[2026-03-31T18:35:43.184+0000] {subprocess.py:106} INFO - Mise à jour terminée pour le film ID : 115210
[2026-03-31T18:35:43.185+0000] {subprocess.py:106} INFO - Progression : 31/5445 films.
[2026-03-31T18:35:43.186+0000] {subprocess.py:106} INFO - ✅ Les données à mettre à jour du film 82505 ont bien été récupérées.
[2026-03-31T18:35:43.186+0000] {subprocess.py:106} INFO - Mise à jour terminée pour le film ID : 82505
[2026-03-31T18:35:43.187+0000] {subprocess.py:106} INFO - Progression : 32/5445 films.
[2026-03-31T18:35:43.188+0000] {subprocess.py:106} INFO - ✅ Les données à mettre à jour du film 672 ont bien été récupérées.
[2026-03-31T18:35:43.190+0000] {subprocess.py:106} INFO - Mise à jour terminée pour le film ID : 672
[2026-03-31T18:35:43.191+0000] {subprocess.py:106} INFO - Progression : 33/5445 films.
[2026-03-31T18:35:43.192+0000] {subprocess.py:106} INFO - ✅ Les données à mettre à jour du film 673 ont bien été récupérées.
[2026-03-31T18:35:43.193+0000] {subprocess.py:106} INFO - Mise à jour terminée pour le film ID : 673
[2026-03-31T18:35:43.195+0000] {subprocess.py:106} INFO - Progression : 34/5445 films.
[2026-03-31T18:35:43.195+0000] {subprocess.py:106} INFO - ✅ Les données à mettre à jour du film 674 ont bien été récupérées.
[2026-03-31T18:35:43.196+0000] {subprocess.py:106} INFO - Mise à jour terminée pour le film ID : 674
[2026-03-31T18:35:43.200+0000] {subprocess.py:106} INFO - Progression : 35/5445 films.
[2026-03-31T18:35:43.201+0000] {subprocess.py:106} INFO - ✅ Les données à mettre à jour du film 675 ont bien été récupérées.
[2026-03-31T18:35:43.201+0000] {subprocess.py:106} INFO - Mise à jour terminée pour le film ID : 675
[2026-03-31T18:35:43.202+0000] {subprocess.py:106} INFO - Progression : 36/5445 films.
[2026-03-31T18:35:43.202+0000] {subprocess.py:106} INFO - ✅ Les données à mettre à jour du film 676 ont bien été récupérées.
[2026-03-31T18:35:43.202+0000] {subprocess.py:106} INFO - Mise à jour terminée pour le film ID : 676
[2026-03-31T18:35:43.203+0000] {subprocess.py:106} INFO - Progression : 37/5445 films.
[2026-03-31T18:35:43.204+0000] {subprocess.py:106} INFO - ✅ Les données à mettre à jour du film 767 ont bien été récupérées.
[2026-03-31T18:35:43.204+0000] {subprocess.py:106} INFO - Mise à jour terminée pour le film ID : 767
[2026-03-31T18:35:43.205+0000] {subprocess.py:106} INFO - Progression : 38/5445 films.
[2026-03-31T18:35:43.205+0000] {subprocess.py:106} INFO - ✅ Les données à mettre à jour du film 394117 ont bien été récupérées.
[2026-03-31T18:35:43.206+0000] {subprocess.py:106} INFO - Mise à jour terminée pour le film ID : 394117
[2026-03-31T18:35:43.206+0000] {subprocess.py:106} INFO - Progression : 39/5445 films.
[2026-03-31T18:35:43.207+0000] {subprocess.py:106} INFO - ✅ Les données à mettre à jour du film 508883 ont bien été récupérées.
[2026-03-31T18:35:43.207+0000] {subprocess.py:106} INFO - Mise à jour terminée pour le film ID : 508883
[2026-03-31T18:35:43.207+0000] {subprocess.py:106} INFO - Progression : 40/5445 films.
[2026-03-31T18:35:43.208+0000] {subprocess.py:106} INFO - ✅ Les données à mettre à jour du film 803796 ont bien été récupérées.
[2026-03-31T18:35:43.208+0000] {subprocess.py:106} INFO - Mise à jour terminée pour le film ID : 803796
[2026-03-31T18:35:43.209+0000] {subprocess.py:106} INFO - Progression : 41/5445 films.
[2026-03-31T18:35:43.210+0000] {subprocess.py:106} INFO - ✅ Les données à mettre à jour du film 82990 ont bien été récupérées.
[2026-03-31T18:35:43.211+0000] {subprocess.py:106} INFO - Mise à jour terminée pour le film ID : 82990
[2026-03-31T18:35:43.211+0000] {subprocess.py:106} INFO - Progression : 42/5445 films.
[2026-03-31T18:35:43.212+0000] {subprocess.py:106} INFO - ✅ Les données à mettre à jour du film 492611 ont bien été récupérées.
[2026-03-31T18:35:43.213+0000] {subprocess.py:106} INFO - Mise à jour terminée pour le film ID : 492611
[2026-03-31T18:35:43.213+0000] {subprocess.py:106} INFO - Progression : 43/5445 films.
[2026-03-31T18:35:43.214+0000] {subprocess.py:106} INFO - ✅ Les données à mettre à jour du film 17610 ont bien été récupérées.
[2026-03-31T18:35:43.215+0000] {subprocess.py:106} INFO - Mise à jour terminée pour le film ID : 17610
[2026-03-31T18:35:43.216+0000] {subprocess.py:106} INFO - Progression : 44/5445 films.
[2026-03-31T18:35:43.216+0000] {subprocess.py:106} INFO - ✅ Les données à mettre à jour du film 1250 ont bien été récupérées.
[2026-03-31T18:35:43.217+0000] {subprocess.py:106} INFO - Mise à jour terminée pour le film ID : 1250
[2026-03-31T18:35:43.217+0000] {subprocess.py:106} INFO - Progression : 45/5445 films.
[2026-03-31T18:35:43.218+0000] {subprocess.py:106} INFO - ✅ Les données à mettre à jour du film 460019 ont bien été récupérées.
[2026-03-31T18:35:43.219+0000] {subprocess.py:106} INFO - Mise à jour terminée pour le film ID : 460019
[2026-03-31T18:35:43.219+0000] {subprocess.py:106} INFO - Progression : 46/5445 films.
[2026-03-31T18:35:43.220+0000] {subprocess.py:106} INFO - ✅ Les données à mettre à jour du film 1197306 ont bien été récupérées.
[2026-03-31T18:35:43.220+0000] {subprocess.py:106} INFO - Mise à jour terminée pour le film ID : 1197306
[2026-03-31T18:35:43.221+0000] {subprocess.py:106} INFO - Progression : 47/5445 films.
[2026-03-31T18:35:43.221+0000] {subprocess.py:106} INFO - ✅ Les données à mettre à jour du film 17680 ont bien été récupérées.
[2026-03-31T18:35:43.222+0000] {subprocess.py:106} INFO - Mise à jour terminée pour le film ID : 17680
[2026-03-31T18:35:43.222+0000] {subprocess.py:106} INFO - Progression : 48/5445 films.
[2026-03-31T18:35:43.223+0000] {subprocess.py:106} INFO - ✅ Les données à mettre à jour du film 1378 ont bien été récupérées.
[2026-03-31T18:35:43.224+0000] {subprocess.py:106} INFO - Mise à jour terminée pour le film ID : 1378
[2026-03-31T18:35:43.225+0000] {subprocess.py:106} INFO - Progression : 49/5445 films.
[2026-03-31T18:35:43.225+0000] {subprocess.py:106} INFO - ✅ Les données à mettre à jour du film 1000837 ont bien été récupérées.
[2026-03-31T18:35:43.226+0000] {subprocess.py:106} INFO - Mise à jour terminée pour le film ID : 1000837
[2026-03-31T18:36:09.308+0000] {subprocess.py:106} INFO - Progression : 50/5445 films.
[2026-03-31T18:36:09.310+0000] {subprocess.py:106} INFO - ✅ Les données à mettre à jour du film 1312157 ont bien été récupérées.
[2026-03-31T18:36:09.311+0000] {subprocess.py:106} INFO - Mise à jour terminée pour le film ID : 1312157
[2026-03-31T18:36:09.312+0000] {subprocess.py:106} INFO - Progression : 51/5445 films.
[2026-03-31T18:36:09.313+0000] {subprocess.py:106} INFO - ✅ Les données à mettre à jour du film 1440 ont bien été récupérées.
[2026-03-31T18:36:09.313+0000] {subprocess.py:106} INFO - Mise à jour terminée pour le film ID : 1440
[2026-03-31T18:36:09.314+0000] {subprocess.py:106} INFO - Progression : 52/5445 films.
[2026-03-31T18:36:09.314+0000] {subprocess.py:106} INFO - ✅ Les données à mettre à jour du film 1441 ont bien été récupérées.
[2026-03-31T18:36:09.315+0000] {subprocess.py:106} INFO - Mise à jour terminée pour le film ID : 1441
[2026-03-31T18:36:09.316+0000] {subprocess.py:106} INFO - Progression : 53/5445 films.
[2026-03-31T18:36:09.316+0000] {subprocess.py:106} INFO - ✅ Les données à mettre à jour du film 1181107 ont bien été récupérées.
[2026-03-31T18:36:09.317+0000] {subprocess.py:106} INFO - Mise à jour terminée pour le film ID : 1181107
[2026-03-31T18:36:09.318+0000] {subprocess.py:106} INFO - Progression : 54/5445 films.
[2026-03-31T18:36:09.319+0000] {subprocess.py:106} INFO - ✅ Les données à mettre à jour du film 50619 ont bien été récupérées.
[2026-03-31T18:36:09.320+0000] {subprocess.py:106} INFO - Mise à jour terminée pour le film ID : 50619
[2026-03-31T18:36:09.321+0000] {subprocess.py:106} INFO - Progression : 55/5445 films.
[2026-03-31T18:36:09.322+0000] {subprocess.py:106} INFO - ✅ Les données à mettre à jour du film 50620 ont bien été récupérées.
[2026-03-31T18:36:09.323+0000] {subprocess.py:106} INFO - Mise à jour terminée pour le film ID : 50620
[2026-03-31T18:36:09.323+0000] {subprocess.py:106} INFO - Progression : 56/5445 films.
[2026-03-31T18:36:09.324+0000] {subprocess.py:106} INFO - ✅ Les données à mettre à jour du film 1535 ont bien été récupérées.
[2026-03-31T18:36:09.325+0000] {subprocess.py:106} INFO - Mise à jour terminée pour le film ID : 1535
[2026-03-31T18:36:09.325+0000] {subprocess.py:106} INFO - Progression : 57/5445 films.
[2026-03-31T18:36:09.326+0000] {subprocess.py:106} INFO - ✅ Les données à mettre à jour du film 1548 ont bien été récupérées.
[2026-03-31T18:36:09.327+0000] {subprocess.py:106} INFO - Mise à jour terminée pour le film ID : 1548
[2026-03-31T18:36:09.328+0000] {subprocess.py:106} INFO - Progression : 58/5445 films.
[2026-03-31T18:36:09.330+0000] {subprocess.py:106} INFO - ✅ Les données à mettre à jour du film 542224 ont bien été récupérées.
[2026-03-31T18:36:09.330+0000] {subprocess.py:106} INFO - Mise à jour terminée pour le film ID : 542224
[2026-03-31T18:36:09.331+0000] {subprocess.py:106} INFO - Progression : 59/5445 films.
[2026-03-31T18:36:09.332+0000] {subprocess.py:106} INFO - ✅ Les données à mettre à jour du film 198184 ont bien été récupérées.
[2026-03-31T18:36:09.332+0000] {subprocess.py:106} INFO - Mise à jour terminée pour le film ID : 198184
[2026-03-31T18:36:09.333+0000] {subprocess.py:106} INFO - Progression : 60/5445 films.
[2026-03-31T18:36:09.334+0000] {subprocess.py:106} INFO - ✅ Les données à mettre à jour du film 427641 ont bien été récupérées.
[2026-03-31T18:36:09.334+0000] {subprocess.py:106} INFO - Mise à jour terminée pour le film ID : 427641
[2026-03-31T18:36:09.335+0000] {subprocess.py:106} INFO - Progression : 61/5445 films.
[2026-03-31T18:36:09.336+0000] {subprocess.py:106} INFO - ✅ Les données à mettre à jour du film 1683 ont bien été récupérées.
[2026-03-31T18:36:09.336+0000] {subprocess.py:106} INFO - Mise à jour terminée pour le film ID : 1683
[2026-03-31T18:36:09.337+0000] {subprocess.py:106} INFO - Progression : 62/5445 films.
[2026-03-31T18:36:09.337+0000] {subprocess.py:106} INFO - ✅ Les données à mettre à jour du film 1791 ont bien été récupérées.
[2026-03-31T18:36:09.338+0000] {subprocess.py:106} INFO - Mise à jour terminée pour le film ID : 1791
[2026-03-31T18:36:09.339+0000] {subprocess.py:106} INFO - Progression : 63/5445 films.
[2026-03-31T18:36:09.340+0000] {subprocess.py:106} INFO - ✅ Les données à mettre à jour du film 345887 ont bien été récupérées.
[2026-03-31T18:36:09.341+0000] {subprocess.py:106} INFO - Mise à jour terminée pour le film ID : 345887
[2026-03-31T18:36:09.341+0000] {subprocess.py:106} INFO - Progression : 64/5445 films.
[2026-03-31T18:36:09.343+0000] {subprocess.py:106} INFO - ✅ Les données à mettre à jour du film 18239 ont bien été récupérées.
[2026-03-31T18:36:09.344+0000] {subprocess.py:106} INFO - Mise à jour terminée pour le film ID : 18239
[2026-03-31T18:36:09.344+0000] {subprocess.py:106} INFO - Progression : 65/5445 films.
[2026-03-31T18:36:09.345+0000] {subprocess.py:106} INFO - ✅ Les données à mettre à jour du film 1903 ont bien été récupérées.
[2026-03-31T18:36:09.346+0000] {subprocess.py:106} INFO - Mise à jour terminée pour le film ID : 1903
[2026-03-31T18:36:09.346+0000] {subprocess.py:106} INFO - Progression : 66/5445 films.
[2026-03-31T18:36:09.347+0000] {subprocess.py:106} INFO - ✅ Les données à mettre à jour du film 1933 ont bien été récupérées.
[2026-03-31T18:36:09.348+0000] {subprocess.py:106} INFO - Mise à jour terminée pour le film ID : 1933
[2026-03-31T18:36:09.348+0000] {subprocess.py:106} INFO - Progression : 67/5445 films.
[2026-03-31T18:36:09.349+0000] {subprocess.py:106} INFO - ✅ Les données à mettre à jour du film 34806 ont bien été récupérées.
[2026-03-31T18:36:09.350+0000] {subprocess.py:106} INFO - Mise à jour terminée pour le film ID : 34806
[2026-03-31T18:36:09.350+0000] {subprocess.py:106} INFO - Progression : 68/5445 films.
[2026-03-31T18:36:09.351+0000] {subprocess.py:106} INFO - ✅ Les données à mettre à jour du film 2043 ont bien été récupérées.
[2026-03-31T18:36:09.352+0000] {subprocess.py:106} INFO - Mise à jour terminée pour le film ID : 2043
[2026-03-31T18:36:09.352+0000] {subprocess.py:106} INFO - Progression : 69/5445 films.
[2026-03-31T18:36:09.353+0000] {subprocess.py:106} INFO - ✅ Les données à mettre à jour du film 2046 ont bien été récupérées.
[2026-03-31T18:36:09.354+0000] {subprocess.py:106} INFO - Mise à jour terminée pour le film ID : 2046
[2026-03-31T18:36:09.354+0000] {subprocess.py:106} INFO - Progression : 70/5445 films.
[2026-03-31T18:36:09.355+0000] {subprocess.py:106} INFO - ✅ Les données à mettre à jour du film 2057 ont bien été récupérées.
[2026-03-31T18:36:09.356+0000] {subprocess.py:106} INFO - Mise à jour terminée pour le film ID : 2057
[2026-03-31T18:36:09.356+0000] {subprocess.py:106} INFO - Progression : 71/5445 films.
[2026-03-31T18:36:09.357+0000] {subprocess.py:106} INFO - ✅ Les données à mettre à jour du film 1083433 ont bien été récupérées.
[2026-03-31T18:36:09.357+0000] {subprocess.py:106} INFO - Mise à jour terminée pour le film ID : 1083433
[2026-03-31T18:36:09.358+0000] {subprocess.py:106} INFO - Progression : 72/5445 films.
[2026-03-31T18:36:09.359+0000] {subprocess.py:106} INFO - ✅ Les données à mettre à jour du film 18476 ont bien été récupérées.
[2026-03-31T18:36:09.359+0000] {subprocess.py:106} INFO - Mise à jour terminée pour le film ID : 18476
[2026-03-31T18:36:09.360+0000] {subprocess.py:106} INFO - Progression : 73/5445 films.
[2026-03-31T18:36:09.361+0000] {subprocess.py:106} INFO - ✅ Les données à mettre à jour du film 18480 ont bien été récupérées.
[2026-03-31T18:36:09.362+0000] {subprocess.py:106} INFO - Mise à jour terminée pour le film ID : 18480
[2026-03-31T18:36:09.362+0000] {subprocess.py:106} INFO - Progression : 74/5445 films.
[2026-03-31T18:36:09.363+0000] {subprocess.py:106} INFO - ✅ Les données à mettre à jour du film 18501 ont bien été récupérées.
[2026-03-31T18:36:09.364+0000] {subprocess.py:106} INFO - Mise à jour terminée pour le film ID : 18501
[2026-03-31T18:36:09.364+0000] {subprocess.py:106} INFO - Progression : 75/5445 films.
[2026-03-31T18:36:09.365+0000] {subprocess.py:106} INFO - ✅ Les données à mettre à jour du film 2135 ont bien été récupérées.
[2026-03-31T18:36:09.366+0000] {subprocess.py:106} INFO - Mise à jour terminée pour le film ID : 2135
[2026-03-31T18:36:09.367+0000] {subprocess.py:106} INFO - Progression : 76/5445 films.
[2026-03-31T18:36:09.367+0000] {subprocess.py:106} INFO - ✅ Les données à mettre à jour du film 395458 ont bien été récupérées.
[2026-03-31T18:36:09.368+0000] {subprocess.py:106} INFO - Mise à jour terminée pour le film ID : 395458
[2026-03-31T18:36:09.368+0000] {subprocess.py:106} INFO - Progression : 77/5445 films.
[2026-03-31T18:36:09.369+0000] {subprocess.py:106} INFO - ✅ Les données à mettre à jour du film 84174 ont bien été récupérées.
[2026-03-31T18:36:09.370+0000] {subprocess.py:106} INFO - Mise à jour terminée pour le film ID : 84174
[2026-03-31T18:36:09.372+0000] {subprocess.py:106} INFO - Progression : 78/5445 films.
[2026-03-31T18:36:09.373+0000] {subprocess.py:106} INFO - ✅ Les données à mettre à jour du film 2295 ont bien été récupérées.
[2026-03-31T18:36:09.374+0000] {subprocess.py:106} INFO - Mise à jour terminée pour le film ID : 2295
[2026-03-31T18:36:09.374+0000] {subprocess.py:106} INFO - Progression : 79/5445 films.
[2026-03-31T18:36:09.375+0000] {subprocess.py:106} INFO - ✅ Les données à mettre à jour du film 395834 ont bien été récupérées.
[2026-03-31T18:36:09.375+0000] {subprocess.py:106} INFO - Mise à jour terminée pour le film ID : 395834
[2026-03-31T18:36:09.376+0000] {subprocess.py:106} INFO - Progression : 80/5445 films.
[2026-03-31T18:36:09.378+0000] {subprocess.py:106} INFO - ✅ Les données à mettre à jour du film 1149504 ont bien été récupérées.
[2026-03-31T18:36:09.378+0000] {subprocess.py:106} INFO - Mise à jour terminée pour le film ID : 1149504
[2026-03-31T18:36:09.380+0000] {subprocess.py:106} INFO - Progression : 81/5445 films.
[2026-03-31T18:36:09.380+0000] {subprocess.py:106} INFO - ✅ Les données à mettre à jour du film 838240 ont bien été récupérées.
[2026-03-31T18:36:09.381+0000] {subprocess.py:106} INFO - Mise à jour terminée pour le film ID : 838240
[2026-03-31T18:36:09.382+0000] {subprocess.py:106} INFO - Progression : 82/5445 films.
[2026-03-31T18:36:09.383+0000] {subprocess.py:106} INFO - ✅ Les données à mettre à jour du film 395990 ont bien été récupérées.
[2026-03-31T18:36:09.383+0000] {subprocess.py:106} INFO - Mise à jour terminée pour le film ID : 395990
[2026-03-31T18:36:09.384+0000] {subprocess.py:106} INFO - Progression : 83/5445 films.
[2026-03-31T18:36:09.385+0000] {subprocess.py:106} INFO - ✅ Les données à mettre à jour du film 986097 ont bien été récupérées.
[2026-03-31T18:36:09.385+0000] {subprocess.py:106} INFO - Mise à jour terminée pour le film ID : 986097
[2026-03-31T18:36:09.386+0000] {subprocess.py:106} INFO - Progression : 84/5445 films.
[2026-03-31T18:36:09.387+0000] {subprocess.py:106} INFO - ✅ Les données à mettre à jour du film 429200 ont bien été récupérées.
[2026-03-31T18:36:09.388+0000] {subprocess.py:106} INFO - Mise à jour terminée pour le film ID : 429200
[2026-03-31T18:36:09.389+0000] {subprocess.py:106} INFO - Progression : 85/5445 films.
[2026-03-31T18:36:09.389+0000] {subprocess.py:106} INFO - ✅ Les données à mettre à jour du film 347375 ont bien été récupérées.
[2026-03-31T18:36:09.390+0000] {subprocess.py:106} INFO - Mise à jour terminée pour le film ID : 347375
[2026-03-31T18:36:09.391+0000] {subprocess.py:106} INFO - Progression : 86/5445 films.
[2026-03-31T18:36:09.391+0000] {subprocess.py:106} INFO - ✅ Les données à mettre à jour du film 298250 ont bien été récupérées.
[2026-03-31T18:36:09.392+0000] {subprocess.py:106} INFO - Mise à jour terminée pour le film ID : 298250
[2026-03-31T18:36:09.393+0000] {subprocess.py:106} INFO - Progression : 87/5445 films.
[2026-03-31T18:36:09.394+0000] {subprocess.py:106} INFO - ✅ Les données à mettre à jour du film 429351 ont bien été récupérées.
[2026-03-31T18:36:09.394+0000] {subprocess.py:106} INFO - Mise à jour terminée pour le film ID : 429351
[2026-03-31T18:36:09.395+0000] {subprocess.py:106} INFO - Progression : 88/5445 films.
[2026-03-31T18:36:09.396+0000] {subprocess.py:106} INFO - ✅ Les données à mettre à jour du film 3536 ont bien été récupérées.
[2026-03-31T18:36:09.396+0000] {subprocess.py:106} INFO - Mise à jour terminée pour le film ID : 3536
[2026-03-31T18:36:09.397+0000] {subprocess.py:106} INFO - Progression : 89/5445 films.
[2026-03-31T18:36:09.398+0000] {subprocess.py:106} INFO - ✅ Les données à mettre à jour du film 315011 ont bien été récupérées.
[2026-03-31T18:36:09.399+0000] {subprocess.py:106} INFO - Mise à jour terminée pour le film ID : 315011
[2026-03-31T18:36:09.399+0000] {subprocess.py:106} INFO - Progression : 90/5445 films.
[2026-03-31T18:36:09.400+0000] {subprocess.py:106} INFO - ✅ Les données à mettre à jour du film 3933 ont bien été récupérées.
[2026-03-31T18:36:09.401+0000] {subprocess.py:106} INFO - Mise à jour terminée pour le film ID : 3933
[2026-03-31T18:36:09.401+0000] {subprocess.py:106} INFO - Progression : 91/5445 films.
[2026-03-31T18:36:09.402+0000] {subprocess.py:106} INFO - ✅ Les données à mettre à jour du film 1151031 ont bien été récupérées.
[2026-03-31T18:36:09.403+0000] {subprocess.py:106} INFO - Mise à jour terminée pour le film ID : 1151031
[2026-03-31T18:36:09.403+0000] {subprocess.py:106} INFO - Progression : 92/5445 films.
[2026-03-31T18:36:09.404+0000] {subprocess.py:106} INFO - ✅ Les données à mettre à jour du film 872585 ont bien été récupérées.
[2026-03-31T18:36:09.405+0000] {subprocess.py:106} INFO - Mise à jour terminée pour le film ID : 872585
[2026-03-31T18:36:09.405+0000] {subprocess.py:106} INFO - Progression : 93/5445 films.
[2026-03-31T18:36:09.406+0000] {subprocess.py:106} INFO - ✅ Les données à mettre à jour du film 250124 ont bien été récupérées.
[2026-03-31T18:36:09.407+0000] {subprocess.py:106} INFO - Mise à jour terminée pour le film ID : 250124
[2026-03-31T18:36:09.407+0000] {subprocess.py:106} INFO - Progression : 94/5445 films.
[2026-03-31T18:36:09.408+0000] {subprocess.py:106} INFO - ✅ Les données à mettre à jour du film 168259 ont bien été récupérées.
[2026-03-31T18:36:09.409+0000] {subprocess.py:106} INFO - Mise à jour terminée pour le film ID : 168259
[2026-03-31T18:36:09.410+0000] {subprocess.py:106} INFO - Progression : 95/5445 films.
[2026-03-31T18:36:09.410+0000] {subprocess.py:106} INFO - ✅ Les données à mettre à jour du film 201088 ont bien été récupérées.
[2026-03-31T18:36:09.411+0000] {subprocess.py:106} INFO - Mise à jour terminée pour le film ID : 201088
[2026-03-31T18:36:09.412+0000] {subprocess.py:106} INFO - Progression : 96/5445 films.
[2026-03-31T18:36:09.412+0000] {subprocess.py:106} INFO - ✅ Les données à mettre à jour du film 4547 ont bien été récupérées.
[2026-03-31T18:36:09.413+0000] {subprocess.py:106} INFO - Mise à jour terminée pour le film ID : 4547
[2026-03-31T18:36:09.414+0000] {subprocess.py:106} INFO - Progression : 97/5445 films.
[2026-03-31T18:36:09.414+0000] {subprocess.py:106} INFO - ✅ Les données à mettre à jour du film 1233413 ont bien été récupérées.
[2026-03-31T18:36:09.415+0000] {subprocess.py:106} INFO - Mise à jour terminée pour le film ID : 1233413
[2026-03-31T18:36:09.416+0000] {subprocess.py:106} INFO - Progression : 98/5445 films.
[2026-03-31T18:36:09.416+0000] {subprocess.py:106} INFO - ✅ Les données à mettre à jour du film 840326 ont bien été récupérées.
[2026-03-31T18:36:09.417+0000] {subprocess.py:106} INFO - Mise à jour terminée pour le film ID : 840326
[2026-03-31T18:36:09.418+0000] {subprocess.py:106} INFO - Progression : 99/5445 films.
[2026-03-31T18:36:09.419+0000] {subprocess.py:106} INFO - ✅ Les données à mettre à jour du film 447200 ont bien été récupérées.
[2026-03-31T18:36:09.419+0000] {subprocess.py:106} INFO - Mise à jour terminée pour le film ID : 447200
[2026-03-31T18:36:09.420+0000] {subprocess.py:106} INFO - Progression : 100/5445 films.
[2026-03-31T18:36:09.421+0000] {subprocess.py:106} INFO - ✅ Les données à mettre à jour du film 37786 ont bien été récupérées.
[2026-03-31T18:36:09.422+0000] {subprocess.py:106} INFO - Mise à jour terminée pour le film ID : 37786
[2026-03-31T18:36:09.422+0000] {subprocess.py:106} INFO - Progression : 101/5445 films.
[2026-03-31T18:36:09.423+0000] {subprocess.py:106} INFO - ✅ Les données à mettre à jour du film 283566 ont bien été récupérées.
[2026-03-31T18:36:09.424+0000] {subprocess.py:106} INFO - Mise à jour terminée pour le film ID : 283566
[2026-03-31T18:36:09.424+0000] {subprocess.py:106} INFO - Progression : 102/5445 films.
[2026-03-31T18:36:09.425+0000] {subprocess.py:106} INFO - ✅ Les données à mettre à jour du film 5175 ont bien été récupérées.
[2026-03-31T18:36:34.710+0000] {subprocess.py:106} INFO - Mise à jour terminée pour le film ID : 5175
[2026-03-31T18:36:34.711+0000] {subprocess.py:106} INFO - Progression : 103/5445 films.
[2026-03-31T18:36:34.712+0000] {subprocess.py:106} INFO - ✅ Les données à mettre à jour du film 431530 ont bien été récupérées.
[2026-03-31T18:36:34.714+0000] {subprocess.py:106} INFO - Mise à jour terminée pour le film ID : 431530
[2026-03-31T18:36:34.715+0000] {subprocess.py:106} INFO - Progression : 104/5445 films.
[2026-03-31T18:36:34.716+0000] {subprocess.py:106} INFO - ✅ Les données à mettre à jour du film 399031 ont bien été récupérées.
[2026-03-31T18:36:34.717+0000] {subprocess.py:106} INFO - Mise à jour terminée pour le film ID : 399031
[2026-03-31T18:36:34.718+0000] {subprocess.py:106} INFO - Progression : 105/5445 films.
[2026-03-31T18:36:34.719+0000] {subprocess.py:106} INFO - ✅ Les données à mettre à jour du film 399055 ont bien été récupérées.
[2026-03-31T18:36:34.719+0000] {subprocess.py:106} INFO - Mise à jour terminée pour le film ID : 399055
[2026-03-31T18:36:34.720+0000] {subprocess.py:106} INFO - Progression : 106/5445 films.
[2026-03-31T18:36:34.721+0000] {subprocess.py:106} INFO - ✅ Les données à mettre à jour du film 399057 ont bien été récupérées.
[2026-03-31T18:36:34.722+0000] {subprocess.py:106} INFO - Mise à jour terminée pour le film ID : 399057
[2026-03-31T18:36:34.723+0000] {subprocess.py:106} INFO - Progression : 107/5445 films.
[2026-03-31T18:36:34.723+0000] {subprocess.py:106} INFO - ✅ Les données à mettre à jour du film 1234821 ont bien été récupérées.
[2026-03-31T18:36:34.725+0000] {subprocess.py:106} INFO - Mise à jour terminée pour le film ID : 1234821
[2026-03-31T18:36:34.726+0000] {subprocess.py:106} INFO - Progression : 108/5445 films.
[2026-03-31T18:36:34.727+0000] {subprocess.py:106} INFO - ✅ Les données à mettre à jour du film 71668 ont bien été récupérées.
[2026-03-31T18:36:34.727+0000] {subprocess.py:106} INFO - Mise à jour terminée pour le film ID : 71668
[2026-03-31T18:36:34.728+0000] {subprocess.py:106} INFO - Progression : 109/5445 films.
[2026-03-31T18:36:34.728+0000] {subprocess.py:106} INFO - ✅ Les données à mettre à jour du film 661539 ont bien été récupérées.
[2026-03-31T18:36:34.729+0000] {subprocess.py:106} INFO - Mise à jour terminée pour le film ID : 661539
[2026-03-31T18:36:34.730+0000] {subprocess.py:106} INFO - Progression : 110/5445 films.
[2026-03-31T18:36:34.730+0000] {subprocess.py:106} INFO - ✅ Les données à mettre à jour du film 399402 ont bien été récupérées.
[2026-03-31T18:36:34.731+0000] {subprocess.py:106} INFO - Mise à jour terminée pour le film ID : 399402
[2026-03-31T18:36:34.732+0000] {subprocess.py:106} INFO - Progression : 111/5445 films.
[2026-03-31T18:36:34.732+0000] {subprocess.py:106} INFO - ✅ Les données à mettre à jour du film 415842 ont bien été récupérées.
[2026-03-31T18:36:34.733+0000] {subprocess.py:106} INFO - Mise à jour terminée pour le film ID : 415842
[2026-03-31T18:36:34.734+0000] {subprocess.py:106} INFO - Progression : 112/5445 films.
[2026-03-31T18:36:34.734+0000] {subprocess.py:106} INFO - ✅ Les données à mettre à jour du film 350312 ont bien été récupérées.
[2026-03-31T18:36:34.735+0000] {subprocess.py:106} INFO - Mise à jour terminée pour le film ID : 350312
[2026-03-31T18:36:34.736+0000] {subprocess.py:106} INFO - Progression : 113/5445 films.
[2026-03-31T18:36:34.737+0000] {subprocess.py:106} INFO - ✅ Les données à mettre à jour du film 1136867 ont bien été récupérées.
[2026-03-31T18:36:34.737+0000] {subprocess.py:106} INFO - Mise à jour terminée pour le film ID : 1136867
[2026-03-31T18:36:34.738+0000] {subprocess.py:106} INFO - Progression : 114/5445 films.
[2026-03-31T18:36:34.739+0000] {subprocess.py:106} INFO - ✅ Les données à mettre à jour du film 22804 ont bien été récupérées.
[2026-03-31T18:36:34.740+0000] {subprocess.py:106} INFO - Mise à jour terminée pour le film ID : 22804
[2026-03-31T18:36:34.740+0000] {subprocess.py:106} INFO - Progression : 115/5445 films.
[2026-03-31T18:36:34.741+0000] {subprocess.py:106} INFO - ✅ Les données à mettre à jour du film 301337 ont bien été récupérées.
[2026-03-31T18:36:34.741+0000] {subprocess.py:106} INFO - Mise à jour terminée pour le film ID : 301337
[2026-03-31T18:36:34.742+0000] {subprocess.py:106} INFO - Progression : 116/5445 films.
[2026-03-31T18:36:34.743+0000] {subprocess.py:106} INFO - ✅ Les données à mettre à jour du film 22832 ont bien été récupérées.
[2026-03-31T18:36:34.744+0000] {subprocess.py:106} INFO - Mise à jour terminée pour le film ID : 22832
[2026-03-31T18:36:34.744+0000] {subprocess.py:106} INFO - Progression : 117/5445 films.
[2026-03-31T18:36:34.745+0000] {subprocess.py:106} INFO - ✅ Les données à mettre à jour du film 22843 ont bien été récupérées.
[2026-03-31T18:36:34.746+0000] {subprocess.py:106} INFO - Mise à jour terminée pour le film ID : 22843
[2026-03-31T18:36:34.746+0000] {subprocess.py:106} INFO - Progression : 118/5445 films.
[2026-03-31T18:36:34.747+0000] {subprocess.py:106} INFO - ✅ Les données à mettre à jour du film 22894 ont bien été récupérées.
[2026-03-31T18:36:34.747+0000] {subprocess.py:106} INFO - Mise à jour terminée pour le film ID : 22894
[2026-03-31T18:36:34.748+0000] {subprocess.py:106} INFO - Progression : 119/5445 films.
[2026-03-31T18:36:34.748+0000] {subprocess.py:106} INFO - ✅ Les données à mettre à jour du film 416234 ont bien été récupérées.
[2026-03-31T18:36:34.749+0000] {subprocess.py:106} INFO - Mise à jour terminée pour le film ID : 416234
[2026-03-31T18:36:34.750+0000] {subprocess.py:106} INFO - Progression : 120/5445 films.
[2026-03-31T18:36:34.751+0000] {subprocess.py:106} INFO - ✅ Les données à mettre à jour du film 383498 ont bien été récupérées.
[2026-03-31T18:36:34.752+0000] {subprocess.py:106} INFO - Mise à jour terminée pour le film ID : 383498
[2026-03-31T18:36:34.753+0000] {subprocess.py:106} INFO - Progression : 121/5445 films.
[2026-03-31T18:36:34.754+0000] {subprocess.py:106} INFO - ✅ Les données à mettre à jour du film 334394 ont bien été récupérées.
[2026-03-31T18:36:34.754+0000] {subprocess.py:106} INFO - Mise à jour terminée pour le film ID : 334394
[2026-03-31T18:36:34.755+0000] {subprocess.py:106} INFO - Progression : 122/5445 films.
[2026-03-31T18:36:34.756+0000] {subprocess.py:106} INFO - ✅ Les données à mettre à jour du film 940721 ont bien été récupérées.
[2026-03-31T18:36:34.756+0000] {subprocess.py:106} INFO - Mise à jour terminée pour le film ID : 940721
[2026-03-31T18:36:34.757+0000] {subprocess.py:106} INFO - Progression : 123/5445 films.
[2026-03-31T18:36:34.758+0000] {subprocess.py:106} INFO - ✅ Les données à mettre à jour du film 1022787 ont bien été récupérées.
[2026-03-31T18:36:34.759+0000] {subprocess.py:106} INFO - Mise à jour terminée pour le film ID : 1022787
[2026-03-31T18:36:34.760+0000] {subprocess.py:106} INFO - Progression : 124/5445 films.
[2026-03-31T18:36:34.760+0000] {subprocess.py:106} INFO - ✅ Les données à mettre à jour du film 351211 ont bien été récupérées.
[2026-03-31T18:36:34.761+0000] {subprocess.py:106} INFO - Mise à jour terminée pour le film ID : 351211
[2026-03-31T18:36:34.762+0000] {subprocess.py:106} INFO - Progression : 125/5445 films.
[2026-03-31T18:36:34.763+0000] {subprocess.py:106} INFO - ✅ Les données à mettre à jour du film 859235 ont bien été récupérées.
[2026-03-31T18:36:34.763+0000] {subprocess.py:106} INFO - Mise à jour terminée pour le film ID : 859235
[2026-03-31T18:36:34.764+0000] {subprocess.py:106} INFO - Progression : 126/5445 films.
[2026-03-31T18:36:34.765+0000] {subprocess.py:106} INFO - ✅ Les données à mettre à jour du film 842924 ont bien été récupérées.
[2026-03-31T18:36:34.767+0000] {subprocess.py:106} INFO - Mise à jour terminée pour le film ID : 842924
[2026-03-31T18:36:34.767+0000] {subprocess.py:106} INFO - Progression : 127/5445 films.
[2026-03-31T18:36:34.769+0000] {subprocess.py:106} INFO - ✅ Les données à mettre à jour du film 23742 ont bien été récupérées.
[2026-03-31T18:36:34.770+0000] {subprocess.py:106} INFO - Mise à jour terminée pour le film ID : 23742
[2026-03-31T18:36:34.771+0000] {subprocess.py:106} INFO - Progression : 128/5445 films.
[2026-03-31T18:36:34.771+0000] {subprocess.py:106} INFO - ✅ Les données à mettre à jour du film 7443 ont bien été récupérées.
[2026-03-31T18:36:34.772+0000] {subprocess.py:106} INFO - Mise à jour terminée pour le film ID : 7443
[2026-03-31T18:36:34.773+0000] {subprocess.py:106} INFO - Progression : 129/5445 films.
[2026-03-31T18:36:34.773+0000] {subprocess.py:106} INFO - ✅ Les données à mettre à jour du film 400710 ont bien été récupérées.
[2026-03-31T18:36:34.774+0000] {subprocess.py:106} INFO - Mise à jour terminée pour le film ID : 400710
[2026-03-31T18:36:34.774+0000] {subprocess.py:106} INFO - Progression : 130/5445 films.
[2026-03-31T18:36:34.775+0000] {subprocess.py:106} INFO - ✅ Les données à mettre à jour du film 7516 ont bien été récupérées.
[2026-03-31T18:36:34.776+0000] {subprocess.py:106} INFO - Mise à jour terminée pour le film ID : 7516
[2026-03-31T18:36:34.776+0000] {subprocess.py:106} INFO - Progression : 131/5445 films.
[2026-03-31T18:36:34.777+0000] {subprocess.py:106} INFO - ✅ Les données à mettre à jour du film 56715 ont bien été récupérées.
[2026-03-31T18:36:34.777+0000] {subprocess.py:106} INFO - Mise à jour terminée pour le film ID : 56715
[2026-03-31T18:36:34.778+0000] {subprocess.py:106} INFO - Progression : 132/5445 films.
[2026-03-31T18:36:34.778+0000] {subprocess.py:106} INFO - ✅ Les données à mettre à jour du film 24021 ont bien été récupérées.
[2026-03-31T18:36:34.779+0000] {subprocess.py:106} INFO - Mise à jour terminée pour le film ID : 24021
[2026-03-31T18:36:34.780+0000] {subprocess.py:106} INFO - Progression : 133/5445 films.
[2026-03-31T18:36:34.780+0000] {subprocess.py:106} INFO - ✅ Les données à mettre à jour du film 925263 ont bien été récupérées.
[2026-03-31T18:36:34.781+0000] {subprocess.py:106} INFO - Mise à jour terminée pour le film ID : 925263
[2026-03-31T18:36:34.782+0000] {subprocess.py:106} INFO - Progression : 134/5445 films.
[2026-03-31T18:36:34.782+0000] {subprocess.py:106} INFO - ✅ Les données à mettre à jour du film 7980 ont bien été récupérées.
[2026-03-31T18:36:34.783+0000] {subprocess.py:106} INFO - Mise à jour terminée pour le film ID : 7980
[2026-03-31T18:36:34.784+0000] {subprocess.py:106} INFO - Progression : 135/5445 films.
[2026-03-31T18:36:34.784+0000] {subprocess.py:106} INFO - ✅ Les données à mettre à jour du film 8054 ont bien été récupérées.
[2026-03-31T18:36:34.785+0000] {subprocess.py:106} INFO - Mise à jour terminée pour le film ID : 8054
[2026-03-31T18:36:34.786+0000] {subprocess.py:106} INFO - Progression : 136/5445 films.
[2026-03-31T18:36:34.787+0000] {subprocess.py:106} INFO - ✅ Les données à mettre à jour du film 8080 ont bien été récupérées.
[2026-03-31T18:36:34.788+0000] {subprocess.py:106} INFO - Mise à jour terminée pour le film ID : 8080
[2026-03-31T18:36:34.789+0000] {subprocess.py:106} INFO - Progression : 137/5445 films.
[2026-03-31T18:36:34.789+0000] {subprocess.py:106} INFO - ✅ Les données à mettre à jour du film 450720 ont bien été récupérées.
[2026-03-31T18:36:34.790+0000] {subprocess.py:106} INFO - Mise à jour terminée pour le film ID : 450720
[2026-03-31T18:36:34.791+0000] {subprocess.py:106} INFO - Progression : 138/5445 films.
[2026-03-31T18:36:34.791+0000] {subprocess.py:106} INFO - ✅ Les données à mettre à jour du film 8398 ont bien été récupérées.
[2026-03-31T18:36:34.792+0000] {subprocess.py:106} INFO - Mise à jour terminée pour le film ID : 8398
[2026-03-31T18:36:34.792+0000] {subprocess.py:106} INFO - Progression : 139/5445 films.
[2026-03-31T18:36:34.793+0000] {subprocess.py:106} INFO - ✅ Les données à mettre à jour du film 1155281 ont bien été récupérées.
[2026-03-31T18:36:34.794+0000] {subprocess.py:106} INFO - Mise à jour terminée pour le film ID : 1155281
[2026-03-31T18:36:34.794+0000] {subprocess.py:106} INFO - Progression : 140/5445 films.
[2026-03-31T18:36:34.795+0000] {subprocess.py:106} INFO - ✅ Les données à mettre à jour du film 24804 ont bien été récupérées.
[2026-03-31T18:36:34.795+0000] {subprocess.py:106} INFO - Mise à jour terminée pour le film ID : 24804
[2026-03-31T18:36:34.796+0000] {subprocess.py:106} INFO - Progression : 141/5445 films.
[2026-03-31T18:36:34.796+0000] {subprocess.py:106} INFO - ✅ Les données à mettre à jour du film 24936 ont bien été récupérées.
[2026-03-31T18:36:34.797+0000] {subprocess.py:106} INFO - Mise à jour terminée pour le film ID : 24936
[2026-03-31T18:36:34.797+0000] {subprocess.py:106} INFO - Progression : 142/5445 films.
[2026-03-31T18:36:34.798+0000] {subprocess.py:106} INFO - ✅ Les données à mettre à jour du film 254472 ont bien été récupérées.
[2026-03-31T18:36:34.798+0000] {subprocess.py:106} INFO - Mise à jour terminée pour le film ID : 254472
[2026-03-31T18:36:34.799+0000] {subprocess.py:106} INFO - Progression : 143/5445 films.
[2026-03-31T18:36:34.799+0000] {subprocess.py:106} INFO - ✅ Les données à mettre à jour du film 401981 ont bien été récupérées.
[2026-03-31T18:36:34.800+0000] {subprocess.py:106} INFO - Mise à jour terminée pour le film ID : 401981
[2026-03-31T18:36:34.801+0000] {subprocess.py:106} INFO - Progression : 144/5445 films.
[2026-03-31T18:36:34.802+0000] {subprocess.py:106} INFO - ✅ Les données à mettre à jour du film 8832 ont bien été récupérées.
[2026-03-31T18:36:34.803+0000] {subprocess.py:106} INFO - Mise à jour terminée pour le film ID : 8832
[2026-03-31T18:36:34.803+0000] {subprocess.py:106} INFO - Progression : 145/5445 films.
[2026-03-31T18:36:34.804+0000] {subprocess.py:106} INFO - ✅ Les données à mettre à jour du film 975511 ont bien été récupérées.
[2026-03-31T18:36:34.805+0000] {subprocess.py:106} INFO - Mise à jour terminée pour le film ID : 975511
[2026-03-31T18:36:34.805+0000] {subprocess.py:106} INFO - Progression : 146/5445 films.
[2026-03-31T18:36:34.807+0000] {subprocess.py:106} INFO - ✅ Les données à mettre à jour du film 467660 ont bien été récupérées.
[2026-03-31T18:36:34.807+0000] {subprocess.py:106} INFO - Mise à jour terminée pour le film ID : 467660
[2026-03-31T18:36:34.808+0000] {subprocess.py:106} INFO - Progression : 147/5445 films.
[2026-03-31T18:36:34.811+0000] {subprocess.py:106} INFO - ✅ Les données à mettre à jour du film 8966 ont bien été récupérées.
[2026-03-31T18:36:34.811+0000] {subprocess.py:106} INFO - Mise à jour terminée pour le film ID : 8966
[2026-03-31T18:36:34.812+0000] {subprocess.py:106} INFO - Progression : 148/5445 films.
[2026-03-31T18:36:34.812+0000] {subprocess.py:106} INFO - ✅ Les données à mettre à jour du film 336843 ont bien été récupérées.
[2026-03-31T18:36:34.813+0000] {subprocess.py:106} INFO - Mise à jour terminée pour le film ID : 336843
[2026-03-31T18:36:34.814+0000] {subprocess.py:106} INFO - Progression : 149/5445 films.
[2026-03-31T18:36:34.814+0000] {subprocess.py:106} INFO - ✅ Les données à mettre à jour du film 402431 ont bien été récupérées.
[2026-03-31T18:36:34.815+0000] {subprocess.py:106} INFO - Mise à jour terminée pour le film ID : 402431
[2026-03-31T18:36:34.817+0000] {subprocess.py:106} INFO - Progression : 150/5445 films.
[2026-03-31T18:36:34.818+0000] {subprocess.py:106} INFO - ✅ Les données à mettre à jour du film 238713 ont bien été récupérées.
[2026-03-31T18:36:34.819+0000] {subprocess.py:106} INFO - Mise à jour terminée pour le film ID : 238713
[2026-03-31T18:36:34.820+0000] {subprocess.py:106} INFO - Progression : 151/5445 films.
[2026-03-31T18:36:34.820+0000] {subprocess.py:106} INFO - ✅ Les données à mettre à jour du film 287948 ont bien été récupérées.
[2026-03-31T18:36:34.821+0000] {subprocess.py:106} INFO - Mise à jour terminée pour le film ID : 287948
[2026-03-31T18:36:34.821+0000] {subprocess.py:106} INFO - Progression : 152/5445 films.
[2026-03-31T18:36:34.822+0000] {subprocess.py:106} INFO - ✅ Les données à mettre à jour du film 353486 ont bien été récupérées.
[2026-03-31T18:36:34.822+0000] {subprocess.py:106} INFO - Mise à jour terminée pour le film ID : 353486
[2026-03-31T18:36:34.823+0000] {subprocess.py:106} INFO - Progression : 153/5445 films.
[2026-03-31T18:36:34.823+0000] {subprocess.py:106} INFO - ✅ Les données à mettre à jour du film 9470 ont bien été récupérées.
[2026-03-31T18:36:34.824+0000] {subprocess.py:106} INFO - Mise à jour terminée pour le film ID : 9470
[2026-03-31T18:36:34.824+0000] {subprocess.py:106} INFO - Progression : 154/5445 films.
[2026-03-31T18:36:34.825+0000] {subprocess.py:106} INFO - ✅ Les données à mettre à jour du film 353616 ont bien été récupérées.
[2026-03-31T18:36:34.825+0000] {subprocess.py:106} INFO - Mise à jour terminée pour le film ID : 353616
[2026-03-31T18:36:55.510+0000] {local_task_job_runner.py:346} WARNING - State of this instance has been externally set to restarting. Terminating instance.
[2026-03-31T18:36:55.514+0000] {local_task_job_runner.py:245} INFO - ::endgroup::
[2026-03-31T18:36:55.515+0000] {process_utils.py:132} INFO - Sending 15 to group 451. PIDs of all processes in the group: [453, 451]
[2026-03-31T18:36:55.517+0000] {process_utils.py:87} INFO - Sending the signal 15 to group 451
[2026-03-31T18:36:55.518+0000] {taskinstance.py:3094} ERROR - Received SIGTERM. Terminating subprocesses.
[2026-03-31T18:36:55.523+0000] {taskinstance.py:3095} ERROR - Stacktrace: 
  File "/home/***/.local/bin/***", line 8, in <module>
    sys.exit(main())
  File "/home/***/.local/lib/python3.11/site-packages/***/__main__.py", line 62, in main
    args.func(args)
  File "/home/***/.local/lib/python3.11/site-packages/***/cli/cli_config.py", line 49, in command
    return func(*args, **kwargs)
  File "/home/***/.local/lib/python3.11/site-packages/***/utils/cli.py", line 116, in wrapper
    return f(*args, **kwargs)
  File "/home/***/.local/lib/python3.11/site-packages/***/utils/providers_configuration_loader.py", line 55, in wrapped_function
    return func(*args, **kwargs)
  File "/home/***/.local/lib/python3.11/site-packages/***/cli/commands/scheduler_command.py", line 56, in scheduler
    run_command_with_daemon_option(
  File "/home/***/.local/lib/python3.11/site-packages/***/cli/commands/daemon_utils.py", line 86, in run_command_with_daemon_option
    callback()
  File "/home/***/.local/lib/python3.11/site-packages/***/cli/commands/scheduler_command.py", line 59, in <lambda>
    callback=lambda: _run_scheduler_job(args),
  File "/home/***/.local/lib/python3.11/site-packages/***/cli/commands/scheduler_command.py", line 47, in _run_scheduler_job
    run_job(job=job_runner.job, execute_callable=job_runner._execute)
  File "/home/***/.local/lib/python3.11/site-packages/***/utils/session.py", line 97, in wrapper
    return func(*args, session=session, **kwargs)
  File "/home/***/.local/lib/python3.11/site-packages/***/jobs/job.py", line 421, in run_job
    return execute_job(job, execute_callable=execute_callable)
  File "/home/***/.local/lib/python3.11/site-packages/***/jobs/job.py", line 450, in execute_job
    ret = execute_callable()
  File "/home/***/.local/lib/python3.11/site-packages/***/jobs/scheduler_job_runner.py", line 990, in _execute
    executor.start()
  File "/home/***/.local/lib/python3.11/site-packages/***/executors/local_executor.py", line 392, in start
    self.impl.start()
  File "/home/***/.local/lib/python3.11/site-packages/***/executors/local_executor.py", line 330, in start
    worker.start()
  File "/usr/local/lib/python3.11/multiprocessing/process.py", line 121, in start
    self._popen = self._Popen(self)
  File "/usr/local/lib/python3.11/multiprocessing/context.py", line 224, in _Popen
    return _default_context.get_context().Process._Popen(process_obj)
  File "/usr/local/lib/python3.11/multiprocessing/context.py", line 281, in _Popen
    return Popen(process_obj)
  File "/usr/local/lib/python3.11/multiprocessing/popen_fork.py", line 19, in __init__
    self._launch(process_obj)
  File "/usr/local/lib/python3.11/multiprocessing/popen_fork.py", line 71, in _launch
    code = process_obj._bootstrap(parent_sentinel=child_r)
  File "/usr/local/lib/python3.11/multiprocessing/process.py", line 314, in _bootstrap
    self.run()
  File "/home/***/.local/lib/python3.11/site-packages/***/executors/local_executor.py", line 80, in run
    return super().run()
  File "/usr/local/lib/python3.11/multiprocessing/process.py", line 108, in run
    self._target(*self._args, **self._kwargs)
  File "/home/***/.local/lib/python3.11/site-packages/***/traces/tracer.py", line 58, in wrapper
    return func(*args, **kwargs)
  File "/home/***/.local/lib/python3.11/site-packages/***/executors/local_executor.py", line 211, in do_work
    self.execute_work(key=key, command=command)
  File "/home/***/.local/lib/python3.11/site-packages/***/traces/tracer.py", line 58, in wrapper
    return func(*args, **kwargs)
  File "/home/***/.local/lib/python3.11/site-packages/***/executors/local_executor.py", line 100, in execute_work
    state = self._execute_work_in_fork(command)
  File "/home/***/.local/lib/python3.11/site-packages/***/traces/tracer.py", line 58, in wrapper
    return func(*args, **kwargs)
  File "/home/***/.local/lib/python3.11/site-packages/***/executors/local_executor.py", line 142, in _execute_work_in_fork
    args.func(args)
  File "/home/***/.local/lib/python3.11/site-packages/***/cli/cli_config.py", line 49, in command
    return func(*args, **kwargs)
  File "/home/***/.local/lib/python3.11/site-packages/***/utils/cli.py", line 116, in wrapper
    return f(*args, **kwargs)
  File "/home/***/.local/lib/python3.11/site-packages/***/cli/commands/task_command.py", line 483, in task_run
    task_return_code = _run_task_by_selected_method(args, _dag, ti)
  File "/home/***/.local/lib/python3.11/site-packages/***/cli/commands/task_command.py", line 254, in _run_task_by_selected_method
    return _run_task_by_local_task_job(args, ti)
  File "/home/***/.local/lib/python3.11/site-packages/***/cli/commands/task_command.py", line 322, in _run_task_by_local_task_job
    ret = run_job(job=job_runner.job, execute_callable=job_runner._execute)
  File "/home/***/.local/lib/python3.11/site-packages/***/utils/session.py", line 97, in wrapper
    return func(*args, session=session, **kwargs)
  File "/home/***/.local/lib/python3.11/site-packages/***/jobs/job.py", line 421, in run_job
    return execute_job(job, execute_callable=execute_callable)
  File "/home/***/.local/lib/python3.11/site-packages/***/jobs/job.py", line 450, in execute_job
    ret = execute_callable()
  File "/home/***/.local/lib/python3.11/site-packages/***/jobs/local_task_job_runner.py", line 171, in _execute
    self.task_runner.start()
  File "/home/***/.local/lib/python3.11/site-packages/***/task/task_runner/standard_task_runner.py", line 55, in start
    self.process = self._start_by_fork()
  File "/home/***/.local/lib/python3.11/site-packages/***/task/task_runner/standard_task_runner.py", line 117, in _start_by_fork
    ret = args.func(args, dag=self.dag)
  File "/home/***/.local/lib/python3.11/site-packages/***/cli/cli_config.py", line 49, in command
    return func(*args, **kwargs)
  File "/home/***/.local/lib/python3.11/site-packages/***/utils/cli.py", line 116, in wrapper
    return f(*args, **kwargs)
  File "/home/***/.local/lib/python3.11/site-packages/***/cli/commands/task_command.py", line 483, in task_run
    task_return_code = _run_task_by_selected_method(args, _dag, ti)
  File "/home/***/.local/lib/python3.11/site-packages/***/cli/commands/task_command.py", line 256, in _run_task_by_selected_method
    return _run_raw_task(args, ti)
  File "/home/***/.local/lib/python3.11/site-packages/***/cli/commands/task_command.py", line 341, in _run_raw_task
    return ti._run_raw_task(
  File "/home/***/.local/lib/python3.11/site-packages/***/utils/session.py", line 97, in wrapper
    return func(*args, session=session, **kwargs)
  File "/home/***/.local/lib/python3.11/site-packages/***/models/taskinstance.py", line 3006, in _run_raw_task
    return _run_raw_task(
  File "/home/***/.local/lib/python3.11/site-packages/***/models/taskinstance.py", line 274, in _run_raw_task
    TaskInstance._execute_task_with_callbacks(
  File "/home/***/.local/lib/python3.11/site-packages/***/models/taskinstance.py", line 3161, in _execute_task_with_callbacks
    result = self._execute_task(context, task_orig)
  File "/home/***/.local/lib/python3.11/site-packages/***/models/taskinstance.py", line 3185, in _execute_task
    return _execute_task(self, context, task_orig)
  File "/home/***/.local/lib/python3.11/site-packages/***/models/taskinstance.py", line 768, in _execute_task
    result = _execute_callable(context=context, **execute_callable_kwargs)
  File "/home/***/.local/lib/python3.11/site-packages/***/models/taskinstance.py", line 734, in _execute_callable
    return ExecutionCallableRunner(
  File "/home/***/.local/lib/python3.11/site-packages/***/utils/operator_helpers.py", line 252, in run
    return self.func(*args, **kwargs)
  File "/home/***/.local/lib/python3.11/site-packages/***/models/baseoperator.py", line 424, in wrapper
    return func(self, *args, **kwargs)
  File "/home/***/.local/lib/python3.11/site-packages/***/operators/bash.py", line 257, in execute
    result = self._run_inline_command(bash_path=bash_path, env=env)
  File "/home/***/.local/lib/python3.11/site-packages/***/operators/bash.py", line 284, in _run_inline_command
    return self.subprocess_hook.run_command(
  File "/home/***/.local/lib/python3.11/site-packages/***/hooks/subprocess.py", line 104, in run_command
    for raw_line in iter(self.sub_process.stdout.readline, b""):
  File "/home/***/.local/lib/python3.11/site-packages/***/models/taskinstance.py", line 3095, in signal_handler
    self.log.error("Stacktrace: \n%s", "".join(traceback.format_stack()))

[2026-03-31T18:36:55.524+0000] {subprocess.py:117} INFO - Sending SIGTERM signal to process group
[2026-03-31T18:36:55.541+0000] {taskinstance.py:3313} ERROR - Task failed with exception
Traceback (most recent call last):
  File "/home/airflow/.local/lib/python3.11/site-packages/airflow/models/taskinstance.py", line 768, in _execute_task
    result = _execute_callable(context=context, **execute_callable_kwargs)
             ^^^^^^^^^^^^^^^^^^^^^^^^^^^^^^^^^^^^^^^^^^^^^^^^^^^^^^^^^^^^^
  File "/home/airflow/.local/lib/python3.11/site-packages/airflow/models/taskinstance.py", line 734, in _execute_callable
    return ExecutionCallableRunner(
           ^^^^^^^^^^^^^^^^^^^^^^^^
  File "/home/airflow/.local/lib/python3.11/site-packages/airflow/utils/operator_helpers.py", line 252, in run
    return self.func(*args, **kwargs)
           ^^^^^^^^^^^^^^^^^^^^^^^^^^
  File "/home/airflow/.local/lib/python3.11/site-packages/airflow/models/baseoperator.py", line 424, in wrapper
    return func(self, *args, **kwargs)
           ^^^^^^^^^^^^^^^^^^^^^^^^^^^
  File "/home/airflow/.local/lib/python3.11/site-packages/airflow/operators/bash.py", line 257, in execute
    result = self._run_inline_command(bash_path=bash_path, env=env)
             ^^^^^^^^^^^^^^^^^^^^^^^^^^^^^^^^^^^^^^^^^^^^^^^^^^^^^^
  File "/home/airflow/.local/lib/python3.11/site-packages/airflow/operators/bash.py", line 284, in _run_inline_command
    return self.subprocess_hook.run_command(
           ^^^^^^^^^^^^^^^^^^^^^^^^^^^^^^^^^
  File "/home/airflow/.local/lib/python3.11/site-packages/airflow/hooks/subprocess.py", line 104, in run_command
    for raw_line in iter(self.sub_process.stdout.readline, b""):
  File "/home/airflow/.local/lib/python3.11/site-packages/airflow/models/taskinstance.py", line 3097, in signal_handler
    raise AirflowTaskTerminated("Task received SIGTERM signal")
airflow.exceptions.AirflowTaskTerminated: Task received SIGTERM signal
[2026-03-31T18:36:55.557+0000] {taskinstance.py:1226} INFO - Marking task as UP_FOR_RETRY. dag_id=db_and_model_update, task_id=run_db_update, run_id=scheduled__2026-03-23T14:00:00+00:00, execution_date=20260323T140000, start_date=20260331T183515, end_date=20260331T183655
[2026-03-31T18:36:55.610+0000] {taskinstance.py:341} INFO - ::group::Post task execution logs
[2026-03-31T18:36:55.305+0000] {process_utils.py:80} INFO - Process psutil.Process(pid=451, status='terminated', exitcode=2, started='18:35:15') (451) terminated with exit code 2
[2026-03-31T18:36:55.308+0000] {process_utils.py:80} INFO - Process psutil.Process(pid=453, status='terminated', started='18:35:15') (453) terminated with exit code None
