[2026-04-01T07:37:41.672+0000] {local_task_job_runner.py:123} INFO - ::group::Pre task execution logs
[2026-04-01T07:37:41.700+0000] {taskinstance.py:2614} INFO - Dependencies all met for dep_context=non-requeueable deps ti=<TaskInstance: db_and_model_update.run_xgb_model_update manual__2026-04-01T07:22:25.566202+00:00 [queued]>
[2026-04-01T07:37:41.711+0000] {taskinstance.py:2614} INFO - Dependencies all met for dep_context=requeueable deps ti=<TaskInstance: db_and_model_update.run_xgb_model_update manual__2026-04-01T07:22:25.566202+00:00 [queued]>
[2026-04-01T07:37:41.713+0000] {taskinstance.py:2867} INFO - Starting attempt 1 of 1
[2026-04-01T07:37:41.734+0000] {taskinstance.py:2890} INFO - Executing <Task(PythonOperator): run_xgb_model_update> on 2026-04-01 07:22:25.566202+00:00
[2026-04-01T07:37:41.743+0000] {standard_task_runner.py:72} INFO - Started process 13152 to run task
[2026-04-01T07:37:41.747+0000] {standard_task_runner.py:104} INFO - Running: ['***', 'tasks', 'run', 'db_and_model_update', 'run_xgb_model_update', 'manual__2026-04-01T07:22:25.566202+00:00', '--job-id', '155', '--raw', '--subdir', 'DAGS_FOLDER/db_and_model_update_dag.py', '--cfg-path', '/tmp/tmpqbaxme1m']
[2026-04-01T07:37:41.751+0000] {standard_task_runner.py:105} INFO - Job 155: Subtask run_xgb_model_update
[2026-04-01T07:37:41.837+0000] {task_command.py:467} INFO - Running <TaskInstance: db_and_model_update.run_xgb_model_update manual__2026-04-01T07:22:25.566202+00:00 [running]> on host 5a32e08586f8
[2026-04-01T07:37:41.967+0000] {taskinstance.py:3134} INFO - Exporting env vars: AIRFLOW_CTX_DAG_OWNER='***' AIRFLOW_CTX_DAG_ID='db_and_model_update' AIRFLOW_CTX_TASK_ID='run_xgb_model_update' AIRFLOW_CTX_EXECUTION_DATE='2026-04-01T07:22:25.566202+00:00' AIRFLOW_CTX_TRY_NUMBER='1' AIRFLOW_CTX_DAG_RUN_ID='manual__2026-04-01T07:22:25.566202+00:00'
[2026-04-01T07:37:41.969+0000] {taskinstance.py:732} INFO - ::endgroup::
[2026-04-01T07:37:43.780+0000] {logging_mixin.py:190} INFO - 🔌 Connexion à la base de données...
[2026-04-01T07:37:43.850+0000] {logging_mixin.py:190} INFO - ✅ Connexion réussie!
[2026-04-01T07:37:43.851+0000] {logging_mixin.py:190} INFO - 
==================================================
[2026-04-01T07:37:43.852+0000] {logging_mixin.py:190} INFO - 🎯 TRAITEMENT POUR LA VARIABLE CIBLE: REVENUE
[2026-04-01T07:37:43.853+0000] {logging_mixin.py:190} INFO - ==================================================
[2026-04-01T07:37:43.855+0000] {logging_mixin.py:190} INFO - 🔍 Construction de la requête SQL...
[2026-04-01T07:37:43.856+0000] {logging_mixin.py:190} INFO - 📥 Chargement des données complètes...
[2026-04-01T07:37:43.857+0000] {logging_mixin.py:190} INFO - 🔗 Test de connexion à la base de données...
[2026-04-01T07:37:43.861+0000] {logging_mixin.py:190} INFO - ✅ Connexion PostgreSQL réussie!
[2026-04-01T07:40:07.801+0000] {logging_mixin.py:190} INFO - ✅ Données chargées avec succès. Shape: (10547828, 14)
[2026-04-01T07:40:07.807+0000] {logging_mixin.py:190} INFO - 🔧 Début du préprocessing des données...
[2026-04-01T07:40:12.280+0000] {logging_mixin.py:190} INFO - ✅ Préprocessing terminé! Shape final: X(5448, 218), y(5448,)
[2026-04-01T07:40:12.282+0000] {logging_mixin.py:190} INFO - 
==================================================
[2026-04-01T07:40:12.282+0000] {logging_mixin.py:190} INFO - 🤖 ENTRAÎNEMENT DU MODÈLE XGBOOST
[2026-04-01T07:40:12.283+0000] {logging_mixin.py:190} INFO - ==================================================
[2026-04-01T07:40:12.286+0000] {logging_mixin.py:190} INFO - 
🔧 Entraînement du modèle XGBoost...
[2026-04-01T07:40:12.660+0000] {logging_mixin.py:190} INFO - XGBRegressor :
[2026-04-01T07:40:12.675+0000] {logging_mixin.py:190} INFO - train : 0.9014579057693481
[2026-04-01T07:40:12.686+0000] {logging_mixin.py:190} INFO - test  : 0.6801034808158875
[2026-04-01T07:40:12.688+0000] {logging_mixin.py:190} INFO - 💾 Sauvegarde du modèle XGBoost...
[2026-04-01T07:40:12.787+0000] {logging_mixin.py:190} INFO - ✅ Modèle XGBoost sauvegardé: /opt/project/src/ml/models/xgb_model_revenue.joblib
[2026-04-01T07:40:12.789+0000] {logging_mixin.py:190} INFO - ✅ Métadonnées sauvegardées: /opt/project/src/ml/models/xgb_metadata_revenue.joblib
[2026-04-01T07:40:12.790+0000] {logging_mixin.py:190} INFO - 📊 Scores - Train: 0.9015, Test: 0.6801
[2026-04-01T07:40:12.790+0000] {logging_mixin.py:190} INFO - 🔧 Features: 218, Échantillons: 5448
[2026-04-01T07:40:13.019+0000] {logging_mixin.py:190} INFO - 
🎉 Entrainement terminé et sauvegardés avec succès pour revenue!
[2026-04-01T07:40:16.834+0000] {logging_mixin.py:190} INFO - 
==================================================
[2026-04-01T07:40:16.835+0000] {logging_mixin.py:190} INFO - 🎯 TRAITEMENT POUR LA VARIABLE CIBLE: POPULARITY
[2026-04-01T07:40:16.836+0000] {logging_mixin.py:190} INFO - ==================================================
[2026-04-01T07:40:16.837+0000] {logging_mixin.py:190} INFO - 🔍 Construction de la requête SQL...
[2026-04-01T07:40:16.838+0000] {logging_mixin.py:190} INFO - 📥 Chargement des données complètes...
[2026-04-01T07:40:16.839+0000] {logging_mixin.py:190} INFO - 🔗 Test de connexion à la base de données...
[2026-04-01T07:40:16.843+0000] {logging_mixin.py:190} INFO - ✅ Connexion PostgreSQL réussie!
[2026-04-01T07:43:13.931+0000] {logging_mixin.py:190} INFO - ✅ Données chargées avec succès. Shape: (10547828, 14)
[2026-04-01T07:43:13.935+0000] {logging_mixin.py:190} INFO - 🔧 Début du préprocessing des données...
[2026-04-01T07:43:19.428+0000] {logging_mixin.py:190} INFO - ✅ Préprocessing terminé! Shape final: X(5448, 218), y(5448,)
[2026-04-01T07:43:19.430+0000] {logging_mixin.py:190} INFO - 
==================================================
[2026-04-01T07:43:19.431+0000] {logging_mixin.py:190} INFO - 🤖 ENTRAÎNEMENT DU MODÈLE XGBOOST
[2026-04-01T07:43:19.431+0000] {logging_mixin.py:190} INFO - ==================================================
[2026-04-01T07:43:19.434+0000] {logging_mixin.py:190} INFO - 
🔧 Entraînement du modèle XGBoost...
[2026-04-01T07:43:19.700+0000] {logging_mixin.py:190} INFO - XGBRegressor :
[2026-04-01T07:43:19.718+0000] {logging_mixin.py:190} INFO - train : 0.9071798324584961
[2026-04-01T07:43:19.732+0000] {logging_mixin.py:190} INFO - test  : 0.4224839210510254
[2026-04-01T07:43:19.734+0000] {logging_mixin.py:190} INFO - 💾 Sauvegarde du modèle XGBoost...
[2026-04-01T07:43:19.861+0000] {logging_mixin.py:190} INFO - ✅ Modèle XGBoost sauvegardé: /opt/project/src/ml/models/xgb_model_popularity.joblib
[2026-04-01T07:43:19.865+0000] {logging_mixin.py:190} INFO - ✅ Métadonnées sauvegardées: /opt/project/src/ml/models/xgb_metadata_popularity.joblib
[2026-04-01T07:43:19.867+0000] {logging_mixin.py:190} INFO - 📊 Scores - Train: 0.9072, Test: 0.4225
[2026-04-01T07:43:19.869+0000] {logging_mixin.py:190} INFO - 🔧 Features: 218, Échantillons: 5448
[2026-04-01T07:43:20.138+0000] {logging_mixin.py:190} INFO - 
🎉 Entrainement terminé et sauvegardés avec succès pour popularity!
[2026-04-01T07:43:23.787+0000] {logging_mixin.py:190} INFO - 
==================================================
[2026-04-01T07:43:23.788+0000] {logging_mixin.py:190} INFO - 🎯 TRAITEMENT POUR LA VARIABLE CIBLE: VOTE_AVERAGE
[2026-04-01T07:43:23.789+0000] {logging_mixin.py:190} INFO - ==================================================
[2026-04-01T07:43:23.790+0000] {logging_mixin.py:190} INFO - 🔍 Construction de la requête SQL...
[2026-04-01T07:43:23.790+0000] {logging_mixin.py:190} INFO - 📥 Chargement des données complètes...
[2026-04-01T07:43:23.791+0000] {logging_mixin.py:190} INFO - 🔗 Test de connexion à la base de données...
[2026-04-01T07:43:23.796+0000] {logging_mixin.py:190} INFO - ✅ Connexion PostgreSQL réussie!
[2026-04-01T07:46:17.757+0000] {logging_mixin.py:190} INFO - ✅ Données chargées avec succès. Shape: (10547828, 14)
[2026-04-01T07:46:17.758+0000] {logging_mixin.py:190} INFO - 🔧 Début du préprocessing des données...
[2026-04-01T07:46:23.423+0000] {logging_mixin.py:190} INFO - ✅ Préprocessing terminé! Shape final: X(5448, 218), y(5448,)
[2026-04-01T07:46:23.425+0000] {logging_mixin.py:190} INFO - 
==================================================
[2026-04-01T07:46:23.426+0000] {logging_mixin.py:190} INFO - 🤖 ENTRAÎNEMENT DU MODÈLE XGBOOST
[2026-04-01T07:46:23.426+0000] {logging_mixin.py:190} INFO - ==================================================
[2026-04-01T07:46:23.431+0000] {logging_mixin.py:190} INFO - 
🔧 Entraînement du modèle XGBoost...
[2026-04-01T07:46:23.740+0000] {logging_mixin.py:190} INFO - XGBRegressor :
[2026-04-01T07:46:23.761+0000] {logging_mixin.py:190} INFO - train : 0.5791076421737671
[2026-04-01T07:46:23.779+0000] {logging_mixin.py:190} INFO - test  : 0.3772914409637451
[2026-04-01T07:46:23.783+0000] {logging_mixin.py:190} INFO - 💾 Sauvegarde du modèle XGBoost...
[2026-04-01T07:46:23.912+0000] {logging_mixin.py:190} INFO - ✅ Modèle XGBoost sauvegardé: /opt/project/src/ml/models/xgb_model_vote_average.joblib
[2026-04-01T07:46:23.915+0000] {logging_mixin.py:190} INFO - ✅ Métadonnées sauvegardées: /opt/project/src/ml/models/xgb_metadata_vote_average.joblib
[2026-04-01T07:46:23.916+0000] {logging_mixin.py:190} INFO - 📊 Scores - Train: 0.5791, Test: 0.3773
[2026-04-01T07:46:23.919+0000] {logging_mixin.py:190} INFO - 🔧 Features: 218, Échantillons: 5448
[2026-04-01T07:46:24.184+0000] {logging_mixin.py:190} INFO - 
🎉 Entrainement terminé et sauvegardés avec succès pour vote_average!
[2026-04-01T07:46:27.975+0000] {logging_mixin.py:190} INFO - 
✅ Entrainement terminé pour toutes les variables cibles.
[2026-04-01T07:46:27.977+0000] {logging_mixin.py:190} INFO - 
⏱️ Temps total d'exécution du script: 524.19 secondes
[2026-04-01T07:46:27.978+0000] {python.py:240} INFO - Done. Returned value was: None
[2026-04-01T07:46:27.996+0000] {taskinstance.py:341} INFO - ::group::Post task execution logs
[2026-04-01T07:46:27.997+0000] {taskinstance.py:353} INFO - Marking task as SUCCESS. dag_id=db_and_model_update, task_id=run_xgb_model_update, run_id=manual__2026-04-01T07:22:25.566202+00:00, execution_date=20260401T072225, start_date=20260401T073741, end_date=20260401T074627
[2026-04-01T07:46:29.021+0000] {local_task_job_runner.py:266} INFO - Task exited with return code 0
[2026-04-01T07:46:29.094+0000] {taskinstance.py:3901} INFO - 0 downstream tasks scheduled from follow-on schedule check
[2026-04-01T07:46:29.100+0000] {local_task_job_runner.py:245} INFO - ::endgroup::
