[2026-03-31T18:54:35.770+0000] {local_task_job_runner.py:123} INFO - ::group::Pre task execution logs
[2026-03-31T18:54:35.804+0000] {taskinstance.py:2614} INFO - Dependencies all met for dep_context=non-requeueable deps ti=<TaskInstance: db_and_model_update.run_xgb_model_update scheduled__2026-03-23T14:00:00+00:00 [queued]>
[2026-03-31T18:54:35.814+0000] {taskinstance.py:2614} INFO - Dependencies all met for dep_context=requeueable deps ti=<TaskInstance: db_and_model_update.run_xgb_model_update scheduled__2026-03-23T14:00:00+00:00 [queued]>
[2026-03-31T18:54:35.815+0000] {taskinstance.py:2867} INFO - Starting attempt 1 of 1
[2026-03-31T18:54:35.830+0000] {taskinstance.py:2890} INFO - Executing <Task(PythonOperator): run_xgb_model_update> on 2026-03-23 14:00:00+00:00
[2026-03-31T18:54:35.839+0000] {standard_task_runner.py:72} INFO - Started process 866 to run task
[2026-03-31T18:54:35.844+0000] {standard_task_runner.py:104} INFO - Running: ['***', 'tasks', 'run', 'db_and_model_update', 'run_xgb_model_update', 'scheduled__2026-03-23T14:00:00+00:00', '--job-id', '140', '--raw', '--subdir', 'DAGS_FOLDER/db_and_model_update_dag.py', '--cfg-path', '/tmp/tmpm8ko895h']
[2026-03-31T18:54:35.847+0000] {standard_task_runner.py:105} INFO - Job 140: Subtask run_xgb_model_update
[2026-03-31T18:54:35.926+0000] {task_command.py:467} INFO - Running <TaskInstance: db_and_model_update.run_xgb_model_update scheduled__2026-03-23T14:00:00+00:00 [running]> on host 5a32e08586f8
[2026-03-31T18:54:36.048+0000] {taskinstance.py:3134} INFO - Exporting env vars: AIRFLOW_CTX_DAG_OWNER='***' AIRFLOW_CTX_DAG_ID='db_and_model_update' AIRFLOW_CTX_TASK_ID='run_xgb_model_update' AIRFLOW_CTX_EXECUTION_DATE='2026-03-23T14:00:00+00:00' AIRFLOW_CTX_TRY_NUMBER='1' AIRFLOW_CTX_DAG_RUN_ID='scheduled__2026-03-23T14:00:00+00:00'
[2026-03-31T18:54:36.051+0000] {taskinstance.py:732} INFO - ::endgroup::
[2026-03-31T18:54:38.249+0000] {logging_mixin.py:190} INFO - 🔌 Connexion à la base de données...
[2026-03-31T18:54:38.288+0000] {logging_mixin.py:190} INFO - ✅ Connexion réussie!
[2026-03-31T18:54:38.289+0000] {logging_mixin.py:190} INFO - 
==================================================
[2026-03-31T18:54:38.291+0000] {logging_mixin.py:190} INFO - 🎯 TRAITEMENT POUR LA VARIABLE CIBLE: REVENUE
[2026-03-31T18:54:38.291+0000] {logging_mixin.py:190} INFO - ==================================================
[2026-03-31T18:54:38.292+0000] {logging_mixin.py:190} INFO - 🔍 Construction de la requête SQL...
[2026-03-31T18:54:38.293+0000] {logging_mixin.py:190} INFO - 📥 Chargement des données complètes...
[2026-03-31T18:54:38.294+0000] {logging_mixin.py:190} INFO - 🔗 Test de connexion à la base de données...
[2026-03-31T18:54:38.298+0000] {logging_mixin.py:190} INFO - ✅ Connexion PostgreSQL réussie!
[2026-03-31T18:57:06.986+0000] {logging_mixin.py:190} INFO - ✅ Données chargées avec succès. Shape: (10544552, 14)
[2026-03-31T18:57:06.988+0000] {logging_mixin.py:190} INFO - 🔧 Début du préprocessing des données...
[2026-03-31T18:57:11.053+0000] {logging_mixin.py:190} INFO - ✅ Préprocessing terminé! Shape final: X(5445, 218), y(5445,)
[2026-03-31T18:57:11.070+0000] {logging_mixin.py:190} INFO - 
==================================================
[2026-03-31T18:57:11.073+0000] {logging_mixin.py:190} INFO - 🤖 ENTRAÎNEMENT DU MODÈLE XGBOOST
[2026-03-31T18:57:11.076+0000] {logging_mixin.py:190} INFO - ==================================================
[2026-03-31T18:57:11.080+0000] {logging_mixin.py:190} INFO - 
🔧 Entraînement du modèle XGBoost...
[2026-03-31T18:57:11.557+0000] {logging_mixin.py:190} INFO - XGBRegressor :
[2026-03-31T18:57:11.575+0000] {logging_mixin.py:190} INFO - train : 0.9026435613632202
[2026-03-31T18:57:11.587+0000] {logging_mixin.py:190} INFO - test  : 0.6350878477096558
[2026-03-31T18:57:11.588+0000] {logging_mixin.py:190} INFO - 💾 Sauvegarde du modèle XGBoost...
[2026-03-31T18:57:11.713+0000] {logging_mixin.py:190} INFO - ✅ Modèle XGBoost sauvegardé: /opt/project/src/ml/models/xgb_model_revenue.joblib
[2026-03-31T18:57:11.714+0000] {logging_mixin.py:190} INFO - ✅ Métadonnées sauvegardées: /opt/project/src/ml/models/xgb_metadata_revenue.joblib
[2026-03-31T18:57:11.715+0000] {logging_mixin.py:190} INFO - 📊 Scores - Train: 0.9026, Test: 0.6351
[2026-03-31T18:57:11.715+0000] {logging_mixin.py:190} INFO - 🔧 Features: 218, Échantillons: 5445
[2026-03-31T18:57:11.931+0000] {logging_mixin.py:190} INFO - 
🎉 Entrainement terminé et sauvegardés avec succès pour revenue!
[2026-03-31T18:57:14.459+0000] {logging_mixin.py:190} INFO - 
==================================================
[2026-03-31T18:57:14.461+0000] {logging_mixin.py:190} INFO - 🎯 TRAITEMENT POUR LA VARIABLE CIBLE: POPULARITY
[2026-03-31T18:57:14.462+0000] {logging_mixin.py:190} INFO - ==================================================
[2026-03-31T18:57:14.462+0000] {logging_mixin.py:190} INFO - 🔍 Construction de la requête SQL...
[2026-03-31T18:57:14.463+0000] {logging_mixin.py:190} INFO - 📥 Chargement des données complètes...
[2026-03-31T18:57:14.464+0000] {logging_mixin.py:190} INFO - 🔗 Test de connexion à la base de données...
[2026-03-31T18:57:14.468+0000] {logging_mixin.py:190} INFO - ✅ Connexion PostgreSQL réussie!
[2026-03-31T18:59:41.662+0000] {logging_mixin.py:190} INFO - ✅ Données chargées avec succès. Shape: (10544552, 14)
[2026-03-31T18:59:41.663+0000] {logging_mixin.py:190} INFO - 🔧 Début du préprocessing des données...
[2026-03-31T18:59:45.608+0000] {logging_mixin.py:190} INFO - ✅ Préprocessing terminé! Shape final: X(5445, 218), y(5445,)
[2026-03-31T18:59:45.610+0000] {logging_mixin.py:190} INFO - 
==================================================
[2026-03-31T18:59:45.612+0000] {logging_mixin.py:190} INFO - 🤖 ENTRAÎNEMENT DU MODÈLE XGBOOST
[2026-03-31T18:59:45.614+0000] {logging_mixin.py:190} INFO - ==================================================
[2026-03-31T18:59:45.617+0000] {logging_mixin.py:190} INFO - 
🔧 Entraînement du modèle XGBoost...
[2026-03-31T18:59:45.864+0000] {logging_mixin.py:190} INFO - XGBRegressor :
[2026-03-31T18:59:45.880+0000] {logging_mixin.py:190} INFO - train : 0.9154002070426941
[2026-03-31T18:59:45.892+0000] {logging_mixin.py:190} INFO - test  : 0.4300876259803772
[2026-03-31T18:59:45.894+0000] {logging_mixin.py:190} INFO - 💾 Sauvegarde du modèle XGBoost...
[2026-03-31T18:59:46.032+0000] {logging_mixin.py:190} INFO - ✅ Modèle XGBoost sauvegardé: /opt/project/src/ml/models/xgb_model_popularity.joblib
[2026-03-31T18:59:46.033+0000] {logging_mixin.py:190} INFO - ✅ Métadonnées sauvegardées: /opt/project/src/ml/models/xgb_metadata_popularity.joblib
[2026-03-31T18:59:46.034+0000] {logging_mixin.py:190} INFO - 📊 Scores - Train: 0.9154, Test: 0.4301
[2026-03-31T18:59:46.035+0000] {logging_mixin.py:190} INFO - 🔧 Features: 218, Échantillons: 5445
[2026-03-31T18:59:46.261+0000] {logging_mixin.py:190} INFO - 
🎉 Entrainement terminé et sauvegardés avec succès pour popularity!
[2026-03-31T18:59:48.876+0000] {logging_mixin.py:190} INFO - 
==================================================
[2026-03-31T18:59:48.877+0000] {logging_mixin.py:190} INFO - 🎯 TRAITEMENT POUR LA VARIABLE CIBLE: VOTE_AVERAGE
[2026-03-31T18:59:48.878+0000] {logging_mixin.py:190} INFO - ==================================================
[2026-03-31T18:59:48.879+0000] {logging_mixin.py:190} INFO - 🔍 Construction de la requête SQL...
[2026-03-31T18:59:48.880+0000] {logging_mixin.py:190} INFO - 📥 Chargement des données complètes...
[2026-03-31T18:59:48.880+0000] {logging_mixin.py:190} INFO - 🔗 Test de connexion à la base de données...
[2026-03-31T18:59:48.884+0000] {logging_mixin.py:190} INFO - ✅ Connexion PostgreSQL réussie!
[2026-03-31T19:02:11.509+0000] {logging_mixin.py:190} INFO - ✅ Données chargées avec succès. Shape: (10544552, 14)
[2026-03-31T19:02:11.511+0000] {logging_mixin.py:190} INFO - 🔧 Début du préprocessing des données...
[2026-03-31T19:02:15.365+0000] {logging_mixin.py:190} INFO - ✅ Préprocessing terminé! Shape final: X(5445, 218), y(5445,)
[2026-03-31T19:02:15.374+0000] {logging_mixin.py:190} INFO - 
==================================================
[2026-03-31T19:02:15.375+0000] {logging_mixin.py:190} INFO - 🤖 ENTRAÎNEMENT DU MODÈLE XGBOOST
[2026-03-31T19:02:15.377+0000] {logging_mixin.py:190} INFO - ==================================================
[2026-03-31T19:02:15.387+0000] {logging_mixin.py:190} INFO - 
🔧 Entraînement du modèle XGBoost...
[2026-03-31T19:02:15.636+0000] {logging_mixin.py:190} INFO - XGBRegressor :
[2026-03-31T19:02:15.649+0000] {logging_mixin.py:190} INFO - train : 0.5772981643676758
[2026-03-31T19:02:15.659+0000] {logging_mixin.py:190} INFO - test  : 0.3734404444694519
[2026-03-31T19:02:15.661+0000] {logging_mixin.py:190} INFO - 💾 Sauvegarde du modèle XGBoost...
[2026-03-31T19:02:15.782+0000] {logging_mixin.py:190} INFO - ✅ Modèle XGBoost sauvegardé: /opt/project/src/ml/models/xgb_model_vote_average.joblib
[2026-03-31T19:02:15.783+0000] {logging_mixin.py:190} INFO - ✅ Métadonnées sauvegardées: /opt/project/src/ml/models/xgb_metadata_vote_average.joblib
[2026-03-31T19:02:15.784+0000] {logging_mixin.py:190} INFO - 📊 Scores - Train: 0.5773, Test: 0.3734
[2026-03-31T19:02:15.784+0000] {logging_mixin.py:190} INFO - 🔧 Features: 218, Échantillons: 5445
[2026-03-31T19:02:16.004+0000] {logging_mixin.py:190} INFO - 
🎉 Entrainement terminé et sauvegardés avec succès pour vote_average!
[2026-03-31T19:02:18.651+0000] {logging_mixin.py:190} INFO - 
✅ Entrainement terminé pour toutes les variables cibles.
[2026-03-31T19:02:18.652+0000] {logging_mixin.py:190} INFO - 
⏱️ Temps total d'exécution du script: 460.40 secondes
[2026-03-31T19:02:18.653+0000] {python.py:240} INFO - Done. Returned value was: None
[2026-03-31T19:02:18.667+0000] {taskinstance.py:341} INFO - ::group::Post task execution logs
[2026-03-31T19:02:18.669+0000] {taskinstance.py:353} INFO - Marking task as SUCCESS. dag_id=db_and_model_update, task_id=run_xgb_model_update, run_id=scheduled__2026-03-23T14:00:00+00:00, execution_date=20260323T140000, start_date=20260331T185435, end_date=20260331T190218
[2026-03-31T19:02:19.246+0000] {local_task_job_runner.py:266} INFO - Task exited with return code 0
[2026-03-31T19:02:19.270+0000] {taskinstance.py:3901} INFO - 0 downstream tasks scheduled from follow-on schedule check
[2026-03-31T19:02:19.278+0000] {local_task_job_runner.py:245} INFO - ::endgroup::
