[2026-04-01T07:30:04.855+0000] {local_task_job_runner.py:123} INFO - ::group::Pre task execution logs
[2026-04-01T07:30:04.891+0000] {taskinstance.py:2614} INFO - Dependencies all met for dep_context=non-requeueable deps ti=<TaskInstance: db_and_model_update.run_rf_model_update manual__2026-04-01T07:22:25.566202+00:00 [queued]>
[2026-04-01T07:30:04.914+0000] {taskinstance.py:2614} INFO - Dependencies all met for dep_context=requeueable deps ti=<TaskInstance: db_and_model_update.run_rf_model_update manual__2026-04-01T07:22:25.566202+00:00 [queued]>
[2026-04-01T07:30:04.915+0000] {taskinstance.py:2867} INFO - Starting attempt 1 of 1
[2026-04-01T07:30:04.934+0000] {taskinstance.py:2890} INFO - Executing <Task(PythonOperator): run_rf_model_update> on 2026-04-01 07:22:25.566202+00:00
[2026-04-01T07:30:04.946+0000] {standard_task_runner.py:72} INFO - Started process 12994 to run task
[2026-04-01T07:30:04.951+0000] {standard_task_runner.py:104} INFO - Running: ['***', 'tasks', 'run', 'db_and_model_update', 'run_rf_model_update', 'manual__2026-04-01T07:22:25.566202+00:00', '--job-id', '154', '--raw', '--subdir', 'DAGS_FOLDER/db_and_model_update_dag.py', '--cfg-path', '/tmp/tmpdrwi_q9k']
[2026-04-01T07:30:04.956+0000] {standard_task_runner.py:105} INFO - Job 154: Subtask run_rf_model_update
[2026-04-01T07:30:05.062+0000] {task_command.py:467} INFO - Running <TaskInstance: db_and_model_update.run_rf_model_update manual__2026-04-01T07:22:25.566202+00:00 [running]> on host 5a32e08586f8
[2026-04-01T07:30:05.201+0000] {taskinstance.py:3134} INFO - Exporting env vars: AIRFLOW_CTX_DAG_OWNER='***' AIRFLOW_CTX_DAG_ID='db_and_model_update' AIRFLOW_CTX_TASK_ID='run_rf_model_update' AIRFLOW_CTX_EXECUTION_DATE='2026-04-01T07:22:25.566202+00:00' AIRFLOW_CTX_TRY_NUMBER='1' AIRFLOW_CTX_DAG_RUN_ID='manual__2026-04-01T07:22:25.566202+00:00'
[2026-04-01T07:30:05.202+0000] {taskinstance.py:732} INFO - ::endgroup::
[2026-04-01T07:30:06.943+0000] {logging_mixin.py:190} INFO - 🔌 Connexion à la base de données...
[2026-04-01T07:30:06.985+0000] {logging_mixin.py:190} INFO - ✅ Connexion réussie!
[2026-04-01T07:30:06.988+0000] {logging_mixin.py:190} INFO - 
==================================================
[2026-04-01T07:30:06.988+0000] {logging_mixin.py:190} INFO - 🎯 TRAITEMENT POUR LA VARIABLE CIBLE: REVENUE
[2026-04-01T07:30:06.989+0000] {logging_mixin.py:190} INFO - ==================================================
[2026-04-01T07:30:06.990+0000] {logging_mixin.py:190} INFO - 🔍 Construction de la requête SQL...
[2026-04-01T07:30:06.990+0000] {logging_mixin.py:190} INFO - 📥 Chargement des données complètes...
[2026-04-01T07:30:06.991+0000] {logging_mixin.py:190} INFO - 🔗 Test de connexion à la base de données...
[2026-04-01T07:30:06.995+0000] {logging_mixin.py:190} INFO - ✅ Connexion PostgreSQL réussie!
[2026-04-01T07:32:30.610+0000] {logging_mixin.py:190} INFO - ✅ Données chargées avec succès. Shape: (10547828, 14)
[2026-04-01T07:32:30.612+0000] {logging_mixin.py:190} INFO - 🔧 Début du préprocessing des données...
[2026-04-01T07:32:35.487+0000] {logging_mixin.py:190} INFO - ✅ Préprocessing terminé! Shape final: X(5448, 218), y(5448,)
[2026-04-01T07:32:35.489+0000] {logging_mixin.py:190} INFO - 
==================================================
[2026-04-01T07:32:35.490+0000] {logging_mixin.py:190} INFO - 🤖 ENTRAÎNEMENT DU MODÈLE RANDOMFOREST
[2026-04-01T07:32:35.491+0000] {logging_mixin.py:190} INFO - ==================================================
[2026-04-01T07:32:35.495+0000] {logging_mixin.py:190} INFO - 
🔧 Entraînement du modèle RandomForest...
[2026-04-01T07:32:35.966+0000] {logging_mixin.py:190} INFO - RandomForest :
[2026-04-01T07:32:36.002+0000] {logging_mixin.py:190} INFO - train : 0.7030260569600981
[2026-04-01T07:32:36.019+0000] {logging_mixin.py:190} INFO - test  : 0.5894153970783047
[2026-04-01T07:32:36.020+0000] {logging_mixin.py:190} INFO - 💾 Sauvegarde du modèle RandomForest...
[2026-04-01T07:32:36.372+0000] {logging_mixin.py:190} INFO - ✅ Modèle RandomForest sauvegardé: /opt/project/src/ml/models/rf_model_revenue.joblib
[2026-04-01T07:32:36.374+0000] {logging_mixin.py:190} INFO - ✅ Métadonnées sauvegardées: /opt/project/src/ml/models/rf_metadata_revenue.joblib
[2026-04-01T07:32:36.375+0000] {logging_mixin.py:190} INFO - 📊 Scores - Train: 0.7030, Test: 0.5894
[2026-04-01T07:32:36.375+0000] {logging_mixin.py:190} INFO - 🔧 Features: 218, Échantillons: 5448
[2026-04-01T07:32:36.618+0000] {logging_mixin.py:190} INFO - 
🎉 Entrainement terminé et sauvegardés avec succès pour revenue!
[2026-04-01T07:32:39.493+0000] {logging_mixin.py:190} INFO - 
==================================================
[2026-04-01T07:32:39.494+0000] {logging_mixin.py:190} INFO - 🎯 TRAITEMENT POUR LA VARIABLE CIBLE: POPULARITY
[2026-04-01T07:32:39.495+0000] {logging_mixin.py:190} INFO - ==================================================
[2026-04-01T07:32:39.495+0000] {logging_mixin.py:190} INFO - 🔍 Construction de la requête SQL...
[2026-04-01T07:32:39.496+0000] {logging_mixin.py:190} INFO - 📥 Chargement des données complètes...
[2026-04-01T07:32:39.496+0000] {logging_mixin.py:190} INFO - 🔗 Test de connexion à la base de données...
[2026-04-01T07:32:39.501+0000] {logging_mixin.py:190} INFO - ✅ Connexion PostgreSQL réussie!
[2026-04-01T07:35:01.425+0000] {logging_mixin.py:190} INFO - ✅ Données chargées avec succès. Shape: (10547828, 14)
[2026-04-01T07:35:01.431+0000] {logging_mixin.py:190} INFO - 🔧 Début du préprocessing des données...
[2026-04-01T07:35:04.695+0000] {logging_mixin.py:190} INFO - ✅ Préprocessing terminé! Shape final: X(5448, 218), y(5448,)
[2026-04-01T07:35:04.696+0000] {logging_mixin.py:190} INFO - 
==================================================
[2026-04-01T07:35:04.697+0000] {logging_mixin.py:190} INFO - 🤖 ENTRAÎNEMENT DU MODÈLE RANDOMFOREST
[2026-04-01T07:35:04.698+0000] {logging_mixin.py:190} INFO - ==================================================
[2026-04-01T07:35:04.702+0000] {logging_mixin.py:190} INFO - 
🔧 Entraînement du modèle RandomForest...
[2026-04-01T07:35:05.013+0000] {logging_mixin.py:190} INFO - RandomForest :
[2026-04-01T07:35:05.054+0000] {logging_mixin.py:190} INFO - train : 0.47839373691007003
[2026-04-01T07:35:05.070+0000] {logging_mixin.py:190} INFO - test  : 0.2527301368735503
[2026-04-01T07:35:05.071+0000] {logging_mixin.py:190} INFO - 💾 Sauvegarde du modèle RandomForest...
[2026-04-01T07:35:05.398+0000] {logging_mixin.py:190} INFO - ✅ Modèle RandomForest sauvegardé: /opt/project/src/ml/models/rf_model_popularity.joblib
[2026-04-01T07:35:05.399+0000] {logging_mixin.py:190} INFO - ✅ Métadonnées sauvegardées: /opt/project/src/ml/models/rf_metadata_popularity.joblib
[2026-04-01T07:35:05.400+0000] {logging_mixin.py:190} INFO - 📊 Scores - Train: 0.4784, Test: 0.2527
[2026-04-01T07:35:05.400+0000] {logging_mixin.py:190} INFO - 🔧 Features: 218, Échantillons: 5448
[2026-04-01T07:35:05.602+0000] {logging_mixin.py:190} INFO - 
🎉 Entrainement terminé et sauvegardés avec succès pour popularity!
[2026-04-01T07:35:08.591+0000] {logging_mixin.py:190} INFO - 
==================================================
[2026-04-01T07:35:08.592+0000] {logging_mixin.py:190} INFO - 🎯 TRAITEMENT POUR LA VARIABLE CIBLE: VOTE_AVERAGE
[2026-04-01T07:35:08.593+0000] {logging_mixin.py:190} INFO - ==================================================
[2026-04-01T07:35:08.593+0000] {logging_mixin.py:190} INFO - 🔍 Construction de la requête SQL...
[2026-04-01T07:35:08.594+0000] {logging_mixin.py:190} INFO - 📥 Chargement des données complètes...
[2026-04-01T07:35:08.594+0000] {logging_mixin.py:190} INFO - 🔗 Test de connexion à la base de données...
[2026-04-01T07:35:08.598+0000] {logging_mixin.py:190} INFO - ✅ Connexion PostgreSQL réussie!
[2026-04-01T07:37:30.517+0000] {logging_mixin.py:190} INFO - ✅ Données chargées avec succès. Shape: (10547828, 14)
[2026-04-01T07:37:30.519+0000] {logging_mixin.py:190} INFO - 🔧 Début du préprocessing des données...
[2026-04-01T07:37:34.950+0000] {logging_mixin.py:190} INFO - ✅ Préprocessing terminé! Shape final: X(5448, 218), y(5448,)
[2026-04-01T07:37:34.952+0000] {logging_mixin.py:190} INFO - 
==================================================
[2026-04-01T07:37:34.953+0000] {logging_mixin.py:190} INFO - 🤖 ENTRAÎNEMENT DU MODÈLE RANDOMFOREST
[2026-04-01T07:37:34.953+0000] {logging_mixin.py:190} INFO - ==================================================
[2026-04-01T07:37:34.960+0000] {logging_mixin.py:190} INFO - 
🔧 Entraînement du modèle RandomForest...
[2026-04-01T07:37:35.299+0000] {logging_mixin.py:190} INFO - RandomForest :
[2026-04-01T07:37:35.338+0000] {logging_mixin.py:190} INFO - train : 0.4288853153964819
[2026-04-01T07:37:35.355+0000] {logging_mixin.py:190} INFO - test  : 0.3239875429443797
[2026-04-01T07:37:35.357+0000] {logging_mixin.py:190} INFO - 💾 Sauvegarde du modèle RandomForest...
[2026-04-01T07:37:35.753+0000] {logging_mixin.py:190} INFO - ✅ Modèle RandomForest sauvegardé: /opt/project/src/ml/models/rf_model_vote_average.joblib
[2026-04-01T07:37:35.754+0000] {logging_mixin.py:190} INFO - ✅ Métadonnées sauvegardées: /opt/project/src/ml/models/rf_metadata_vote_average.joblib
[2026-04-01T07:37:35.755+0000] {logging_mixin.py:190} INFO - 📊 Scores - Train: 0.4289, Test: 0.3240
[2026-04-01T07:37:35.756+0000] {logging_mixin.py:190} INFO - 🔧 Features: 218, Échantillons: 5448
[2026-04-01T07:37:35.977+0000] {logging_mixin.py:190} INFO - 
🎉 Entrainement terminé et sauvegardés avec succès pour vote_average!
[2026-04-01T07:37:38.932+0000] {logging_mixin.py:190} INFO - 
✅ Entrainement terminé pour toutes les variables cibles.
[2026-04-01T07:37:38.933+0000] {logging_mixin.py:190} INFO - 
⏱️ Temps total d'exécution du script: 451.99 secondes
[2026-04-01T07:37:38.933+0000] {python.py:240} INFO - Done. Returned value was: None
[2026-04-01T07:37:38.948+0000] {taskinstance.py:341} INFO - ::group::Post task execution logs
[2026-04-01T07:37:38.949+0000] {taskinstance.py:353} INFO - Marking task as SUCCESS. dag_id=db_and_model_update, task_id=run_rf_model_update, run_id=manual__2026-04-01T07:22:25.566202+00:00, execution_date=20260401T072225, start_date=20260401T073004, end_date=20260401T073738
[2026-04-01T07:37:39.760+0000] {local_task_job_runner.py:266} INFO - Task exited with return code 0
[2026-04-01T07:37:39.782+0000] {taskinstance.py:3901} INFO - 0 downstream tasks scheduled from follow-on schedule check
[2026-04-01T07:37:39.795+0000] {local_task_job_runner.py:245} INFO - ::endgroup::
