[2026-03-03T10:00:24.163+0000] {local_task_job_runner.py:123} INFO - ::group::Pre task execution logs
[2026-03-03T10:00:24.184+0000] {taskinstance.py:2614} INFO - Dependencies all met for dep_context=non-requeueable deps ti=<TaskInstance: db_and_model_update.run_xgb_model_update scheduled__2026-02-23T14:00:00+00:00 [queued]>
[2026-03-03T10:00:24.192+0000] {taskinstance.py:2614} INFO - Dependencies all met for dep_context=requeueable deps ti=<TaskInstance: db_and_model_update.run_xgb_model_update scheduled__2026-02-23T14:00:00+00:00 [queued]>
[2026-03-03T10:00:24.193+0000] {taskinstance.py:2867} INFO - Starting attempt 1 of 1
[2026-03-03T10:00:24.205+0000] {taskinstance.py:2890} INFO - Executing <Task(PythonOperator): run_xgb_model_update> on 2026-02-23 14:00:00+00:00
[2026-03-03T10:00:24.213+0000] {standard_task_runner.py:72} INFO - Started process 440 to run task
[2026-03-03T10:00:24.217+0000] {standard_task_runner.py:104} INFO - Running: ['***', 'tasks', 'run', 'db_and_model_update', 'run_xgb_model_update', 'scheduled__2026-02-23T14:00:00+00:00', '--job-id', '101', '--raw', '--subdir', 'DAGS_FOLDER/db_and_model_update_dag.py', '--cfg-path', '/tmp/tmpislrfhsv']
[2026-03-03T10:00:24.219+0000] {standard_task_runner.py:105} INFO - Job 101: Subtask run_xgb_model_update
[2026-03-03T10:00:24.287+0000] {task_command.py:467} INFO - Running <TaskInstance: db_and_model_update.run_xgb_model_update scheduled__2026-02-23T14:00:00+00:00 [running]> on host 5a32e08586f8
[2026-03-03T10:00:24.382+0000] {taskinstance.py:3134} INFO - Exporting env vars: AIRFLOW_CTX_DAG_OWNER='***' AIRFLOW_CTX_DAG_ID='db_and_model_update' AIRFLOW_CTX_TASK_ID='run_xgb_model_update' AIRFLOW_CTX_EXECUTION_DATE='2026-02-23T14:00:00+00:00' AIRFLOW_CTX_TRY_NUMBER='1' AIRFLOW_CTX_DAG_RUN_ID='scheduled__2026-02-23T14:00:00+00:00'
[2026-03-03T10:00:24.383+0000] {taskinstance.py:732} INFO - ::endgroup::
[2026-03-03T10:00:25.700+0000] {logging_mixin.py:190} INFO - 🔌 Connexion à la base de données...
[2026-03-03T10:00:25.731+0000] {logging_mixin.py:190} INFO - ✅ Connexion réussie!
[2026-03-03T10:00:25.732+0000] {logging_mixin.py:190} INFO - 
==================================================
[2026-03-03T10:00:25.732+0000] {logging_mixin.py:190} INFO - 🎯 TRAITEMENT POUR LA VARIABLE CIBLE: REVENUE
[2026-03-03T10:00:25.733+0000] {logging_mixin.py:190} INFO - ==================================================
[2026-03-03T10:00:25.733+0000] {logging_mixin.py:190} INFO - 🔍 Construction de la requête SQL...
[2026-03-03T10:00:25.734+0000] {logging_mixin.py:190} INFO - 📥 Chargement des données complètes...
[2026-03-03T10:00:25.735+0000] {logging_mixin.py:190} INFO - 🔗 Test de connexion à la base de données...
[2026-03-03T10:00:25.737+0000] {logging_mixin.py:190} INFO - ✅ Connexion PostgreSQL réussie!
[2026-03-03T10:02:31.669+0000] {logging_mixin.py:190} INFO - ✅ Données chargées avec succès. Shape: (10453616, 14)
[2026-03-03T10:02:31.670+0000] {logging_mixin.py:190} INFO - 🔧 Début du préprocessing des données...
[2026-03-03T10:02:36.109+0000] {logging_mixin.py:190} INFO - ✅ Préprocessing terminé! Shape final: X(5392, 218), y(5392,)
[2026-03-03T10:02:36.110+0000] {logging_mixin.py:190} INFO - 
==================================================
[2026-03-03T10:02:36.111+0000] {logging_mixin.py:190} INFO - 🤖 ENTRAÎNEMENT DU MODÈLE XGBOOST
[2026-03-03T10:02:36.112+0000] {logging_mixin.py:190} INFO - ==================================================
[2026-03-03T10:02:36.122+0000] {logging_mixin.py:190} INFO - 
🔧 Entraînement du modèle XGBoost...
[2026-03-03T10:02:38.172+0000] {logging_mixin.py:190} INFO - XGBRegressor :
[2026-03-03T10:02:38.191+0000] {logging_mixin.py:190} INFO - train : 0.9401447772979736
[2026-03-03T10:02:38.203+0000] {logging_mixin.py:190} INFO - test  : 0.5381895303726196
[2026-03-03T10:02:38.205+0000] {logging_mixin.py:190} INFO - Meilleurs paramètres XGBRegressor : {'subsample': 0.7, 'n_estimators': 180, 'max_depth': 7, 'learning_rate': 0.05, 'colsample_bytree': 0.7}
[2026-03-03T10:02:38.205+0000] {logging_mixin.py:190} INFO - 💾 Sauvegarde du modèle XGBoost...
[2026-03-03T10:02:38.349+0000] {logging_mixin.py:190} INFO - ✅ Modèle XGBoost sauvegardé: /opt/project/src/ml/models/xgb_model_revenue.joblib
[2026-03-03T10:02:38.351+0000] {logging_mixin.py:190} INFO - ✅ Métadonnées sauvegardées: /opt/project/src/ml/models/xgb_metadata_revenue.joblib
[2026-03-03T10:02:38.351+0000] {logging_mixin.py:190} INFO - 📊 Scores - Train: 0.9401, Test: 0.5382
[2026-03-03T10:02:38.352+0000] {logging_mixin.py:190} INFO - 🔧 Features: 218, Échantillons: 5392
[2026-03-03T10:02:38.596+0000] {logging_mixin.py:190} INFO - 
🎉 Entrainement terminé et sauvegardés avec succès pour revenue!
[2026-03-03T10:02:41.128+0000] {logging_mixin.py:190} INFO - 
==================================================
[2026-03-03T10:02:41.129+0000] {logging_mixin.py:190} INFO - 🎯 TRAITEMENT POUR LA VARIABLE CIBLE: POPULARITY
[2026-03-03T10:02:41.130+0000] {logging_mixin.py:190} INFO - ==================================================
[2026-03-03T10:02:41.130+0000] {logging_mixin.py:190} INFO - 🔍 Construction de la requête SQL...
[2026-03-03T10:02:41.131+0000] {logging_mixin.py:190} INFO - 📥 Chargement des données complètes...
[2026-03-03T10:02:41.132+0000] {logging_mixin.py:190} INFO - 🔗 Test de connexion à la base de données...
[2026-03-03T10:02:41.136+0000] {logging_mixin.py:190} INFO - ✅ Connexion PostgreSQL réussie!
[2026-03-03T10:04:12.194+0000] {job.py:229} INFO - Heartbeat recovered after 15.56 seconds
[2026-03-03T10:04:17.267+0000] {job.py:229} INFO - Heartbeat recovered after 15.60 seconds
[2026-03-03T10:04:48.382+0000] {logging_mixin.py:190} INFO - ✅ Données chargées avec succès. Shape: (10453616, 14)
[2026-03-03T10:04:48.383+0000] {logging_mixin.py:190} INFO - 🔧 Début du préprocessing des données...
[2026-03-03T10:04:52.619+0000] {logging_mixin.py:190} INFO - ✅ Préprocessing terminé! Shape final: X(5392, 218), y(5392,)
[2026-03-03T10:04:52.620+0000] {logging_mixin.py:190} INFO - 
==================================================
[2026-03-03T10:04:52.621+0000] {logging_mixin.py:190} INFO - 🤖 ENTRAÎNEMENT DU MODÈLE XGBOOST
[2026-03-03T10:04:52.621+0000] {logging_mixin.py:190} INFO - ==================================================
[2026-03-03T10:04:52.625+0000] {logging_mixin.py:190} INFO - 
🔧 Entraînement du modèle XGBoost...
[2026-03-03T10:04:54.334+0000] {logging_mixin.py:190} INFO - XGBRegressor :
[2026-03-03T10:04:54.348+0000] {logging_mixin.py:190} INFO - train : 0.7497544884681702
[2026-03-03T10:04:54.360+0000] {logging_mixin.py:190} INFO - test  : 0.3516162633895874
[2026-03-03T10:04:54.361+0000] {logging_mixin.py:190} INFO - Meilleurs paramètres XGBRegressor : {'subsample': 0.7, 'n_estimators': 180, 'max_depth': 3, 'learning_rate': 0.05, 'colsample_bytree': 0.7}
[2026-03-03T10:04:54.362+0000] {logging_mixin.py:190} INFO - 💾 Sauvegarde du modèle XGBoost...
[2026-03-03T10:04:54.468+0000] {logging_mixin.py:190} INFO - ✅ Modèle XGBoost sauvegardé: /opt/project/src/ml/models/xgb_model_popularity.joblib
[2026-03-03T10:04:54.469+0000] {logging_mixin.py:190} INFO - ✅ Métadonnées sauvegardées: /opt/project/src/ml/models/xgb_metadata_popularity.joblib
[2026-03-03T10:04:54.470+0000] {logging_mixin.py:190} INFO - 📊 Scores - Train: 0.7498, Test: 0.3516
[2026-03-03T10:04:54.470+0000] {logging_mixin.py:190} INFO - 🔧 Features: 218, Échantillons: 5392
[2026-03-03T10:04:54.667+0000] {logging_mixin.py:190} INFO - 
🎉 Entrainement terminé et sauvegardés avec succès pour popularity!
[2026-03-03T10:04:57.226+0000] {logging_mixin.py:190} INFO - 
==================================================
[2026-03-03T10:04:57.227+0000] {logging_mixin.py:190} INFO - 🎯 TRAITEMENT POUR LA VARIABLE CIBLE: VOTE_AVERAGE
[2026-03-03T10:04:57.228+0000] {logging_mixin.py:190} INFO - ==================================================
[2026-03-03T10:04:57.229+0000] {logging_mixin.py:190} INFO - 🔍 Construction de la requête SQL...
[2026-03-03T10:04:57.229+0000] {logging_mixin.py:190} INFO - 📥 Chargement des données complètes...
[2026-03-03T10:04:57.230+0000] {logging_mixin.py:190} INFO - 🔗 Test de connexion à la base de données...
[2026-03-03T10:04:57.233+0000] {logging_mixin.py:190} INFO - ✅ Connexion PostgreSQL réussie!
[2026-03-03T10:06:07.966+0000] {job.py:229} INFO - Heartbeat recovered after 15.18 seconds
[2026-03-03T10:07:06.400+0000] {logging_mixin.py:190} INFO - ✅ Données chargées avec succès. Shape: (10453616, 14)
[2026-03-03T10:07:06.401+0000] {logging_mixin.py:190} INFO - 🔧 Début du préprocessing des données...
[2026-03-03T10:07:10.387+0000] {logging_mixin.py:190} INFO - ✅ Préprocessing terminé! Shape final: X(5392, 218), y(5392,)
[2026-03-03T10:07:10.388+0000] {logging_mixin.py:190} INFO - 
==================================================
[2026-03-03T10:07:10.389+0000] {logging_mixin.py:190} INFO - 🤖 ENTRAÎNEMENT DU MODÈLE XGBOOST
[2026-03-03T10:07:10.389+0000] {logging_mixin.py:190} INFO - ==================================================
[2026-03-03T10:07:10.393+0000] {logging_mixin.py:190} INFO - 
🔧 Entraînement du modèle XGBoost...
[2026-03-03T10:07:22.623+0000] {logging_mixin.py:190} INFO - XGBRegressor :
[2026-03-03T10:07:22.635+0000] {logging_mixin.py:190} INFO - train : 0.4220705032348633
[2026-03-03T10:07:22.646+0000] {logging_mixin.py:190} INFO - test  : 0.3183861970901489
[2026-03-03T10:07:22.647+0000] {logging_mixin.py:190} INFO - Meilleurs paramètres XGBRegressor : {'subsample': 0.7, 'n_estimators': 180, 'max_depth': 3, 'learning_rate': 0.05, 'colsample_bytree': 0.7}
[2026-03-03T10:07:22.648+0000] {logging_mixin.py:190} INFO - 💾 Sauvegarde du modèle XGBoost...
[2026-03-03T10:07:12.266+0000] {logging_mixin.py:190} INFO - ✅ Modèle XGBoost sauvegardé: /opt/project/src/ml/models/xgb_model_vote_average.joblib
[2026-03-03T10:07:12.267+0000] {logging_mixin.py:190} INFO - ✅ Métadonnées sauvegardées: /opt/project/src/ml/models/xgb_metadata_vote_average.joblib
[2026-03-03T10:07:12.268+0000] {logging_mixin.py:190} INFO - 📊 Scores - Train: 0.4221, Test: 0.3184
[2026-03-03T10:07:12.269+0000] {logging_mixin.py:190} INFO - 🔧 Features: 218, Échantillons: 5392
[2026-03-03T10:07:12.440+0000] {logging_mixin.py:190} INFO - 
🎉 Entrainement terminé et sauvegardés avec succès pour vote_average!
[2026-03-03T10:07:15.027+0000] {logging_mixin.py:190} INFO - 
✅ Entrainement terminé pour toutes les variables cibles.
[2026-03-03T10:07:15.028+0000] {logging_mixin.py:190} INFO - 
⏱️ Temps total d'exécution du script: 409.33 secondes
[2026-03-03T10:07:15.029+0000] {python.py:240} INFO - Done. Returned value was: None
[2026-03-03T10:07:15.040+0000] {taskinstance.py:341} INFO - ::group::Post task execution logs
[2026-03-03T10:07:15.042+0000] {taskinstance.py:353} INFO - Marking task as SUCCESS. dag_id=db_and_model_update, task_id=run_xgb_model_update, run_id=scheduled__2026-02-23T14:00:00+00:00, execution_date=20260223T140000, start_date=20260303T100024, end_date=20260303T100715
[2026-03-03T10:07:15.631+0000] {local_task_job_runner.py:266} INFO - Task exited with return code 0
[2026-03-03T10:07:15.649+0000] {taskinstance.py:3901} INFO - 0 downstream tasks scheduled from follow-on schedule check
[2026-03-03T10:07:15.653+0000] {local_task_job_runner.py:245} INFO - ::endgroup::
