[2026-03-31T18:46:45.295+0000] {local_task_job_runner.py:123} INFO - ::group::Pre task execution logs
[2026-03-31T18:46:45.352+0000] {taskinstance.py:2614} INFO - Dependencies all met for dep_context=non-requeueable deps ti=<TaskInstance: db_and_model_update.run_rf_model_update scheduled__2026-03-23T14:00:00+00:00 [queued]>
[2026-03-31T18:46:45.375+0000] {taskinstance.py:2614} INFO - Dependencies all met for dep_context=requeueable deps ti=<TaskInstance: db_and_model_update.run_rf_model_update scheduled__2026-03-23T14:00:00+00:00 [queued]>
[2026-03-31T18:46:45.381+0000] {taskinstance.py:2867} INFO - Starting attempt 1 of 1
[2026-03-31T18:46:45.412+0000] {taskinstance.py:2890} INFO - Executing <Task(PythonOperator): run_rf_model_update> on 2026-03-23 14:00:00+00:00
[2026-03-31T18:46:45.420+0000] {standard_task_runner.py:72} INFO - Started process 698 to run task
[2026-03-31T18:46:45.425+0000] {standard_task_runner.py:104} INFO - Running: ['***', 'tasks', 'run', 'db_and_model_update', 'run_rf_model_update', 'scheduled__2026-03-23T14:00:00+00:00', '--job-id', '139', '--raw', '--subdir', 'DAGS_FOLDER/db_and_model_update_dag.py', '--cfg-path', '/tmp/tmptw9o10gx']
[2026-03-31T18:46:45.428+0000] {standard_task_runner.py:105} INFO - Job 139: Subtask run_rf_model_update
[2026-03-31T18:46:45.521+0000] {task_command.py:467} INFO - Running <TaskInstance: db_and_model_update.run_rf_model_update scheduled__2026-03-23T14:00:00+00:00 [running]> on host 5a32e08586f8
[2026-03-31T18:46:45.692+0000] {taskinstance.py:3134} INFO - Exporting env vars: AIRFLOW_CTX_DAG_OWNER='***' AIRFLOW_CTX_DAG_ID='db_and_model_update' AIRFLOW_CTX_TASK_ID='run_rf_model_update' AIRFLOW_CTX_EXECUTION_DATE='2026-03-23T14:00:00+00:00' AIRFLOW_CTX_TRY_NUMBER='1' AIRFLOW_CTX_DAG_RUN_ID='scheduled__2026-03-23T14:00:00+00:00'
[2026-03-31T18:46:45.696+0000] {taskinstance.py:732} INFO - ::endgroup::
[2026-03-31T18:46:48.882+0000] {logging_mixin.py:190} INFO - 🔌 Connexion à la base de données...
[2026-03-31T18:46:48.918+0000] {logging_mixin.py:190} INFO - ✅ Connexion réussie!
[2026-03-31T18:46:48.919+0000] {logging_mixin.py:190} INFO - 
==================================================
[2026-03-31T18:46:48.920+0000] {logging_mixin.py:190} INFO - 🎯 TRAITEMENT POUR LA VARIABLE CIBLE: REVENUE
[2026-03-31T18:46:48.920+0000] {logging_mixin.py:190} INFO - ==================================================
[2026-03-31T18:46:48.921+0000] {logging_mixin.py:190} INFO - 🔍 Construction de la requête SQL...
[2026-03-31T18:46:48.922+0000] {logging_mixin.py:190} INFO - 📥 Chargement des données complètes...
[2026-03-31T18:46:48.922+0000] {logging_mixin.py:190} INFO - 🔗 Test de connexion à la base de données...
[2026-03-31T18:46:48.926+0000] {logging_mixin.py:190} INFO - ✅ Connexion PostgreSQL réussie!
[2026-03-31T18:49:20.075+0000] {logging_mixin.py:190} INFO - ✅ Données chargées avec succès. Shape: (10544552, 14)
[2026-03-31T18:49:20.077+0000] {logging_mixin.py:190} INFO - 🔧 Début du préprocessing des données...
[2026-03-31T18:49:24.125+0000] {logging_mixin.py:190} INFO - ✅ Préprocessing terminé! Shape final: X(5445, 218), y(5445,)
[2026-03-31T18:49:24.127+0000] {logging_mixin.py:190} INFO - 
==================================================
[2026-03-31T18:49:24.127+0000] {logging_mixin.py:190} INFO - 🤖 ENTRAÎNEMENT DU MODÈLE RANDOMFOREST
[2026-03-31T18:49:24.128+0000] {logging_mixin.py:190} INFO - ==================================================
[2026-03-31T18:49:24.131+0000] {logging_mixin.py:190} INFO - 
🔧 Entraînement du modèle RandomForest...
[2026-03-31T18:49:24.775+0000] {logging_mixin.py:190} INFO - RandomForest :
[2026-03-31T18:49:24.811+0000] {logging_mixin.py:190} INFO - train : 0.7035383424554896
[2026-03-31T18:49:24.830+0000] {logging_mixin.py:190} INFO - test  : 0.6276840417113094
[2026-03-31T18:49:24.831+0000] {logging_mixin.py:190} INFO - 💾 Sauvegarde du modèle RandomForest...
[2026-03-31T18:49:25.179+0000] {logging_mixin.py:190} INFO - ✅ Modèle RandomForest sauvegardé: /opt/project/src/ml/models/rf_model_revenue.joblib
[2026-03-31T18:49:25.180+0000] {logging_mixin.py:190} INFO - ✅ Métadonnées sauvegardées: /opt/project/src/ml/models/rf_metadata_revenue.joblib
[2026-03-31T18:49:25.180+0000] {logging_mixin.py:190} INFO - 📊 Scores - Train: 0.7035, Test: 0.6277
[2026-03-31T18:49:25.181+0000] {logging_mixin.py:190} INFO - 🔧 Features: 218, Échantillons: 5445
[2026-03-31T18:49:25.397+0000] {logging_mixin.py:190} INFO - 
🎉 Entrainement terminé et sauvegardés avec succès pour revenue!
[2026-03-31T18:49:27.969+0000] {logging_mixin.py:190} INFO - 
==================================================
[2026-03-31T18:49:27.970+0000] {logging_mixin.py:190} INFO - 🎯 TRAITEMENT POUR LA VARIABLE CIBLE: POPULARITY
[2026-03-31T18:49:27.971+0000] {logging_mixin.py:190} INFO - ==================================================
[2026-03-31T18:49:27.972+0000] {logging_mixin.py:190} INFO - 🔍 Construction de la requête SQL...
[2026-03-31T18:49:27.972+0000] {logging_mixin.py:190} INFO - 📥 Chargement des données complètes...
[2026-03-31T18:49:27.973+0000] {logging_mixin.py:190} INFO - 🔗 Test de connexion à la base de données...
[2026-03-31T18:49:27.977+0000] {logging_mixin.py:190} INFO - ✅ Connexion PostgreSQL réussie!
[2026-03-31T18:51:51.874+0000] {logging_mixin.py:190} INFO - ✅ Données chargées avec succès. Shape: (10544552, 14)
[2026-03-31T18:51:51.881+0000] {logging_mixin.py:190} INFO - 🔧 Début du préprocessing des données...
[2026-03-31T18:51:56.170+0000] {logging_mixin.py:190} INFO - ✅ Préprocessing terminé! Shape final: X(5445, 218), y(5445,)
[2026-03-31T18:51:56.171+0000] {logging_mixin.py:190} INFO - 
==================================================
[2026-03-31T18:51:56.172+0000] {logging_mixin.py:190} INFO - 🤖 ENTRAÎNEMENT DU MODÈLE RANDOMFOREST
[2026-03-31T18:51:56.173+0000] {logging_mixin.py:190} INFO - ==================================================
[2026-03-31T18:51:56.178+0000] {logging_mixin.py:190} INFO - 
🔧 Entraînement du modèle RandomForest...
[2026-03-31T18:51:56.521+0000] {logging_mixin.py:190} INFO - RandomForest :
[2026-03-31T18:51:56.559+0000] {logging_mixin.py:190} INFO - train : 0.5026355381190671
[2026-03-31T18:51:56.577+0000] {logging_mixin.py:190} INFO - test  : 0.3919447591395421
[2026-03-31T18:51:56.579+0000] {logging_mixin.py:190} INFO - 💾 Sauvegarde du modèle RandomForest...
[2026-03-31T18:51:56.486+0000] {logging_mixin.py:190} INFO - ✅ Modèle RandomForest sauvegardé: /opt/project/src/ml/models/rf_model_popularity.joblib
[2026-03-31T18:51:56.487+0000] {logging_mixin.py:190} INFO - ✅ Métadonnées sauvegardées: /opt/project/src/ml/models/rf_metadata_popularity.joblib
[2026-03-31T18:51:56.488+0000] {logging_mixin.py:190} INFO - 📊 Scores - Train: 0.5026, Test: 0.3919
[2026-03-31T18:51:56.488+0000] {logging_mixin.py:190} INFO - 🔧 Features: 218, Échantillons: 5445
[2026-03-31T18:51:56.727+0000] {logging_mixin.py:190} INFO - 
🎉 Entrainement terminé et sauvegardés avec succès pour popularity!
[2026-03-31T18:51:59.762+0000] {logging_mixin.py:190} INFO - 
==================================================
[2026-03-31T18:51:59.766+0000] {logging_mixin.py:190} INFO - 🎯 TRAITEMENT POUR LA VARIABLE CIBLE: VOTE_AVERAGE
[2026-03-31T18:51:59.768+0000] {logging_mixin.py:190} INFO - ==================================================
[2026-03-31T18:51:59.770+0000] {logging_mixin.py:190} INFO - 🔍 Construction de la requête SQL...
[2026-03-31T18:51:59.770+0000] {logging_mixin.py:190} INFO - 📥 Chargement des données complètes...
[2026-03-31T18:51:59.772+0000] {logging_mixin.py:190} INFO - 🔗 Test de connexion à la base de données...
[2026-03-31T18:51:59.777+0000] {logging_mixin.py:190} INFO - ✅ Connexion PostgreSQL réussie!
[2026-03-31T18:54:25.309+0000] {logging_mixin.py:190} INFO - ✅ Données chargées avec succès. Shape: (10544552, 14)
[2026-03-31T18:54:25.310+0000] {logging_mixin.py:190} INFO - 🔧 Début du préprocessing des données...
[2026-03-31T18:54:29.480+0000] {logging_mixin.py:190} INFO - ✅ Préprocessing terminé! Shape final: X(5445, 218), y(5445,)
[2026-03-31T18:54:29.481+0000] {logging_mixin.py:190} INFO - 
==================================================
[2026-03-31T18:54:29.482+0000] {logging_mixin.py:190} INFO - 🤖 ENTRAÎNEMENT DU MODÈLE RANDOMFOREST
[2026-03-31T18:54:29.483+0000] {logging_mixin.py:190} INFO - ==================================================
[2026-03-31T18:54:29.487+0000] {logging_mixin.py:190} INFO - 
🔧 Entraînement du modèle RandomForest...
[2026-03-31T18:54:29.840+0000] {logging_mixin.py:190} INFO - RandomForest :
[2026-03-31T18:54:29.874+0000] {logging_mixin.py:190} INFO - train : 0.43442483415007616
[2026-03-31T18:54:29.891+0000] {logging_mixin.py:190} INFO - test  : 0.3135349171885896
[2026-03-31T18:54:29.892+0000] {logging_mixin.py:190} INFO - 💾 Sauvegarde du modèle RandomForest...
[2026-03-31T18:54:30.341+0000] {logging_mixin.py:190} INFO - ✅ Modèle RandomForest sauvegardé: /opt/project/src/ml/models/rf_model_vote_average.joblib
[2026-03-31T18:54:30.342+0000] {logging_mixin.py:190} INFO - ✅ Métadonnées sauvegardées: /opt/project/src/ml/models/rf_metadata_vote_average.joblib
[2026-03-31T18:54:30.344+0000] {logging_mixin.py:190} INFO - 📊 Scores - Train: 0.4344, Test: 0.3135
[2026-03-31T18:54:30.344+0000] {logging_mixin.py:190} INFO - 🔧 Features: 218, Échantillons: 5445
[2026-03-31T18:54:30.565+0000] {logging_mixin.py:190} INFO - 
🎉 Entrainement terminé et sauvegardés avec succès pour vote_average!
[2026-03-31T18:54:33.013+0000] {logging_mixin.py:190} INFO - 
✅ Entrainement terminé pour toutes les variables cibles.
[2026-03-31T18:54:33.014+0000] {logging_mixin.py:190} INFO - 
⏱️ Temps total d'exécution du script: 464.13 secondes
[2026-03-31T18:54:33.015+0000] {python.py:240} INFO - Done. Returned value was: None
[2026-03-31T18:54:33.028+0000] {taskinstance.py:341} INFO - ::group::Post task execution logs
[2026-03-31T18:54:33.029+0000] {taskinstance.py:353} INFO - Marking task as SUCCESS. dag_id=db_and_model_update, task_id=run_rf_model_update, run_id=scheduled__2026-03-23T14:00:00+00:00, execution_date=20260323T140000, start_date=20260331T184645, end_date=20260331T185433
[2026-03-31T18:54:33.771+0000] {local_task_job_runner.py:266} INFO - Task exited with return code 0
[2026-03-31T18:54:33.831+0000] {taskinstance.py:3901} INFO - 0 downstream tasks scheduled from follow-on schedule check
[2026-03-31T18:54:33.839+0000] {local_task_job_runner.py:245} INFO - ::endgroup::
