[2026-03-10T08:19:37.839+0000] {local_task_job_runner.py:123} INFO - ::group::Pre task execution logs
[2026-03-10T08:19:37.881+0000] {taskinstance.py:2614} INFO - Dependencies all met for dep_context=non-requeueable deps ti=<TaskInstance: db_and_model_update.run_rf_model_update scheduled__2026-03-02T14:00:00+00:00 [queued]>
[2026-03-10T08:19:37.897+0000] {taskinstance.py:2614} INFO - Dependencies all met for dep_context=requeueable deps ti=<TaskInstance: db_and_model_update.run_rf_model_update scheduled__2026-03-02T14:00:00+00:00 [queued]>
[2026-03-10T08:19:37.898+0000] {taskinstance.py:2867} INFO - Starting attempt 1 of 1
[2026-03-10T08:19:37.913+0000] {taskinstance.py:2890} INFO - Executing <Task(PythonOperator): run_rf_model_update> on 2026-03-02 14:00:00+00:00
[2026-03-10T08:19:37.922+0000] {standard_task_runner.py:72} INFO - Started process 237 to run task
[2026-03-10T08:19:37.926+0000] {standard_task_runner.py:104} INFO - Running: ['***', 'tasks', 'run', 'db_and_model_update', 'run_rf_model_update', 'scheduled__2026-03-02T14:00:00+00:00', '--job-id', '108', '--raw', '--subdir', 'DAGS_FOLDER/db_and_model_update_dag.py', '--cfg-path', '/tmp/tmp84gupgvd']
[2026-03-10T08:19:37.931+0000] {standard_task_runner.py:105} INFO - Job 108: Subtask run_rf_model_update
[2026-03-10T08:19:38.009+0000] {task_command.py:467} INFO - Running <TaskInstance: db_and_model_update.run_rf_model_update scheduled__2026-03-02T14:00:00+00:00 [running]> on host 5a32e08586f8
[2026-03-10T08:19:37.947+0000] {taskinstance.py:3134} INFO - Exporting env vars: AIRFLOW_CTX_DAG_OWNER='***' AIRFLOW_CTX_DAG_ID='db_and_model_update' AIRFLOW_CTX_TASK_ID='run_rf_model_update' AIRFLOW_CTX_EXECUTION_DATE='2026-03-02T14:00:00+00:00' AIRFLOW_CTX_TRY_NUMBER='1' AIRFLOW_CTX_DAG_RUN_ID='scheduled__2026-03-02T14:00:00+00:00'
[2026-03-10T08:19:37.955+0000] {taskinstance.py:732} INFO - ::endgroup::
[2026-03-10T08:19:40.002+0000] {logging_mixin.py:190} INFO - 🔌 Connexion à la base de données...
[2026-03-10T08:19:40.060+0000] {logging_mixin.py:190} INFO - ✅ Connexion réussie!
[2026-03-10T08:19:40.061+0000] {logging_mixin.py:190} INFO - 
==================================================
[2026-03-10T08:19:40.062+0000] {logging_mixin.py:190} INFO - 🎯 TRAITEMENT POUR LA VARIABLE CIBLE: REVENUE
[2026-03-10T08:19:40.063+0000] {logging_mixin.py:190} INFO - ==================================================
[2026-03-10T08:19:40.064+0000] {logging_mixin.py:190} INFO - 🔍 Construction de la requête SQL...
[2026-03-10T08:19:40.064+0000] {logging_mixin.py:190} INFO - 📥 Chargement des données complètes...
[2026-03-10T08:19:40.065+0000] {logging_mixin.py:190} INFO - 🔗 Test de connexion à la base de données...
[2026-03-10T08:19:40.069+0000] {logging_mixin.py:190} INFO - ✅ Connexion PostgreSQL réussie!
[2026-03-10T08:21:59.366+0000] {logging_mixin.py:190} INFO - ✅ Données chargées avec succès. Shape: (10453616, 14)
[2026-03-10T08:21:59.368+0000] {logging_mixin.py:190} INFO - 🔧 Début du préprocessing des données...
[2026-03-10T08:22:03.185+0000] {logging_mixin.py:190} INFO - ✅ Préprocessing terminé! Shape final: X(5392, 218), y(5392,)
[2026-03-10T08:22:03.186+0000] {logging_mixin.py:190} INFO - 
==================================================
[2026-03-10T08:22:03.187+0000] {logging_mixin.py:190} INFO - 🤖 ENTRAÎNEMENT DU MODÈLE RANDOMFOREST
[2026-03-10T08:22:03.187+0000] {logging_mixin.py:190} INFO - ==================================================
[2026-03-10T08:22:03.192+0000] {logging_mixin.py:190} INFO - 
🔧 Entraînement du modèle RandomForest...
[2026-03-10T08:22:16.645+0000] {logging_mixin.py:190} INFO - RandomForest :
[2026-03-10T08:22:16.646+0000] {logging_mixin.py:190} INFO - Meilleurs paramètres RandomForest : {'n_estimators': 180, 'min_samples_split': 10, 'min_samples_leaf': 2, 'max_features': None, 'max_depth': 20}
[2026-03-10T08:22:16.721+0000] {logging_mixin.py:190} INFO - train : 0.845265953567683
[2026-03-10T08:22:16.753+0000] {logging_mixin.py:190} INFO - test  : 0.5552933536848565
[2026-03-10T08:22:16.769+0000] {logging_mixin.py:190} INFO - 
Top 50 features RandomForest :
[2026-03-10T08:22:16.779+0000] {logging_mixin.py:190} INFO -                  feature  importance_pct
0                 budget       68.581987
1                runtime        5.697476
4              month_cos        3.371968
2                   year        3.055235
91     keyword_id_9663.0        1.806491
84     keyword_id_3289.0        1.207369
3              month_sin        1.112782
177   production_id_33.0        0.830622
83     keyword_id_2343.0        0.787201
192  production_id_420.0        0.720783
110  keyword_id_179431.0        0.615055
48               lang_zh        0.552946
111  keyword_id_187056.0        0.482494
52         genre_id_18.0        0.446684
169    production_id_3.0        0.400800
49         genre_id_12.0        0.343809
179   production_id_56.0        0.342001
109  keyword_id_179430.0        0.338877
61        genre_id_878.0        0.323666
176   production_id_25.0        0.320631
147     person_id_5293.0        0.302647
106   keyword_id_18035.0        0.292385
85     keyword_id_4344.0        0.279267
168    production_id_2.0        0.274698
51         genre_id_16.0        0.259911
95     keyword_id_9715.0        0.241159
50         genre_id_14.0        0.235996
76      keyword_id_818.0        0.233715
65      genre_id_10751.0        0.223476
117  keyword_id_325765.0        0.216808
55         genre_id_35.0        0.203776
159    person_id_18918.0        0.192455
185  production_id_174.0        0.191152
64      genre_id_10749.0        0.177532
148     person_id_5469.0        0.160417
54         genre_id_28.0        0.159811
101   keyword_id_10349.0        0.159438
116  keyword_id_325761.0        0.154722
171    production_id_5.0        0.149189
89     keyword_id_6054.0        0.148400
70      keyword_id_242.0        0.141718
194  production_id_491.0        0.135409
127      person_id_500.0        0.135196
193  production_id_444.0        0.130598
164    person_id_51329.0        0.129743
173   production_id_12.0        0.129637
96     keyword_id_9717.0        0.125761
58         genre_id_53.0        0.125305
77      keyword_id_970.0        0.116535
59         genre_id_80.0        0.113093
[2026-03-10T08:22:16.782+0000] {logging_mixin.py:190} INFO - 💾 Sauvegarde du modèle RandomForest...
[2026-03-10T08:22:17.612+0000] {logging_mixin.py:190} INFO - ✅ Modèle RandomForest sauvegardé: /opt/project/src/ml/models/rf_model_revenue.joblib
[2026-03-10T08:22:17.613+0000] {logging_mixin.py:190} INFO - ✅ Métadonnées sauvegardées: /opt/project/src/ml/models/rf_metadata_revenue.joblib
[2026-03-10T08:22:17.614+0000] {logging_mixin.py:190} INFO - 📊 Scores - Train: 0.8453, Test: 0.5553
[2026-03-10T08:22:17.615+0000] {logging_mixin.py:190} INFO - 🔧 Features: 218, Échantillons: 5392
[2026-03-10T08:22:17.805+0000] {logging_mixin.py:190} INFO - 
🎉 Entrainement terminé et sauvegardés avec succès pour revenue!
[2026-03-10T08:22:20.532+0000] {logging_mixin.py:190} INFO - 
==================================================
[2026-03-10T08:22:20.533+0000] {logging_mixin.py:190} INFO - 🎯 TRAITEMENT POUR LA VARIABLE CIBLE: POPULARITY
[2026-03-10T08:22:20.534+0000] {logging_mixin.py:190} INFO - ==================================================
[2026-03-10T08:22:20.534+0000] {logging_mixin.py:190} INFO - 🔍 Construction de la requête SQL...
[2026-03-10T08:22:20.535+0000] {logging_mixin.py:190} INFO - 📥 Chargement des données complètes...
[2026-03-10T08:22:20.535+0000] {logging_mixin.py:190} INFO - 🔗 Test de connexion à la base de données...
[2026-03-10T08:22:20.539+0000] {logging_mixin.py:190} INFO - ✅ Connexion PostgreSQL réussie!
[2026-03-10T08:24:33.478+0000] {job.py:229} INFO - Heartbeat recovered after 17.77 seconds
[2026-03-10T08:24:41.393+0000] {logging_mixin.py:190} INFO - ✅ Données chargées avec succès. Shape: (10453616, 14)
[2026-03-10T08:24:41.394+0000] {logging_mixin.py:190} INFO - 🔧 Début du préprocessing des données...
[2026-03-10T08:24:45.383+0000] {logging_mixin.py:190} INFO - ✅ Préprocessing terminé! Shape final: X(5392, 218), y(5392,)
[2026-03-10T08:24:45.384+0000] {logging_mixin.py:190} INFO - 
==================================================
[2026-03-10T08:24:45.384+0000] {logging_mixin.py:190} INFO - 🤖 ENTRAÎNEMENT DU MODÈLE RANDOMFOREST
[2026-03-10T08:24:45.385+0000] {logging_mixin.py:190} INFO - ==================================================
[2026-03-10T08:24:45.390+0000] {logging_mixin.py:190} INFO - 
🔧 Entraînement du modèle RandomForest...
[2026-03-10T08:24:58.880+0000] {logging_mixin.py:190} INFO - RandomForest :
[2026-03-10T08:24:58.881+0000] {logging_mixin.py:190} INFO - Meilleurs paramètres RandomForest : {'n_estimators': 120, 'min_samples_split': 10, 'min_samples_leaf': 2, 'max_features': None, 'max_depth': None}
[2026-03-10T08:24:58.941+0000] {logging_mixin.py:190} INFO - train : 0.6867321756688041
[2026-03-10T08:24:58.966+0000] {logging_mixin.py:190} INFO - test  : 0.34918536754854457
[2026-03-10T08:24:58.978+0000] {logging_mixin.py:190} INFO - 
Top 50 features RandomForest :
[2026-03-10T08:24:58.982+0000] {logging_mixin.py:190} INFO -                  feature  importance_pct
2                   year       35.810870
0                 budget       25.389963
3              month_sin        8.542767
1                runtime        5.761768
62       genre_id_9648.0        3.392867
4              month_cos        2.790073
177   production_id_33.0        0.971039
137     person_id_2231.0        0.725944
83     keyword_id_2343.0        0.712388
53         genre_id_27.0        0.636309
128      person_id_525.0        0.601159
154    person_id_11874.0        0.599395
106   keyword_id_18035.0        0.582442
49         genre_id_12.0        0.500988
91     keyword_id_9663.0        0.500814
55         genre_id_35.0        0.499613
102   keyword_id_10714.0        0.482379
59         genre_id_80.0        0.456783
58         genre_id_53.0        0.454968
98     keyword_id_9826.0        0.395279
51         genre_id_16.0        0.336718
52         genre_id_18.0        0.329633
61        genre_id_878.0        0.328157
50         genre_id_14.0        0.292832
14               lang_en        0.290265
171    production_id_5.0        0.267080
54         genre_id_28.0        0.258632
94     keyword_id_9714.0        0.257767
109  keyword_id_179430.0        0.245384
70      keyword_id_242.0        0.244526
110  keyword_id_179431.0        0.243954
84     keyword_id_3289.0        0.222251
192  production_id_420.0        0.215774
101   keyword_id_10349.0        0.209983
71      keyword_id_380.0        0.209169
117  keyword_id_325765.0        0.197103
76      keyword_id_818.0        0.195136
64      genre_id_10749.0        0.185316
173   production_id_12.0        0.155142
115  keyword_id_321464.0        0.146534
200  production_id_923.0        0.144703
103   keyword_id_12670.0        0.142660
112  keyword_id_202371.0        0.140385
100   keyword_id_10123.0        0.130458
26               lang_ja        0.127116
120       person_id_85.0        0.125322
95     keyword_id_9715.0        0.125218
168    production_id_2.0        0.120742
169    production_id_3.0        0.120465
170    production_id_4.0        0.113345
[2026-03-10T08:24:58.983+0000] {logging_mixin.py:190} INFO - 💾 Sauvegarde du modèle RandomForest...
[2026-03-10T08:24:59.584+0000] {logging_mixin.py:190} INFO - ✅ Modèle RandomForest sauvegardé: /opt/project/src/ml/models/rf_model_popularity.joblib
[2026-03-10T08:24:59.585+0000] {logging_mixin.py:190} INFO - ✅ Métadonnées sauvegardées: /opt/project/src/ml/models/rf_metadata_popularity.joblib
[2026-03-10T08:24:59.586+0000] {logging_mixin.py:190} INFO - 📊 Scores - Train: 0.6867, Test: 0.3492
[2026-03-10T08:24:59.587+0000] {logging_mixin.py:190} INFO - 🔧 Features: 218, Échantillons: 5392
[2026-03-10T08:24:59.792+0000] {logging_mixin.py:190} INFO - 
🎉 Entrainement terminé et sauvegardés avec succès pour popularity!
[2026-03-10T08:25:02.524+0000] {logging_mixin.py:190} INFO - 
==================================================
[2026-03-10T08:25:02.525+0000] {logging_mixin.py:190} INFO - 🎯 TRAITEMENT POUR LA VARIABLE CIBLE: VOTE_AVERAGE
[2026-03-10T08:25:02.526+0000] {logging_mixin.py:190} INFO - ==================================================
[2026-03-10T08:25:02.527+0000] {logging_mixin.py:190} INFO - 🔍 Construction de la requête SQL...
[2026-03-10T08:25:02.527+0000] {logging_mixin.py:190} INFO - 📥 Chargement des données complètes...
[2026-03-10T08:25:02.528+0000] {logging_mixin.py:190} INFO - 🔗 Test de connexion à la base de données...
[2026-03-10T08:25:02.532+0000] {logging_mixin.py:190} INFO - ✅ Connexion PostgreSQL réussie!
[2026-03-10T08:26:11.471+0000] {job.py:229} INFO - Heartbeat recovered after 17.34 seconds
[2026-03-10T08:27:25.985+0000] {logging_mixin.py:190} INFO - ✅ Données chargées avec succès. Shape: (10453616, 14)
[2026-03-10T08:27:25.987+0000] {logging_mixin.py:190} INFO - 🔧 Début du préprocessing des données...
[2026-03-10T08:27:30.729+0000] {logging_mixin.py:190} INFO - ✅ Préprocessing terminé! Shape final: X(5392, 218), y(5392,)
[2026-03-10T08:27:30.730+0000] {logging_mixin.py:190} INFO - 
==================================================
[2026-03-10T08:27:30.731+0000] {logging_mixin.py:190} INFO - 🤖 ENTRAÎNEMENT DU MODÈLE RANDOMFOREST
[2026-03-10T08:27:30.732+0000] {logging_mixin.py:190} INFO - ==================================================
[2026-03-10T08:27:30.739+0000] {logging_mixin.py:190} INFO - 
🔧 Entraînement du modèle RandomForest...
[2026-03-10T08:27:46.455+0000] {logging_mixin.py:190} INFO - RandomForest :
[2026-03-10T08:27:46.456+0000] {logging_mixin.py:190} INFO - Meilleurs paramètres RandomForest : {'n_estimators': 180, 'min_samples_split': 10, 'min_samples_leaf': 2, 'max_features': None, 'max_depth': 20}
[2026-03-10T08:27:46.145+0000] {logging_mixin.py:190} INFO - train : 0.7202448080132039
[2026-03-10T08:27:46.187+0000] {logging_mixin.py:190} INFO - test  : 0.320587883247906
[2026-03-10T08:27:46.206+0000] {logging_mixin.py:190} INFO - 
Top 50 features RandomForest :
[2026-03-10T08:27:46.212+0000] {logging_mixin.py:190} INFO -                   feature  importance_pct
1                 runtime       30.043810
0                  budget       10.099632
2                    year        8.503986
52          genre_id_18.0        5.911465
51          genre_id_16.0        5.648499
4               month_cos        3.153498
3               month_sin        2.777362
60          genre_id_99.0        1.935253
14                lang_en        1.747820
58          genre_id_53.0        1.144683
55          genre_id_35.0        0.951524
65       genre_id_10751.0        0.909947
92      keyword_id_9672.0        0.850403
76       keyword_id_818.0        0.839315
49          genre_id_12.0        0.772241
53          genre_id_27.0        0.733548
54          genre_id_28.0        0.724954
50          genre_id_14.0        0.640498
64       genre_id_10749.0        0.595162
109   keyword_id_179430.0        0.510217
59          genre_id_80.0        0.504330
95      keyword_id_9715.0        0.503047
62        genre_id_9648.0        0.502210
19                lang_fr        0.484540
111   keyword_id_187056.0        0.466288
89      keyword_id_6054.0        0.450248
61         genre_id_878.0        0.428009
97      keyword_id_9748.0        0.426292
96      keyword_id_9717.0        0.367923
202  production_id_1632.0        0.357478
156     person_id_17211.0        0.346685
21                lang_hi        0.333386
28                lang_ko        0.333208
110   keyword_id_179431.0        0.330143
83      keyword_id_2343.0        0.325292
94      keyword_id_9714.0        0.324361
98      keyword_id_9826.0        0.323528
171     production_id_5.0        0.304116
170     production_id_4.0        0.300459
77       keyword_id_970.0        0.286443
71       keyword_id_380.0        0.281455
108   keyword_id_158718.0        0.281108
70       keyword_id_242.0        0.277922
68        keyword_id_90.0        0.267023
26                lang_ja        0.264540
25                lang_it        0.264529
177    production_id_33.0        0.260368
66       genre_id_10752.0        0.257555
115   keyword_id_321464.0        0.247594
91      keyword_id_9663.0        0.241727
[2026-03-10T08:27:46.213+0000] {logging_mixin.py:190} INFO - 💾 Sauvegarde du modèle RandomForest...
[2026-03-10T08:27:47.431+0000] {logging_mixin.py:190} INFO - ✅ Modèle RandomForest sauvegardé: /opt/project/src/ml/models/rf_model_vote_average.joblib
[2026-03-10T08:27:47.433+0000] {logging_mixin.py:190} INFO - ✅ Métadonnées sauvegardées: /opt/project/src/ml/models/rf_metadata_vote_average.joblib
[2026-03-10T08:27:47.434+0000] {logging_mixin.py:190} INFO - 📊 Scores - Train: 0.7202, Test: 0.3206
[2026-03-10T08:27:47.435+0000] {logging_mixin.py:190} INFO - 🔧 Features: 218, Échantillons: 5392
[2026-03-10T08:27:47.745+0000] {logging_mixin.py:190} INFO - 
🎉 Entrainement terminé et sauvegardés avec succès pour vote_average!
[2026-03-10T08:27:50.541+0000] {logging_mixin.py:190} INFO - 
✅ Entrainement terminé pour toutes les variables cibles.
[2026-03-10T08:27:50.542+0000] {logging_mixin.py:190} INFO - 
⏱️ Temps total d'exécution du script: 490.54 secondes
[2026-03-10T08:27:50.543+0000] {python.py:240} INFO - Done. Returned value was: None
[2026-03-10T08:27:50.556+0000] {taskinstance.py:341} INFO - ::group::Post task execution logs
[2026-03-10T08:27:50.557+0000] {taskinstance.py:353} INFO - Marking task as SUCCESS. dag_id=db_and_model_update, task_id=run_rf_model_update, run_id=scheduled__2026-03-02T14:00:00+00:00, execution_date=20260302T140000, start_date=20260310T081937, end_date=20260310T082750
[2026-03-10T08:27:51.218+0000] {local_task_job_runner.py:266} INFO - Task exited with return code 0
[2026-03-10T08:27:51.265+0000] {taskinstance.py:3901} INFO - 1 downstream tasks scheduled from follow-on schedule check
[2026-03-10T08:27:51.271+0000] {local_task_job_runner.py:245} INFO - ::endgroup::
