[2026-03-10T08:27:53.873+0000] {local_task_job_runner.py:123} INFO - ::group::Pre task execution logs
[2026-03-10T08:27:53.915+0000] {taskinstance.py:2614} INFO - Dependencies all met for dep_context=non-requeueable deps ti=<TaskInstance: db_and_model_update.run_xgb_model_update scheduled__2026-03-02T14:00:00+00:00 [queued]>
[2026-03-10T08:27:53.927+0000] {taskinstance.py:2614} INFO - Dependencies all met for dep_context=requeueable deps ti=<TaskInstance: db_and_model_update.run_xgb_model_update scheduled__2026-03-02T14:00:00+00:00 [queued]>
[2026-03-10T08:27:53.928+0000] {taskinstance.py:2867} INFO - Starting attempt 1 of 1
[2026-03-10T08:27:53.945+0000] {taskinstance.py:2890} INFO - Executing <Task(PythonOperator): run_xgb_model_update> on 2026-03-02 14:00:00+00:00
[2026-03-10T08:27:53.953+0000] {standard_task_runner.py:72} INFO - Started process 405 to run task
[2026-03-10T08:27:53.957+0000] {standard_task_runner.py:104} INFO - Running: ['***', 'tasks', 'run', 'db_and_model_update', 'run_xgb_model_update', 'scheduled__2026-03-02T14:00:00+00:00', '--job-id', '109', '--raw', '--subdir', 'DAGS_FOLDER/db_and_model_update_dag.py', '--cfg-path', '/tmp/tmp8_glayjr']
[2026-03-10T08:27:53.961+0000] {standard_task_runner.py:105} INFO - Job 109: Subtask run_xgb_model_update
[2026-03-10T08:27:54.067+0000] {task_command.py:467} INFO - Running <TaskInstance: db_and_model_update.run_xgb_model_update scheduled__2026-03-02T14:00:00+00:00 [running]> on host 5a32e08586f8
[2026-03-10T08:27:54.194+0000] {taskinstance.py:3134} INFO - Exporting env vars: AIRFLOW_CTX_DAG_OWNER='***' AIRFLOW_CTX_DAG_ID='db_and_model_update' AIRFLOW_CTX_TASK_ID='run_xgb_model_update' AIRFLOW_CTX_EXECUTION_DATE='2026-03-02T14:00:00+00:00' AIRFLOW_CTX_TRY_NUMBER='1' AIRFLOW_CTX_DAG_RUN_ID='scheduled__2026-03-02T14:00:00+00:00'
[2026-03-10T08:27:54.196+0000] {taskinstance.py:732} INFO - ::endgroup::
[2026-03-10T08:27:56.202+0000] {logging_mixin.py:190} INFO - 🔌 Connexion à la base de données...
[2026-03-10T08:27:56.258+0000] {logging_mixin.py:190} INFO - ✅ Connexion réussie!
[2026-03-10T08:27:56.259+0000] {logging_mixin.py:190} INFO - 
==================================================
[2026-03-10T08:27:56.260+0000] {logging_mixin.py:190} INFO - 🎯 TRAITEMENT POUR LA VARIABLE CIBLE: REVENUE
[2026-03-10T08:27:56.261+0000] {logging_mixin.py:190} INFO - ==================================================
[2026-03-10T08:27:56.262+0000] {logging_mixin.py:190} INFO - 🔍 Construction de la requête SQL...
[2026-03-10T08:27:56.263+0000] {logging_mixin.py:190} INFO - 📥 Chargement des données complètes...
[2026-03-10T08:27:56.263+0000] {logging_mixin.py:190} INFO - 🔗 Test de connexion à la base de données...
[2026-03-10T08:27:56.268+0000] {logging_mixin.py:190} INFO - ✅ Connexion PostgreSQL réussie!
[2026-03-10T08:30:24.138+0000] {logging_mixin.py:190} INFO - ✅ Données chargées avec succès. Shape: (10453616, 14)
[2026-03-10T08:30:24.144+0000] {logging_mixin.py:190} INFO - 🔧 Début du préprocessing des données...
[2026-03-10T08:30:28.392+0000] {logging_mixin.py:190} INFO - ✅ Préprocessing terminé! Shape final: X(5392, 218), y(5392,)
[2026-03-10T08:30:28.395+0000] {logging_mixin.py:190} INFO - 
==================================================
[2026-03-10T08:30:28.396+0000] {logging_mixin.py:190} INFO - 🤖 ENTRAÎNEMENT DU MODÈLE XGBOOST
[2026-03-10T08:30:28.397+0000] {logging_mixin.py:190} INFO - ==================================================
[2026-03-10T08:30:28.419+0000] {logging_mixin.py:190} INFO - 
🔧 Entraînement du modèle XGBoost...
[2026-03-10T08:30:30.818+0000] {logging_mixin.py:190} INFO - XGBRegressor :
[2026-03-10T08:30:30.843+0000] {logging_mixin.py:190} INFO - train : 0.9401447772979736
[2026-03-10T08:30:30.856+0000] {logging_mixin.py:190} INFO - test  : 0.5381895303726196
[2026-03-10T08:30:30.859+0000] {logging_mixin.py:190} INFO - Meilleurs paramètres XGBRegressor : {'subsample': 0.7, 'n_estimators': 180, 'max_depth': 7, 'learning_rate': 0.05, 'colsample_bytree': 0.7}
[2026-03-10T08:30:30.860+0000] {logging_mixin.py:190} INFO - 💾 Sauvegarde du modèle XGBoost...
[2026-03-10T08:30:31.043+0000] {logging_mixin.py:190} INFO - ✅ Modèle XGBoost sauvegardé: /opt/project/src/ml/models/xgb_model_revenue.joblib
[2026-03-10T08:30:31.044+0000] {logging_mixin.py:190} INFO - ✅ Métadonnées sauvegardées: /opt/project/src/ml/models/xgb_metadata_revenue.joblib
[2026-03-10T08:30:31.045+0000] {logging_mixin.py:190} INFO - 📊 Scores - Train: 0.9401, Test: 0.5382
[2026-03-10T08:30:31.047+0000] {logging_mixin.py:190} INFO - 🔧 Features: 218, Échantillons: 5392
[2026-03-10T08:30:31.256+0000] {logging_mixin.py:190} INFO - 
🎉 Entrainement terminé et sauvegardés avec succès pour revenue!
[2026-03-10T08:30:33.928+0000] {logging_mixin.py:190} INFO - 
==================================================
[2026-03-10T08:30:33.929+0000] {logging_mixin.py:190} INFO - 🎯 TRAITEMENT POUR LA VARIABLE CIBLE: POPULARITY
[2026-03-10T08:30:33.930+0000] {logging_mixin.py:190} INFO - ==================================================
[2026-03-10T08:30:33.931+0000] {logging_mixin.py:190} INFO - 🔍 Construction de la requête SQL...
[2026-03-10T08:30:33.932+0000] {logging_mixin.py:190} INFO - 📥 Chargement des données complètes...
[2026-03-10T08:30:33.933+0000] {logging_mixin.py:190} INFO - 🔗 Test de connexion à la base de données...
[2026-03-10T08:30:33.937+0000] {logging_mixin.py:190} INFO - ✅ Connexion PostgreSQL réussie!
[2026-03-10T08:33:00.674+0000] {logging_mixin.py:190} INFO - ✅ Données chargées avec succès. Shape: (10453616, 14)
[2026-03-10T08:33:00.676+0000] {logging_mixin.py:190} INFO - 🔧 Début du préprocessing des données...
[2026-03-10T08:33:04.802+0000] {logging_mixin.py:190} INFO - ✅ Préprocessing terminé! Shape final: X(5392, 218), y(5392,)
[2026-03-10T08:33:04.804+0000] {logging_mixin.py:190} INFO - 
==================================================
[2026-03-10T08:33:04.805+0000] {logging_mixin.py:190} INFO - 🤖 ENTRAÎNEMENT DU MODÈLE XGBOOST
[2026-03-10T08:33:04.806+0000] {logging_mixin.py:190} INFO - ==================================================
[2026-03-10T08:33:04.811+0000] {logging_mixin.py:190} INFO - 
🔧 Entraînement du modèle XGBoost...
[2026-03-10T08:33:06.812+0000] {logging_mixin.py:190} INFO - XGBRegressor :
[2026-03-10T08:33:06.826+0000] {logging_mixin.py:190} INFO - train : 0.7497544884681702
[2026-03-10T08:33:06.837+0000] {logging_mixin.py:190} INFO - test  : 0.3516162633895874
[2026-03-10T08:33:06.838+0000] {logging_mixin.py:190} INFO - Meilleurs paramètres XGBRegressor : {'subsample': 0.7, 'n_estimators': 180, 'max_depth': 3, 'learning_rate': 0.05, 'colsample_bytree': 0.7}
[2026-03-10T08:33:06.839+0000] {logging_mixin.py:190} INFO - 💾 Sauvegarde du modèle XGBoost...
[2026-03-10T08:33:06.962+0000] {logging_mixin.py:190} INFO - ✅ Modèle XGBoost sauvegardé: /opt/project/src/ml/models/xgb_model_popularity.joblib
[2026-03-10T08:33:06.963+0000] {logging_mixin.py:190} INFO - ✅ Métadonnées sauvegardées: /opt/project/src/ml/models/xgb_metadata_popularity.joblib
[2026-03-10T08:33:06.964+0000] {logging_mixin.py:190} INFO - 📊 Scores - Train: 0.7498, Test: 0.3516
[2026-03-10T08:33:06.964+0000] {logging_mixin.py:190} INFO - 🔧 Features: 218, Échantillons: 5392
[2026-03-10T08:33:06.655+0000] {logging_mixin.py:190} INFO - 
🎉 Entrainement terminé et sauvegardés avec succès pour popularity!
[2026-03-10T08:33:09.775+0000] {logging_mixin.py:190} INFO - 
==================================================
[2026-03-10T08:33:09.776+0000] {logging_mixin.py:190} INFO - 🎯 TRAITEMENT POUR LA VARIABLE CIBLE: VOTE_AVERAGE
[2026-03-10T08:33:09.778+0000] {logging_mixin.py:190} INFO - ==================================================
[2026-03-10T08:33:09.778+0000] {logging_mixin.py:190} INFO - 🔍 Construction de la requête SQL...
[2026-03-10T08:33:09.779+0000] {logging_mixin.py:190} INFO - 📥 Chargement des données complètes...
[2026-03-10T08:33:09.780+0000] {logging_mixin.py:190} INFO - 🔗 Test de connexion à la base de données...
[2026-03-10T08:33:09.784+0000] {logging_mixin.py:190} INFO - ✅ Connexion PostgreSQL réussie!
[2026-03-10T08:35:34.223+0000] {logging_mixin.py:190} INFO - ✅ Données chargées avec succès. Shape: (10453616, 14)
[2026-03-10T08:35:34.225+0000] {logging_mixin.py:190} INFO - 🔧 Début du préprocessing des données...
[2026-03-10T08:35:38.216+0000] {logging_mixin.py:190} INFO - ✅ Préprocessing terminé! Shape final: X(5392, 218), y(5392,)
[2026-03-10T08:35:38.218+0000] {logging_mixin.py:190} INFO - 
==================================================
[2026-03-10T08:35:38.218+0000] {logging_mixin.py:190} INFO - 🤖 ENTRAÎNEMENT DU MODÈLE XGBOOST
[2026-03-10T08:35:38.219+0000] {logging_mixin.py:190} INFO - ==================================================
[2026-03-10T08:35:38.224+0000] {logging_mixin.py:190} INFO - 
🔧 Entraînement du modèle XGBoost...
[2026-03-10T08:35:40.466+0000] {logging_mixin.py:190} INFO - XGBRegressor :
[2026-03-10T08:35:40.482+0000] {logging_mixin.py:190} INFO - train : 0.4220705032348633
[2026-03-10T08:35:40.498+0000] {logging_mixin.py:190} INFO - test  : 0.3183861970901489
[2026-03-10T08:35:40.500+0000] {logging_mixin.py:190} INFO - Meilleurs paramètres XGBRegressor : {'subsample': 0.7, 'n_estimators': 180, 'max_depth': 3, 'learning_rate': 0.05, 'colsample_bytree': 0.7}
[2026-03-10T08:35:40.501+0000] {logging_mixin.py:190} INFO - 💾 Sauvegarde du modèle XGBoost...
[2026-03-10T08:35:40.635+0000] {logging_mixin.py:190} INFO - ✅ Modèle XGBoost sauvegardé: /opt/project/src/ml/models/xgb_model_vote_average.joblib
[2026-03-10T08:35:40.636+0000] {logging_mixin.py:190} INFO - ✅ Métadonnées sauvegardées: /opt/project/src/ml/models/xgb_metadata_vote_average.joblib
[2026-03-10T08:35:40.637+0000] {logging_mixin.py:190} INFO - 📊 Scores - Train: 0.4221, Test: 0.3184
[2026-03-10T08:35:40.638+0000] {logging_mixin.py:190} INFO - 🔧 Features: 218, Échantillons: 5392
[2026-03-10T08:35:40.867+0000] {logging_mixin.py:190} INFO - 
🎉 Entrainement terminé et sauvegardés avec succès pour vote_average!
[2026-03-10T08:35:43.539+0000] {logging_mixin.py:190} INFO - 
✅ Entrainement terminé pour toutes les variables cibles.
[2026-03-10T08:35:43.540+0000] {logging_mixin.py:190} INFO - 
⏱️ Temps total d'exécution du script: 467.34 secondes
[2026-03-10T08:35:43.541+0000] {python.py:240} INFO - Done. Returned value was: None
[2026-03-10T08:35:43.555+0000] {taskinstance.py:341} INFO - ::group::Post task execution logs
[2026-03-10T08:35:43.557+0000] {taskinstance.py:353} INFO - Marking task as SUCCESS. dag_id=db_and_model_update, task_id=run_xgb_model_update, run_id=scheduled__2026-03-02T14:00:00+00:00, execution_date=20260302T140000, start_date=20260310T082753, end_date=20260310T083543
[2026-03-10T08:35:44.457+0000] {local_task_job_runner.py:266} INFO - Task exited with return code 0
[2026-03-10T08:35:44.486+0000] {taskinstance.py:3901} INFO - 0 downstream tasks scheduled from follow-on schedule check
[2026-03-10T08:35:44.491+0000] {local_task_job_runner.py:245} INFO - ::endgroup::
